Archive member included to satisfy reference by file (symbol)

C:\Users\Thomas\Documents\LPCXpresso_8.2.2_650\workspace\lpc_board_keil_mcb_1857\Debug\liblpc_board_keil_mcb_1857.a(board.o)
                              ./example/src/uart.o (Board_UART_Init)
C:\Users\Thomas\Documents\LPCXpresso_8.2.2_650\workspace\lpc_board_keil_mcb_1857\Debug\liblpc_board_keil_mcb_1857.a(board_sysinit.o)
                              ./example/src/sysinit.o (Board_SystemInit)
C:\Users\Thomas\Documents\LPCXpresso_8.2.2_650\workspace\lpc_board_keil_mcb_1857\Debug\liblpc_board_keil_mcb_1857.a(uda1380.o)
                              C:\Users\Thomas\Documents\LPCXpresso_8.2.2_650\workspace\lpc_board_keil_mcb_1857\Debug\liblpc_board_keil_mcb_1857.a(board.o) (UDA1380_Init)
C:\Users\Thomas\Documents\LPCXpresso_8.2.2_650\workspace\lpc_chip_18xx\Debug\liblpc_chip_18xx.a(chip_18xx_43xx.o)
                              ./freertos/src/port.o (SystemCoreClock)
C:\Users\Thomas\Documents\LPCXpresso_8.2.2_650\workspace\lpc_chip_18xx\Debug\liblpc_chip_18xx.a(clock_18xx_43xx.o)
                              C:\Users\Thomas\Documents\LPCXpresso_8.2.2_650\workspace\lpc_chip_18xx\Debug\liblpc_chip_18xx.a(chip_18xx_43xx.o) (Chip_Clock_GetClockInputHz)
C:\Users\Thomas\Documents\LPCXpresso_8.2.2_650\workspace\lpc_chip_18xx\Debug\liblpc_chip_18xx.a(emc_18xx_43xx.o)
                              C:\Users\Thomas\Documents\LPCXpresso_8.2.2_650\workspace\lpc_board_keil_mcb_1857\Debug\liblpc_board_keil_mcb_1857.a(board_sysinit.o) (Chip_EMC_Dynamic_Init)
C:\Users\Thomas\Documents\LPCXpresso_8.2.2_650\workspace\lpc_chip_18xx\Debug\liblpc_chip_18xx.a(gpio_18xx_43xx.o)
                              C:\Users\Thomas\Documents\LPCXpresso_8.2.2_650\workspace\lpc_board_keil_mcb_1857\Debug\liblpc_board_keil_mcb_1857.a(board.o) (Chip_GPIO_Init)
C:\Users\Thomas\Documents\LPCXpresso_8.2.2_650\workspace\lpc_chip_18xx\Debug\liblpc_chip_18xx.a(i2c_18xx_43xx.o)
                              C:\Users\Thomas\Documents\LPCXpresso_8.2.2_650\workspace\lpc_board_keil_mcb_1857\Debug\liblpc_board_keil_mcb_1857.a(board.o) (Chip_I2C_EventHandlerPolling)
C:\Users\Thomas\Documents\LPCXpresso_8.2.2_650\workspace\lpc_chip_18xx\Debug\liblpc_chip_18xx.a(i2s_18xx_43xx.o)
                              C:\Users\Thomas\Documents\LPCXpresso_8.2.2_650\workspace\lpc_board_keil_mcb_1857\Debug\liblpc_board_keil_mcb_1857.a(board.o) (Chip_I2S_Init)
C:\Users\Thomas\Documents\LPCXpresso_8.2.2_650\workspace\lpc_chip_18xx\Debug\liblpc_chip_18xx.a(ssp_18xx_43xx.o)
                              C:\Users\Thomas\Documents\LPCXpresso_8.2.2_650\workspace\lpc_board_keil_mcb_1857\Debug\liblpc_board_keil_mcb_1857.a(board.o) (Chip_SSP_WriteFrames_Blocking)
C:\Users\Thomas\Documents\LPCXpresso_8.2.2_650\workspace\lpc_chip_18xx\Debug\liblpc_chip_18xx.a(sysinit_18xx_43xx.o)
                              C:\Users\Thomas\Documents\LPCXpresso_8.2.2_650\workspace\lpc_board_keil_mcb_1857\Debug\liblpc_board_keil_mcb_1857.a(board_sysinit.o) (Chip_SetupCoreClock)
C:\Users\Thomas\Documents\LPCXpresso_8.2.2_650\workspace\lpc_chip_18xx\Debug\liblpc_chip_18xx.a(uart_18xx_43xx.o)
                              ./example/src/uart.o (Chip_UART_Init)
C:\Users\Thomas\Documents\LPCXpresso_8.2.2_650\workspace\lpc_chip_18xx\Debug\liblpc_chip_18xx.a(ring_buffer.o)
                              C:\Users\Thomas\Documents\LPCXpresso_8.2.2_650\workspace\lpc_chip_18xx\Debug\liblpc_chip_18xx.a(uart_18xx_43xx.o) (RingBuffer_Insert)
c:/nxp/lpcxpresso_8.2.2_650/lpcxpresso/tools/bin/../lib/gcc/arm-none-eabi/5.4.1/../../../../arm-none-eabi/lib/armv7-m\libcr_nohost.a(_cr__main.o)
                              ./example/src/cr_startup_lpc18xx.o (__main)
c:/nxp/lpcxpresso_8.2.2_650/lpcxpresso/tools/bin/../lib/gcc/arm-none-eabi/5.4.1/../../../../arm-none-eabi/lib/armv7-m\libcr_c.a(memcpy.o)
                              ./freertos/src/queue.o (memcpy)
c:/nxp/lpcxpresso_8.2.2_650/lpcxpresso/tools/bin/../lib/gcc/arm-none-eabi/5.4.1/../../../../arm-none-eabi/lib/armv7-m\libcr_c.a(memset.o)
                              ./freertos/src/tasks.o (memset)
c:/nxp/lpcxpresso_8.2.2_650/lpcxpresso/tools/bin/../lib/gcc/arm-none-eabi/5.4.1/../../../../arm-none-eabi/lib/armv7-m\libcr_c.a(alloc.o)
                              ./freertos/src/heap_3.o (malloc)
c:/nxp/lpcxpresso_8.2.2_650/lpcxpresso/tools/bin/../lib/gcc/arm-none-eabi/5.4.1/../../../../arm-none-eabi/lib/armv7-m\libcr_c.a(fpprintf.o)
                              ./freertos/src/FreeRTOSCommonHooks.o (printf)
c:/nxp/lpcxpresso_8.2.2_650/lpcxpresso/tools/bin/../lib/gcc/arm-none-eabi/5.4.1/../../../../arm-none-eabi/lib/armv7-m\libcr_c.a(initio.o)
                              c:/nxp/lpcxpresso_8.2.2_650/lpcxpresso/tools/bin/../lib/gcc/arm-none-eabi/5.4.1/../../../../arm-none-eabi/lib/armv7-m\libcr_nohost.a(_cr__main.o) (_initio)
c:/nxp/lpcxpresso_8.2.2_650/lpcxpresso/tools/bin/../lib/gcc/arm-none-eabi/5.4.1/../../../../arm-none-eabi/lib/armv7-m\libcr_c.a(printf.o)
[...]
Memory Configuration

Name             Origin             Length             Attributes
MFlashA512       0x1a000000         0x00080000         xr
MFlashB512       0x1b000000         0x00080000         xr
RamLoc32         0x10000000         0x00008000         xrw
RamLoc40         0x10080000         0x0000a000         xrw
RamAHB32         0x20000000         0x00008000         xrw
RamAHB16         0x20008000         0x00004000         xrw
RamAHB_ETB16     0x2000c000         0x00004000         xrw
*default*        0x00000000         0xffffffff

Linker script and memory map

LOAD ./freertos/src/FreeRTOSCommonHooks.o
LOAD ./freertos/src/croutine.o
LOAD ./freertos/src/event_groups.o
LOAD ./freertos/src/heap_3.o
LOAD ./freertos/src/list.o
LOAD ./freertos/src/port.o
LOAD ./freertos/src/queue.o
LOAD ./freertos/src/tasks.o
LOAD ./freertos/src/timers.o
LOAD ./example/src/cr_startup_lpc18xx.o
LOAD ./example/src/sysinit.o
LOAD ./example/src/uart.o
LOAD C:\Users\Thomas\Documents\LPCXpresso_8.2.2_650\workspace\lpc_board_keil_mcb_1857\Debug\liblpc_board_keil_mcb_1857.a
LOAD C:\Users\Thomas\Documents\LPCXpresso_8.2.2_650\workspace\lpc_chip_18xx\Debug\liblpc_chip_18xx.a
START GROUP
LOAD c:/nxp/lpcxpresso_8.2.2_650/lpcxpresso/tools/bin/../lib/gcc/arm-none-eabi/5.4.1/../../../../arm-none-eabi/lib/armv7-m\libcr_nohost.a
LOAD c:/nxp/lpcxpresso_8.2.2_650/lpcxpresso/tools/bin/../lib/gcc/arm-none-eabi/5.4.1/../../../../arm-none-eabi/lib/armv7-m\libcr_c.a
LOAD c:/nxp/lpcxpresso_8.2.2_650/lpcxpresso/tools/bin/../lib/gcc/arm-none-eabi/5.4.1/armv7-m\libcr_eabihelpers.a
END GROUP
                0x1a000000                __base_MFlashA512 = 0x1a000000
                0x1a000000                __base_Flash = 0x1a000000
                0x1a080000                __top_MFlashA512 = 0x1a080000
                0x1a080000                __top_Flash = 0x1a080000
                0x1b000000                __base_MFlashB512 = 0x1b000000
                0x1b000000                __base_Flash2 = 0x1b000000
                0x1b080000                __top_MFlashB512 = 0x1b080000
                0x1b080000                __top_Flash2 = 0x1b080000
                0x10000000                __base_RamLoc32 = 0x10000000
                0x10000000                __base_RAM = 0x10000000
                0x10008000                __top_RamLoc32 = 0x10008000
                0x10008000                __top_RAM = 0x10008000
                0x10080000                __base_RamLoc40 = 0x10080000
                0x10080000                __base_RAM2 = 0x10080000
                0x1008a000                __top_RamLoc40 = 0x1008a000
                0x1008a000                __top_RAM2 = 0x1008a000
                0x20000000                __base_RamAHB32 = 0x20000000
                0x20000000                __base_RAM3 = 0x20000000
                0x20008000                __top_RamAHB32 = 0x20008000
                0x20008000                __top_RAM3 = 0x20008000
                0x20008000                __base_RamAHB16 = 0x20008000
                0x20008000                __base_RAM4 = 0x20008000
                0x2000c000                __top_RamAHB16 = 0x2000c000
                0x2000c000                __top_RAM4 = 0x2000c000
                0x2000c000                __base_RamAHB_ETB16 = 0x2000c000
                0x2000c000                __base_RAM5 = 0x2000c000
                0x20010000                __top_RamAHB_ETB16 = 0x20010000
                0x20010000                __top_RAM5 = 0x20010000

.text_Flash2    0x1b000000        0x0
 FILL mask 0xff
 *(.text_Flash2*)
 *(.text_MFlashB512*)
 *(.text.$Flash2*)
 *(.text.$MFlashB512*)
 *(.rodata.$Flash2*)
 *(.rodata.$MFlashB512*)

.text           0x1a000000     0x6210
 FILL mask 0xff
                0x1a000000                __vectors_start__ = ABSOLUTE (.)
 *(.isr_vector)
 .isr_vector    0x1a000000      0x114 ./example/src/cr_startup_lpc18xx.o
                0x1a000000                g_pfnVectors
                0x1a000114                . = ALIGN (0x4)
                0x1a000114                __section_table_start = .
                0x1a000114                __data_section_table = .
                0x1a000114        0x4 LONG 0x1a006210 LOADADDR (.data)
                0x1a000118        0x4 LONG 0x10000000 ADDR (.data)
                0x1a00011c        0x4 LONG 0x8 SIZEOF (.data)
                0x1a000120        0x4 LONG 0x1a006210 LOADADDR (.data_RAM2)
                0x1a000124        0x4 LONG 0x10080000 ADDR (.data_RAM2)
                0x1a000128        0x4 LONG 0x0 SIZEOF (.data_RAM2)
                0x1a00012c        0x4 LONG 0x1a006210 LOADADDR (.data_RAM3)
                0x1a000130        0x4 LONG 0x20000000 ADDR (.data_RAM3)
                0x1a000134        0x4 LONG 0x0 SIZEOF (.data_RAM3)
                0x1a000138        0x4 LONG 0x1a006210 LOADADDR (.data_RAM4)
                0x1a00013c        0x4 LONG 0x20008000 ADDR (.data_RAM4)
                0x1a000140        0x4 LONG 0x0 SIZEOF (.data_RAM4)
                0x1a000144        0x4 LONG 0x1a006210 LOADADDR (.data_RAM5)
                0x1a000148        0x4 LONG 0x2000c000 ADDR (.data_RAM5)
                0x1a00014c        0x4 LONG 0x0 SIZEOF (.data_RAM5)
                0x1a000150                __data_section_table_end = .
                0x1a000150                __bss_section_table = .
                0x1a000150        0x4 LONG 0x10000008 ADDR (.bss)
                0x1a000154        0x4 LONG 0x2b4 SIZEOF (.bss)
                0x1a000158        0x4 LONG 0x10080000 ADDR (.bss_RAM2)
                0x1a00015c        0x4 LONG 0x0 SIZEOF (.bss_RAM2)
                0x1a000160        0x4 LONG 0x20000000 ADDR (.bss_RAM3)
                0x1a000164        0x4 LONG 0x0 SIZEOF (.bss_RAM3)
                0x1a000168        0x4 LONG 0x20008000 ADDR (.bss_RAM4)
                0x1a00016c        0x4 LONG 0x0 SIZEOF (.bss_RAM4)
                0x1a000170        0x4 LONG 0x2000c000 ADDR (.bss_RAM5)
                0x1a000174        0x4 LONG 0x0 SIZEOF (.bss_RAM5)
                0x1a000178                __bss_section_table_end = .
                0x1a000178                __section_table_end = .
 *(.after_vectors*)
 .after_vectors
                0x1a000178       0xcc ./example/src/cr_startup_lpc18xx.o
                0x1a000178                data_init
                0x1a0001bc                bss_init
                0x1a0001f4                NMI_Handler
                0x1a0001fc                HardFault_Handler
                0x1a000204                MemManage_Handler
                0x1a00020c                BusFault_Handler
                0x1a000214                UsageFault_Handler
                0x1a000224                DebugMon_Handler
                0x1a00023c                I2C0_IRQHandler
                0x1a00023c                I2C1_IRQHandler
                0x1a00023c                UART1_IRQHandler
                0x1a00023c                GPIO5_IRQHandler
                0x1a00023c                CAN1_IRQHandler
                0x1a00023c                ATIMER_IRQHandler
                0x1a00023c                I2S0_IRQHandler
                0x1a00023c                TIMER3_IRQHandler
                0x1a00023c                UART0_IRQHandler
                0x1a00023c                FLASH_EEPROM_IRQHandler
                0x1a00023c                SGPIO_IRQHandler
                0x1a00023c                RIT_IRQHandler
                0x1a00023c                USB1_IRQHandler
                0x1a00023c                GPIO6_IRQHandler
                0x1a00023c                IntDefaultHandler
                0x1a00023c                GPIO1_IRQHandler
                0x1a00023c                SSP0_IRQHandler
                0x1a00023c                ADC1_IRQHandler
                0x1a00023c                RTC_IRQHandler
                0x1a00023c                TIMER0_IRQHandler
                0x1a00023c                LCD_IRQHandler
                0x1a00023c                SDIO_IRQHandler
                0x1a00023c                TIMER1_IRQHandler
                0x1a00023c                UART2_IRQHandler
                0x1a00023c                GPIO2_IRQHandler
                0x1a00023c                I2S1_IRQHandler
                0x1a00023c                SSP1_IRQHandler
                0x1a00023c                USB0_IRQHandler
                0x1a00023c                GPIO3_IRQHandler
                0x1a00023c                SCT_IRQHandler
                0x1a00023c                ADC0_IRQHandler
                0x1a00023c                WDT_IRQHandler
                0x1a00023c                GPIO7_IRQHandler
                0x1a00023c                SPIFI_IRQHandler
                0x1a00023c                QEI_IRQHandler
                0x1a00023c                ETH_IRQHandler
                0x1a00023c                CAN0_IRQHandler
                0x1a00023c                GINT0_IRQHandler
                0x1a00023c                DAC_IRQHandler
                0x1a00023c                GPIO0_IRQHandler
                0x1a00023c                DMA_IRQHandler
                0x1a00023c                EVRT_IRQHandler
                0x1a00023c                TIMER2_IRQHandler
                0x1a00023c                UART3_IRQHandler
                0x1a00023c                MCPWM_IRQHandler
                0x1a00023c                GINT1_IRQHandler
                0x1a00023c                GPIO4_IRQHandler
 *(.text*)
 .text.vApplicationIdleHook
                0x1a000244       0x10 ./freertos/src/FreeRTOSCommonHooks.o
                0x1a000244                vApplicationIdleHook
 .text.pvPortMalloc
                0x1a000254       0x24 ./freertos/src/heap_3.o
                0x1a000254                pvPortMalloc
 .text.vPortFree
                0x1a000278       0x24 ./freertos/src/heap_3.o
                0x1a000278                vPortFree
 .text.vListInitialise
                0x1a00029c       0x40 ./freertos/src/list.o
                0x1a00029c                vListInitialise
 .text.vListInitialiseItem
                0x1a0002dc       0x18 ./freertos/src/list.o
                0x1a0002dc                vListInitialiseItem
 .text.vListInsertEnd
                0x1a0002f4       0x48 ./freertos/src/list.o
                0x1a0002f4                vListInsertEnd
 .text.vListInsert
                0x1a00033c       0x70 ./freertos/src/list.o
                0x1a00033c                vListInsert
 .text.uxListRemove
                0x1a0003ac       0x54 ./freertos/src/list.o
                0x1a0003ac                uxListRemove
 .text.pxPortInitialiseStack
                0x1a000400       0x54 ./freertos/src/port.o
                0x1a000400                pxPortInitialiseStack
 .text.prvTaskExitError
                0x1a000454        0xc ./freertos/src/port.o
 .text.SVC_Handler
                0x1a000460       0x28 ./freertos/src/port.o
                0x1a000460                SVC_Handler
 .text.prvPortStartFirstTask
                0x1a000488       0x20 ./freertos/src/port.o
 .text.xPortStartScheduler
                0x1a0004a8       0x3c ./freertos/src/port.o
                0x1a0004a8                xPortStartScheduler
 .text.vPortYield
                0x1a0004e4       0x20 ./freertos/src/port.o
                0x1a0004e4                vPortYield
 .text.vPortEnterCritical
                0x1a000504       0x24 ./freertos/src/port.o
                0x1a000504                vPortEnterCritical
 .text.vPortExitCritical
                0x1a000528       0x24 ./freertos/src/port.o
                0x1a000528                vPortExitCritical
 .text.ulPortSetInterruptMask
                0x1a00054c       0x14 ./freertos/src/port.o
                0x1a00054c                ulPortSetInterruptMask
 .text.vPortClearInterruptMask
                0x1a000560        0x8 ./freertos/src/port.o
                0x1a000560                vPortClearInterruptMask
 .text.PendSV_Handler
                0x1a000568       0x48 ./freertos/src/port.o
                0x1a000568                PendSV_Handler
 .text.SysTick_Handler
                0x1a0005b0       0x28 ./freertos/src/port.o
                0x1a0005b0                SysTick_Handler
 .text.vPortSuppressTicksAndSleep
                0x1a0005d8      0x17c ./freertos/src/port.o
                0x1a0005d8                vPortSuppressTicksAndSleep
 .text.vPortSetupTimerInterrupt
                0x1a000754       0x78 ./freertos/src/port.o
                0x1a000754                vPortSetupTimerInterrupt
 .text.xQueueCreateMutex
                0x1a0007cc       0x84 ./freertos/src/queue.o
                0x1a0007cc                xQueueCreateMutex
 .text.xQueueGenericSend
                0x1a000850      0x110 ./freertos/src/queue.o
                0x1a000850                xQueueGenericSend
 .text.xQueueGenericReceive
                0x1a000960      0x16c ./freertos/src/queue.o
                0x1a000960                xQueueGenericReceive
 .text.prvCopyDataToQueue
                0x1a000acc       0xd0 ./freertos/src/queue.o
 .text.prvCopyDataFromQueue
                0x1a000b9c       0x4c ./freertos/src/queue.o
 .text.prvUnlockQueue
                0x1a000be8       0x98 ./freertos/src/queue.o
 .text.prvIsQueueEmpty
                0x1a000c80       0x2c ./freertos/src/queue.o
 .text.prvIsQueueFull
                0x1a000cac       0x30 ./freertos/src/queue.o
 .text.xTaskGenericCreate
                0x1a000cdc      0x140 ./freertos/src/tasks.o
                0x1a000cdc                xTaskGenericCreate
 .text.vTaskDelay
                0x1a000e1c       0x54 ./freertos/src/tasks.o
                0x1a000e1c                vTaskDelay
 .text.vTaskStartScheduler
                0x1a000e70       0x58 ./freertos/src/tasks.o
                0x1a000e70                vTaskStartScheduler
 .text.vTaskSuspendAll
                0x1a000ec8       0x1c ./freertos/src/tasks.o
                0x1a000ec8                vTaskSuspendAll
 .text.prvGetExpectedIdleTime
                0x1a000ee4       0x4c ./freertos/src/tasks.o
 .text.xTaskResumeAll
                0x1a000f30       0xfc ./freertos/src/tasks.o
                0x1a000f30                xTaskResumeAll
 .text.vTaskStepTick
                0x1a00102c       0x24 ./freertos/src/tasks.o
                0x1a00102c                vTaskStepTick
 .text.xTaskIncrementTick
                0x1a001050      0x15c ./freertos/src/tasks.o
                0x1a001050                xTaskIncrementTick
 .text.vTaskSwitchContext
                0x1a0011ac       0x98 ./freertos/src/tasks.o
                0x1a0011ac                vTaskSwitchContext
 .text.vTaskPlaceOnEventList
                0x1a001244       0x60 ./freertos/src/tasks.o
                0x1a001244                vTaskPlaceOnEventList
 .text.xTaskRemoveFromEventList
                0x1a0012a4       0xac ./freertos/src/tasks.o
                0x1a0012a4                xTaskRemoveFromEventList
 .text.vTaskSetTimeOutState
                0x1a001350       0x2c ./freertos/src/tasks.o
                0x1a001350                vTaskSetTimeOutState
 .text.xTaskCheckForTimeOut
                0x1a00137c       0x88 ./freertos/src/tasks.o
                0x1a00137c                xTaskCheckForTimeOut
 .text.vTaskMissedYield
                0x1a001404       0x18 ./freertos/src/tasks.o
                0x1a001404                vTaskMissedYield
 .text.prvIdleTask
                0x1a00141c       0x48 ./freertos/src/tasks.o
 .text.eTaskConfirmSleepModeStatus
                0x1a001464       0x5c ./freertos/src/tasks.o
                0x1a001464                eTaskConfirmSleepModeStatus
 .text.prvInitialiseTCBVariables
                0x1a0014c0       0x94 ./freertos/src/tasks.o
 .text.prvInitialiseTaskLists
                0x1a001554       0x80 ./freertos/src/tasks.o
 .text.prvCheckTasksWaitingTermination
                0x1a0015d4       0x78 ./freertos/src/tasks.o
 .text.prvAddCurrentTaskToDelayedList
                0x1a00164c       0x6c ./freertos/src/tasks.o
 .text.prvAllocateTCBAndStack
                0x1a0016b8       0x64 ./freertos/src/tasks.o
 .text.prvDeleteTCB
                0x1a00171c       0x20 ./freertos/src/tasks.o
 .text.prvResetNextTaskUnblockTime
                0x1a00173c       0x48 ./freertos/src/tasks.o
 .text.xTaskGetCurrentTaskHandle
                0x1a001784       0x1c ./freertos/src/tasks.o
                0x1a001784                xTaskGetCurrentTaskHandle
 .text.vTaskPriorityInherit
                0x1a0017a0       0xbc ./freertos/src/tasks.o
                0x1a0017a0                vTaskPriorityInherit
 .text.vTaskPriorityDisinherit
                0x1a00185c       0x84 ./freertos/src/tasks.o
                0x1a00185c                vTaskPriorityDisinherit
 .text.ResetISR
                0x1a0018e0       0xd4 ./example/src/cr_startup_lpc18xx.o
                0x1a0018e0                ResetISR
 .text.SystemInit
                0x1a0019b4       0x24 ./example/src/sysinit.o
                0x1a0019b4                SystemInit
 .text.Chip_UART_TXEnable
                0x1a0019d8       0x18 ./example/src/uart.o
 .text.Chip_UART_SetupFIFOS
                0x1a0019f0       0x1c ./example/src/uart.o
 .text.Chip_UART_ConfigData
                0x1a001a0c       0x1c ./example/src/uart.o
 .text.prvSetupHardware
                0x1a001a28       0x18 ./example/src/uart.o
 .text.vUART_ReadTask1
                0x1a001a40       0xbc ./example/src/uart.o
 .text.vUART_WriteTask2
                0x1a001afc       0xc8 ./example/src/uart.o
 .text.main     0x1a001bc4       0x98 ./example/src/uart.o
                0x1a001bc4                main
 .text.Chip_SCU_PinMuxSet
                0x1a001c5c       0x30 C:\Users\Thomas\Documents\LPCXpresso_8.2.2_650\workspace\lpc_board_keil_mcb_1857\Debug\liblpc_board_keil_mcb_1857.a(board.o)
 .text.Chip_ENET_RMIIEnable
                0x1a001c8c       0x28 C:\Users\Thomas\Documents\LPCXpresso_8.2.2_650\workspace\lpc_board_keil_mcb_1857\Debug\liblpc_board_keil_mcb_1857.a(board.o)
 .text.Chip_GPIO_SetPinState
                0x1a001cb4       0x38 C:\Users\Thomas\Documents\LPCXpresso_8.2.2_650\workspace\lpc_board_keil_mcb_1857\Debug\liblpc_board_keil_mcb_1857.a(board.o)
 .text.Chip_GPIO_SetPinDIROutput
                0x1a001cec       0x3c C:\Users\Thomas\Documents\LPCXpresso_8.2.2_650\workspace\lpc_board_keil_mcb_1857\Debug\liblpc_board_keil_mcb_1857.a(board.o)
 .text.Chip_UART_TXEnable
                0x1a001d28       0x18 C:\Users\Thomas\Documents\LPCXpresso_8.2.2_650\workspace\lpc_board_keil_mcb_1857\Debug\liblpc_board_keil_mcb_1857.a(board.o)
 .text.Chip_UART_SendByte
                0x1a001d40       0x1c C:\Users\Thomas\Documents\LPCXpresso_8.2.2_650\workspace\lpc_board_keil_mcb_1857\Debug\liblpc_board_keil_mcb_1857.a(board.o)
 .text.Chip_UART_ConfigData
                0x1a001d5c       0x1c C:\Users\Thomas\Documents\LPCXpresso_8.2.2_650\workspace\lpc_board_keil_mcb_1857\Debug\liblpc_board_keil_mcb_1857.a(board.o)
 .text.Chip_UART_ReadLineStatus
                0x1a001d78       0x18 C:\Users\Thomas\Documents\LPCXpresso_8.2.2_650\workspace\lpc_board_keil_mcb_1857\Debug\liblpc_board_keil_mcb_1857.a(board.o)
 .text.__sys_write
                0x1a001d90       0x38 C:\Users\Thomas\Documents\LPCXpresso_8.2.2_650\workspace\lpc_board_keil_mcb_1857\Debug\liblpc_board_keil_mcb_1857.a(board.o)
                0x1a001d90                __sys_write
 .text.Board_UART_Init
                0x1a001dc8       0x54 C:\Users\Thomas\Documents\LPCXpresso_8.2.2_650\workspace\lpc_board_keil_mcb_1857\Debug\liblpc_board_keil_mcb_1857.a(board.o)
                0x1a001dc8                Board_UART_Init
 .text.Board_Debug_Init
                0x1a001e1c       0x30 C:\Users\Thomas\Documents\LPCXpresso_8.2.2_650\workspace\lpc_board_keil_mcb_1857\Debug\liblpc_board_keil_mcb_1857.a(board.o)
                0x1a001e1c                Board_Debug_Init
 .text.Board_UARTPutChar
                0x1a001e4c       0x34 C:\Users\Thomas\Documents\LPCXpresso_8.2.2_650\workspace\lpc_board_keil_mcb_1857\Debug\liblpc_board_keil_mcb_1857.a(board.o)
                0x1a001e4c                Board_UARTPutChar
 .text.Board_LED_Init
                0x1a001e80       0x44 C:\Users\Thomas\Documents\LPCXpresso_8.2.2_650\workspace\lpc_board_keil_mcb_1857\Debug\liblpc_board_keil_mcb_1857.a(board.o)
 .text.Board_LED_Set
                0x1a001ec4       0x40 C:\Users\Thomas\Documents\LPCXpresso_8.2.2_650\workspace\lpc_board_keil_mcb_1857\Debug\liblpc_board_keil_mcb_1857.a(board.o)
                0x1a001ec4                Board_LED_Set
 .text.Board_Init
                0x1a001f04       0x44 C:\Users\Thomas\Documents\LPCXpresso_8.2.2_650\workspace\lpc_board_keil_mcb_1857\Debug\liblpc_board_keil_mcb_1857.a(board.o)
                0x1a001f04                Board_Init
 .text.Chip_SCU_PinMuxSet
                0x1a001f48       0x30 C:\Users\Thomas\Documents\LPCXpresso_8.2.2_650\workspace\lpc_board_keil_mcb_1857\Debug\liblpc_board_keil_mcb_1857.a(board_sysinit.o)
 .text.Chip_SCU_ClockPinMuxSet
                0x1a001f78       0x2c C:\Users\Thomas\Documents\LPCXpresso_8.2.2_650\workspace\lpc_board_keil_mcb_1857\Debug\liblpc_board_keil_mcb_1857.a(board_sysinit.o)
 .text.Chip_SCU_SetPinMuxing
                0x1a001fa4       0x4c C:\Users\Thomas\Documents\LPCXpresso_8.2.2_650\workspace\lpc_board_keil_mcb_1857\Debug\liblpc_board_keil_mcb_1857.a(board_sysinit.o)
 .text.Chip_CREG_SetFlashAcceleration
                0x1a001ff0       0x54 C:\Users\Thomas\Documents\LPCXpresso_8.2.2_650\workspace\lpc_board_keil_mcb_1857\Debug\liblpc_board_keil_mcb_1857.a(board_sysinit.o)
 .text.Board_SetupMuxing
                0x1a002044       0x58 C:\Users\Thomas\Documents\LPCXpresso_8.2.2_650\workspace\lpc_board_keil_mcb_1857\Debug\liblpc_board_keil_mcb_1857.a(board_sysinit.o)
                0x1a002044                Board_SetupMuxing
 .text.Board_SetupExtMemory
                0x1a00209c       0x70 C:\Users\Thomas\Documents\LPCXpresso_8.2.2_650\workspace\lpc_board_keil_mcb_1857\Debug\liblpc_board_keil_mcb_1857.a(board_sysinit.o)
                0x1a00209c                Board_SetupExtMemory
 .text.Board_SetupClocking
                0x1a00210c       0xa0 C:\Users\Thomas\Documents\LPCXpresso_8.2.2_650\workspace\lpc_board_keil_mcb_1857\Debug\liblpc_board_keil_mcb_1857.a(board_sysinit.o)
                0x1a00210c                Board_SetupClocking
 .text.Board_SystemInit
                0x1a0021ac       0x14 C:\Users\Thomas\Documents\LPCXpresso_8.2.2_650\workspace\lpc_board_keil_mcb_1857\Debug\liblpc_board_keil_mcb_1857.a(board_sysinit.o)
                0x1a0021ac                Board_SystemInit
 .text.SystemCoreClockUpdate
                0x1a0021c0       0x18 C:\Users\Thomas\Documents\LPCXpresso_8.2.2_650\workspace\lpc_chip_18xx\Debug\liblpc_chip_18xx.a(chip_18xx_43xx.o)
                0x1a0021c0                SystemCoreClockUpdate
 .text.ABS      0x1a0021d8       0x20 C:\Users\Thomas\Documents\LPCXpresso_8.2.2_650\workspace\lpc_chip_18xx\Debug\liblpc_chip_18xx.a(clock_18xx_43xx.o)
 .text.pll_calc_divs
                0x1a0021f8      0x124 C:\Users\Thomas\Documents\LPCXpresso_8.2.2_650\workspace\lpc_chip_18xx\Debug\liblpc_chip_18xx.a(clock_18xx_43xx.o)
 .text.pll_get_frac
                0x1a00231c      0x178 C:\Users\Thomas\Documents\LPCXpresso_8.2.2_650\workspace\lpc_chip_18xx\Debug\liblpc_chip_18xx.a(clock_18xx_43xx.o)
 .text.Chip_Clock_GetDivRate
                0x1a002494       0x40 C:\Users\Thomas\Documents\LPCXpresso_8.2.2_650\workspace\lpc_chip_18xx\Debug\liblpc_chip_18xx.a(clock_18xx_43xx.o)
 .text.Chip_Clock_FindBaseClock
                0x1a0024d4       0x8c C:\Users\Thomas\Documents\LPCXpresso_8.2.2_650\workspace\lpc_chip_18xx\Debug\liblpc_chip_18xx.a(clock_18xx_43xx.o)
 .text.Chip_Clock_EnableCrystal
                0x1a002560       0x6c C:\Users\Thomas\Documents\LPCXpresso_8.2.2_650\workspace\lpc_chip_18xx\Debug\liblpc_chip_18xx.a(clock_18xx_43xx.o)
                0x1a002560                Chip_Clock_EnableCrystal
 .text.Chip_Clock_CalcMainPLLValue
                0x1a0025cc       0xd8 C:\Users\Thomas\Documents\LPCXpresso_8.2.2_650\workspace\lpc_chip_18xx\Debug\liblpc_chip_18xx.a(clock_18xx_43xx.o)
                0x1a0025cc                Chip_Clock_CalcMainPLLValue
 .text.Chip_Clock_GetMainPLLHz
                0x1a0026a4       0xc0 C:\Users\Thomas\Documents\LPCXpresso_8.2.2_650\workspace\lpc_chip_18xx\Debug\liblpc_chip_18xx.a(clock_18xx_43xx.o)
                0x1a0026a4                Chip_Clock_GetMainPLLHz
 .text.Chip_Clock_SetDivider
                0x1a002764       0x84 C:\Users\Thomas\Documents\LPCXpresso_8.2.2_650\workspace\lpc_chip_18xx\Debug\liblpc_chip_18xx.a(clock_18xx_43xx.o)
                0x1a002764                Chip_Clock_SetDivider
 .text.Chip_Clock_GetDividerSource
                0x1a0027e8       0x40 C:\Users\Thomas\Documents\LPCXpresso_8.2.2_650\workspace\lpc_chip_18xx\Debug\liblpc_chip_18xx.a(clock_18xx_43xx.o)
                0x1a0027e8                Chip_Clock_GetDividerSource
 .text.Chip_Clock_GetDividerDivisor
                0x1a002828       0x34 C:\Users\Thomas\Documents\LPCXpresso_8.2.2_650\workspace\lpc_chip_18xx\Debug\liblpc_chip_18xx.a(clock_18xx_43xx.o)
                0x1a002828                Chip_Clock_GetDividerDivisor
 .text.Chip_Clock_GetClockInputHz
                0x1a00285c      0x140 C:\Users\Thomas\Documents\LPCXpresso_8.2.2_650\workspace\lpc_chip_18xx\Debug\liblpc_chip_18xx.a(clock_18xx_43xx.o)
                0x1a00285c                Chip_Clock_GetClockInputHz
 .text.Chip_Clock_GetBaseClocktHz
                0x1a00299c       0x24 C:\Users\Thomas\Documents\LPCXpresso_8.2.2_650\workspace\lpc_chip_18xx\Debug\liblpc_chip_18xx.a(clock_18xx_43xx.o)
                0x1a00299c                Chip_Clock_GetBaseClocktHz
 .text.Chip_Clock_SetBaseClock
                0x1a0029c0       0x9c C:\Users\Thomas\Documents\LPCXpresso_8.2.2_650\workspace\lpc_chip_18xx\Debug\liblpc_chip_18xx.a(clock_18xx_43xx.o)
                0x1a0029c0                Chip_Clock_SetBaseClock
 .text.Chip_Clock_GetBaseClock
                0x1a002a5c       0x4c C:\Users\Thomas\Documents\LPCXpresso_8.2.2_650\workspace\lpc_chip_18xx\Debug\liblpc_chip_18xx.a(clock_18xx_43xx.o)
                0x1a002a5c                Chip_Clock_GetBaseClock
 .text.Chip_Clock_EnableOpts
                0x1a002aa8       0x7c C:\Users\Thomas\Documents\LPCXpresso_8.2.2_650\workspace\lpc_chip_18xx\Debug\liblpc_chip_18xx.a(clock_18xx_43xx.o)
                0x1a002aa8                Chip_Clock_EnableOpts
 .text.Chip_Clock_Enable
                0x1a002b24       0x60 C:\Users\Thomas\Documents\LPCXpresso_8.2.2_650\workspace\lpc_chip_18xx\Debug\liblpc_chip_18xx.a(clock_18xx_43xx.o)
                0x1a002b24                Chip_Clock_Enable
 .text.Chip_Clock_GetRate
                0x1a002b84       0x88 C:\Users\Thomas\Documents\LPCXpresso_8.2.2_650\workspace\lpc_chip_18xx\Debug\liblpc_chip_18xx.a(clock_18xx_43xx.o)
                0x1a002b84                Chip_Clock_GetRate
 .text.Chip_Clock_GetEMCRate
                0x1a002c0c       0x48 C:\Users\Thomas\Documents\LPCXpresso_8.2.2_650\workspace\lpc_chip_18xx\Debug\liblpc_chip_18xx.a(clock_18xx_43xx.o)
                0x1a002c0c                Chip_Clock_GetEMCRate
 .text.convertTimmingParam
                0x1a002c54       0x68 C:\Users\Thomas\Documents\LPCXpresso_8.2.2_650\workspace\lpc_chip_18xx\Debug\liblpc_chip_18xx.a(emc_18xx_43xx.o)
 .text.getColsLen
                0x1a002cbc       0x4c C:\Users\Thomas\Documents\LPCXpresso_8.2.2_650\workspace\lpc_chip_18xx\Debug\liblpc_chip_18xx.a(emc_18xx_43xx.o)
 .text.initDynMem
                0x1a002d08      0x2d0 C:\Users\Thomas\Documents\LPCXpresso_8.2.2_650\workspace\lpc_chip_18xx\Debug\liblpc_chip_18xx.a(emc_18xx_43xx.o)
                0x1a002d08                initDynMem
 .text.initStaticMem
                0x1a002fd8       0xb0 C:\Users\Thomas\Documents\LPCXpresso_8.2.2_650\workspace\lpc_chip_18xx\Debug\liblpc_chip_18xx.a(emc_18xx_43xx.o)
                0x1a002fd8                initStaticMem
 .text.Chip_EMC_Dynamic_Init
                0x1a003088       0x24 C:\Users\Thomas\Documents\LPCXpresso_8.2.2_650\workspace\lpc_chip_18xx\Debug\liblpc_chip_18xx.a(emc_18xx_43xx.o)
                0x1a003088                Chip_EMC_Dynamic_Init
 .text.Chip_EMC_Static_Init
                0x1a0030ac       0x24 C:\Users\Thomas\Documents\LPCXpresso_8.2.2_650\workspace\lpc_chip_18xx\Debug\liblpc_chip_18xx.a(emc_18xx_43xx.o)
                0x1a0030ac                Chip_EMC_Static_Init
 .text.Chip_EMC_Init
                0x1a0030d0       0x4c C:\Users\Thomas\Documents\LPCXpresso_8.2.2_650\workspace\lpc_chip_18xx\Debug\liblpc_chip_18xx.a(emc_18xx_43xx.o)
                0x1a0030d0                Chip_EMC_Init
 .text.Chip_GPIO_Init
                0x1a00311c       0x14 C:\Users\Thomas\Documents\LPCXpresso_8.2.2_650\workspace\lpc_chip_18xx\Debug\liblpc_chip_18xx.a(gpio_18xx_43xx.o)
                0x1a00311c                Chip_GPIO_Init
 .text.Chip_Clock_DisableMainPLL
                0x1a003130       0x1c C:\Users\Thomas\Documents\LPCXpresso_8.2.2_650\workspace\lpc_chip_18xx\Debug\liblpc_chip_18xx.a(sysinit_18xx_43xx.o)
 .text.Chip_Clock_SetupMainPLL
                0x1a00314c       0x40 C:\Users\Thomas\Documents\LPCXpresso_8.2.2_650\workspace\lpc_chip_18xx\Debug\liblpc_chip_18xx.a(sysinit_18xx_43xx.o)
 .text.Chip_Clock_MainPLLLocked
                0x1a00318c       0x24 C:\Users\Thomas\Documents\LPCXpresso_8.2.2_650\workspace\lpc_chip_18xx\Debug\liblpc_chip_18xx.a(sysinit_18xx_43xx.o)
 .text.Chip_SetupCoreClock
                0x1a0031b0      0x15c C:\Users\Thomas\Documents\LPCXpresso_8.2.2_650\workspace\lpc_chip_18xx\Debug\liblpc_chip_18xx.a(sysinit_18xx_43xx.o)
                0x1a0031b0                Chip_SetupCoreClock
 .text.Chip_UART_TXDisable
                0x1a00330c       0x18 C:\Users\Thomas\Documents\LPCXpresso_8.2.2_650\workspace\lpc_chip_18xx\Debug\liblpc_chip_18xx.a(uart_18xx_43xx.o)
 .text.Chip_UART_SendByte
                0x1a003324       0x1c C:\Users\Thomas\Documents\LPCXpresso_8.2.2_650\workspace\lpc_chip_18xx\Debug\liblpc_chip_18xx.a(uart_18xx_43xx.o)
 .text.Chip_UART_ReadByte
                0x1a003340       0x18 C:\Users\Thomas\Documents\LPCXpresso_8.2.2_650\workspace\lpc_chip_18xx\Debug\liblpc_chip_18xx.a(uart_18xx_43xx.o)
 .text.Chip_UART_SetupFIFOS
                0x1a003358       0x1c C:\Users\Thomas\Documents\LPCXpresso_8.2.2_650\workspace\lpc_chip_18xx\Debug\liblpc_chip_18xx.a(uart_18xx_43xx.o)
 .text.Chip_UART_ConfigData
                0x1a003374       0x1c C:\Users\Thomas\Documents\LPCXpresso_8.2.2_650\workspace\lpc_chip_18xx\Debug\liblpc_chip_18xx.a(uart_18xx_43xx.o)
 .text.Chip_UART_EnableDivisorAccess
                0x1a003390       0x20 C:\Users\Thomas\Documents\LPCXpresso_8.2.2_650\workspace\lpc_chip_18xx\Debug\liblpc_chip_18xx.a(uart_18xx_43xx.o)
 .text.Chip_UART_DisableDivisorAccess
                0x1a0033b0       0x20 C:\Users\Thomas\Documents\LPCXpresso_8.2.2_650\workspace\lpc_chip_18xx\Debug\liblpc_chip_18xx.a(uart_18xx_43xx.o)
 .text.Chip_UART_SetDivisorLatches
                0x1a0033d0       0x28 C:\Users\Thomas\Documents\LPCXpresso_8.2.2_650\workspace\lpc_chip_18xx\Debug\liblpc_chip_18xx.a(uart_18xx_43xx.o)
 .text.Chip_UART_ReadLineStatus
                0x1a0033f8       0x18 C:\Users\Thomas\Documents\LPCXpresso_8.2.2_650\workspace\lpc_chip_18xx\Debug\liblpc_chip_18xx.a(uart_18xx_43xx.o)
 .text.Chip_UART_GetIndex
                0x1a003410       0x5c C:\Users\Thomas\Documents\LPCXpresso_8.2.2_650\workspace\lpc_chip_18xx\Debug\liblpc_chip_18xx.a(uart_18xx_43xx.o)
 .text.Chip_UART_Init
                0x1a00346c       0x84 C:\Users\Thomas\Documents\LPCXpresso_8.2.2_650\workspace\lpc_chip_18xx\Debug\liblpc_chip_18xx.a(uart_18xx_43xx.o)
                0x1a00346c                Chip_UART_Init
 .text.Chip_UART_Send
                0x1a0034f0       0x50 C:\Users\Thomas\Documents\LPCXpresso_8.2.2_650\workspace\lpc_chip_18xx\Debug\liblpc_chip_18xx.a(uart_18xx_43xx.o)
                0x1a0034f0                Chip_UART_Send
 .text.Chip_UART_SendBlocking
                0x1a003540       0x4c C:\Users\Thomas\Documents\LPCXpresso_8.2.2_650\workspace\lpc_chip_18xx\Debug\liblpc_chip_18xx.a(uart_18xx_43xx.o)
                0x1a003540                Chip_UART_SendBlocking
 .text.Chip_UART_Read
                0x1a00358c       0x54 C:\Users\Thomas\Documents\LPCXpresso_8.2.2_650\workspace\lpc_chip_18xx\Debug\liblpc_chip_18xx.a(uart_18xx_43xx.o)
                0x1a00358c                Chip_UART_Read
 .text.Chip_UART_SetBaud
                0x1a0035e0       0x6c C:\Users\Thomas\Documents\LPCXpresso_8.2.2_650\workspace\lpc_chip_18xx\Debug\liblpc_chip_18xx.a(uart_18xx_43xx.o)
                0x1a0035e0                Chip_UART_SetBaud
 .text.__main   0x1a00364c       0x14 c:/nxp/lpcxpresso_8.2.2_650/lpcxpresso/tools/bin/../lib/gcc/arm-none-eabi/5.4.1/../../../../arm-none-eabi/lib/armv7-m\libcr_nohost.a(_cr__main.o)
                0x1a00364c                __main
 .text.memcpy   0x1a003660        0x4 c:/nxp/lpcxpresso_8.2.2_650/lpcxpresso/tools/bin/../lib/gcc/arm-none-eabi/5.4.1/../../../../arm-none-eabi/lib/armv7-m\libcr_c.a(memcpy.o)
                0x1a003660                memcpy
 .text.memset   0x1a003664        0x4 c:/nxp/lpcxpresso_8.2.2_650/lpcxpresso/tools/bin/../lib/gcc/arm-none-eabi/5.4.1/../../../../arm-none-eabi/lib/armv7-m\libcr_c.a(memset.o)
                0x1a003664                memset
 .text.malloc   0x1a003668       0xc8 c:/nxp/lpcxpresso_8.2.2_650/lpcxpresso/tools/bin/../lib/gcc/arm-none-eabi/5.4.1/../../../../arm-none-eabi/lib/armv7-m\libcr_c.a(alloc.o)
                0x1a003668                malloc
 .text.free     0x1a003730       0x30 c:/nxp/lpcxpresso_8.2.2_650/lpcxpresso/tools/bin/../lib/gcc/arm-none-eabi/5.4.1/../../../../arm-none-eabi/lib/armv7-m\libcr_c.a(alloc.o)
                0x1a003730                free
 .text._Csys_alloc
                0x1a003760       0x20 c:/nxp/lpcxpresso_8.2.2_650/lpcxpresso/tools/bin/../lib/gcc/arm-none-eabi/5.4.1/../../../../arm-none-eabi/lib/armv7-m\libcr_c.a(alloc.o)
                0x1a003760                _Csys_alloc
 .text.fp_round
                0x1a003780       0x4c c:/nxp/lpcxpresso_8.2.2_650/lpcxpresso/tools/bin/../lib/gcc/arm-none-eabi/5.4.1/../../../../arm-none-eabi/lib/armv7-m\libcr_c.a(fpprintf.o)
 .text.pr_dec.constprop.1
                0x1a0037cc       0x26 c:/nxp/lpcxpresso_8.2.2_650/lpcxpresso/tools/bin/../lib/gcc/arm-none-eabi/5.4.1/../../../../arm-none-eabi/lib/armv7-m\libcr_c.a(fpprintf.o)
 *fill*         0x1a0037f2        0x2 ff
 .text.sprintf  0x1a0037f4       0x6c c:/nxp/lpcxpresso_8.2.2_650/lpcxpresso/tools/bin/../lib/gcc/arm-none-eabi/5.4.1/../../../../arm-none-eabi/lib/armv7-m\libcr_c.a(fpprintf.o)
                0x1a0037f4                sprintf
 .text.fp_display
                0x1a003860      0x8ec c:/nxp/lpcxpresso_8.2.2_650/lpcxpresso/tools/bin/../lib/gcc/arm-none-eabi/5.4.1/../../../../arm-none-eabi/lib/armv7-m\libcr_c.a(fpprintf.o)
 .text.vsnprintf
                0x1a00414c       0x5c c:/nxp/lpcxpresso_8.2.2_650/lpcxpresso/tools/bin/../lib/gcc/arm-none-eabi/5.4.1/../../../../arm-none-eabi/lib/armv7-m\libcr_c.a(fpprintf.o)
                0x1a00414c                vsnprintf
 .text.printf   0x1a0041a8       0x54 c:/nxp/lpcxpresso_8.2.2_650/lpcxpresso/tools/bin/../lib/gcc/arm-none-eabi/5.4.1/../../../../arm-none-eabi/lib/armv7-m\libcr_c.a(fpprintf.o)
                0x1a0041a8                printf
 .text._initio  0x1a0041fc       0xa4 c:/nxp/lpcxpresso_8.2.2_650/lpcxpresso/tools/bin/../lib/gcc/arm-none-eabi/5.4.1/../../../../arm-none-eabi/lib/armv7-m\libcr_c.a(initio.o)
                0x1a0041fc                _initio
 .text.__vfprintf
                0x1a0042a0      0xd28 c:/nxp/lpcxpresso_8.2.2_650/lpcxpresso/tools/bin/../lib/gcc/arm-none-eabi/5.4.1/../../../../arm-none-eabi/lib/armv7-m\libcr_c.a(printf.o)
                0x1a0042a0                __vfprintf
 .text.setvbuf  0x1a004fc8       0x40 c:/nxp/lpcxpresso_8.2.2_650/lpcxpresso/tools/bin/../lib/gcc/arm-none-eabi/5.4.1/../../../../arm-none-eabi/lib/armv7-m\libcr_c.a(setvbuf.o)
                0x1a004fc8                setvbuf
 .text.strlen   0x1a005008       0x4a c:/nxp/lpcxpresso_8.2.2_650/lpcxpresso/tools/bin/../lib/gcc/arm-none-eabi/5.4.1/../../../../arm-none-eabi/lib/armv7-m\libcr_c.a(strlen.o)
                0x1a005008                strlen
 *fill*         0x1a005052        0x2 ff
 .text._sbrk    0x1a005054       0x40 c:/nxp/lpcxpresso_8.2.2_650/lpcxpresso/tools/bin/../lib/gcc/arm-none-eabi/5.4.1/../../../../arm-none-eabi/lib/armv7-m\libcr_c.a(_cr_sbrk.o)
                0x1a005054                _sbrk
 .text._deferredlazyseek
                0x1a005094       0x44 c:/nxp/lpcxpresso_8.2.2_650/lpcxpresso/tools/bin/../lib/gcc/arm-none-eabi/5.4.1/../../../../arm-none-eabi/lib/armv7-m\libcr_c.a(_deferredlazyseek.o)
                0x1a005094                _deferredlazyseek
 .text.__flsbuf
                0x1a0050d8      0x140 c:/nxp/lpcxpresso_8.2.2_650/lpcxpresso/tools/bin/../lib/gcc/arm-none-eabi/5.4.1/../../../../arm-none-eabi/lib/armv7-m\libcr_c.a(_deferredlazyseek.o)
                0x1a0050d8                __flsbuf
 .text._fdopen  0x1a005218       0x6a c:/nxp/lpcxpresso_8.2.2_650/lpcxpresso/tools/bin/../lib/gcc/arm-none-eabi/5.4.1/../../../../arm-none-eabi/lib/armv7-m\libcr_c.a(_fdopen.o)
                0x1a005218                _fdopen
 .text._fflush  0x1a005282       0x58 c:/nxp/lpcxpresso_8.2.2_650/lpcxpresso/tools/bin/../lib/gcc/arm-none-eabi/5.4.1/../../../../arm-none-eabi/lib/armv7-m\libcr_c.a(_fflush.o)
                0x1a005282                _fflush
 .text._frexpl  0x1a0052da       0x5a c:/nxp/lpcxpresso_8.2.2_650/lpcxpresso/tools/bin/../lib/gcc/arm-none-eabi/5.4.1/../../../../arm-none-eabi/lib/armv7-m\libcr_c.a(_frexpl.o)
                0x1a0052da                _frexpl
 .text._ldexpl  0x1a005334       0x4c c:/nxp/lpcxpresso_8.2.2_650/lpcxpresso/tools/bin/../lib/gcc/arm-none-eabi/5.4.1/../../../../arm-none-eabi/lib/armv7-m\libcr_c.a(_ldexpl.o)
                0x1a005334                _ldexpl
 .text._Cwritebuf
                0x1a005380       0x68 c:/nxp/lpcxpresso_8.2.2_650/lpcxpresso/tools/bin/../lib/gcc/arm-none-eabi/5.4.1/../../../../arm-none-eabi/lib/armv7-m\libcr_c.a(_writebuf.o)
                0x1a005380                _Cwritebuf
 .text.fclose   0x1a0053e8       0x6c c:/nxp/lpcxpresso_8.2.2_650/lpcxpresso/tools/bin/../lib/gcc/arm-none-eabi/5.4.1/../../../../arm-none-eabi/lib/armv7-m\libcr_c.a(fclose.o)
                0x1a0053e8                fclose
 .text.fflush   0x1a005454       0x30 c:/nxp/lpcxpresso_8.2.2_650/lpcxpresso/tools/bin/../lib/gcc/arm-none-eabi/5.4.1/../../../../arm-none-eabi/lib/armv7-m\libcr_c.a(fflush.o)
                0x1a005454                fflush
 .text.fseek    0x1a005484      0x110 c:/nxp/lpcxpresso_8.2.2_650/lpcxpresso/tools/bin/../lib/gcc/arm-none-eabi/5.4.1/../../../../arm-none-eabi/lib/armv7-m\libcr_c.a(fseek.o)
                0x1a005484                fseek
 .text.ftell    0x1a005594       0x4c c:/nxp/lpcxpresso_8.2.2_650/lpcxpresso/tools/bin/../lib/gcc/arm-none-eabi/5.4.1/../../../../arm-none-eabi/lib/armv7-m\libcr_c.a(ftell.o)
                0x1a005594                ftell
 .text.remove   0x1a0055e0       0x14 c:/nxp/lpcxpresso_8.2.2_650/lpcxpresso/tools/bin/../lib/gcc/arm-none-eabi/5.4.1/../../../../arm-none-eabi/lib/armv7-m\libcr_c.a(remove.o)
                0x1a0055e0                remove
 .text.__check_heap_overflow
                0x1a0055f4       0x18 c:/nxp/lpcxpresso_8.2.2_650/lpcxpresso/tools/bin/../lib/gcc/arm-none-eabi/5.4.1/../../../../arm-none-eabi/lib/armv7-m\libcr_c.a(_cr_check_heap.o)
                0x1a0055f4                __check_heap_overflow
 .text._do_fflush
                0x1a00560c       0x44 c:/nxp/lpcxpresso_8.2.2_650/lpcxpresso/tools/bin/../lib/gcc/arm-none-eabi/5.4.1/../../../../arm-none-eabi/lib/armv7-m\libcr_c.a(_do_fflush.o)
                0x1a00560c                _do_fflush
 .text.__aeabi_dmul
                0x1a005650      0x110 c:/nxp/lpcxpresso_8.2.2_650/lpcxpresso/tools/bin/../lib/gcc/arm-none-eabi/5.4.1/armv7-m\libcr_eabihelpers.a(double.o)
                0x1a005650                __aeabi_dmul
 .text.__aeabi_ddiv
                0x1a005760      0x138 c:/nxp/lpcxpresso_8.2.2_650/lpcxpresso/tools/bin/../lib/gcc/arm-none-eabi/5.4.1/armv7-m\libcr_eabihelpers.a(double.o)
                0x1a005760                __aeabi_ddiv
 .text.__aeabi_dsub
                0x1a005898      0x1a0 c:/nxp/lpcxpresso_8.2.2_650/lpcxpresso/tools/bin/../lib/gcc/arm-none-eabi/5.4.1/armv7-m\libcr_eabihelpers.a(double.o)
                0x1a005898                __aeabi_dsub
 .text.__aeabi_dadd
                0x1a005a38      0x10c c:/nxp/lpcxpresso_8.2.2_650/lpcxpresso/tools/bin/../lib/gcc/arm-none-eabi/5.4.1/armv7-m\libcr_eabihelpers.a(double.o)
                0x1a005a38                __aeabi_dadd
 .text.__aeabi_d2iz
                0x1a005b44       0x40 c:/nxp/lpcxpresso_8.2.2_650/lpcxpresso/tools/bin/../lib/gcc/arm-none-eabi/5.4.1/armv7-m\libcr_eabihelpers.a(double.o)
                0x1a005b44                __aeabi_d2iz
 .text.__bhs_ui2d
                0x1a005b84       0x46 c:/nxp/lpcxpresso_8.2.2_650/lpcxpresso/tools/bin/../lib/gcc/arm-none-eabi/5.4.1/armv7-m\libcr_eabihelpers.a(double.o)
                0x1a005b84                __bhs_ui2d
 .text.__aeabi_i2d
                0x1a005bca       0x10 c:/nxp/lpcxpresso_8.2.2_650/lpcxpresso/tools/bin/../lib/gcc/arm-none-eabi/5.4.1/armv7-m\libcr_eabihelpers.a(double.o)
                0x1a005bca                __aeabi_i2d
 .text.__aeabi_dcmpeq
                0x1a005bda       0x2c c:/nxp/lpcxpresso_8.2.2_650/lpcxpresso/tools/bin/../lib/gcc/arm-none-eabi/5.4.1/armv7-m\libcr_eabihelpers.a(double.o)
                0x1a005bda                __aeabi_dcmpeq
 .text.__aeabi_dcmplt
                0x1a005c06       0x54 c:/nxp/lpcxpresso_8.2.2_650/lpcxpresso/tools/bin/../lib/gcc/arm-none-eabi/5.4.1/armv7-m\libcr_eabihelpers.a(double.o)
                0x1a005c06                __aeabi_dcmplt
 .text.__aeabi_dcmple
                0x1a005c5a       0x54 c:/nxp/lpcxpresso_8.2.2_650/lpcxpresso/tools/bin/../lib/gcc/arm-none-eabi/5.4.1/armv7-m\libcr_eabihelpers.a(double.o)
                0x1a005c5a                __aeabi_dcmple
 .text.__aeabi_dcmpge
                0x1a005cae       0x54 c:/nxp/lpcxpresso_8.2.2_650/lpcxpresso/tools/bin/../lib/gcc/arm-none-eabi/5.4.1/armv7-m\libcr_eabihelpers.a(double.o)
                0x1a005cae                __aeabi_dcmpge
 .text.__aeabi_memcpy
                0x1a005d02       0x34 c:/nxp/lpcxpresso_8.2.2_650/lpcxpresso/tools/bin/../lib/gcc/arm-none-eabi/5.4.1/armv7-m\libcr_eabihelpers.a(memcpy.o)
                0x1a005d02                __aeabi_memcpy
                0x1a005d0c                __aeabi_memcpy8
                0x1a005d0c                __aeabi_memcpy4
 .text.__aeabi_memset_lowlevel
                0x1a005d36       0x32 c:/nxp/lpcxpresso_8.2.2_650/lpcxpresso/tools/bin/../lib/gcc/arm-none-eabi/5.4.1/armv7-m\libcr_eabihelpers.a(memcpy.o)
                0x1a005d36                __aeabi_lowlevel_memset
 .text.__sys_appexit
                0x1a005d68        0x2 c:/nxp/lpcxpresso_8.2.2_650/lpcxpresso/tools/bin/../lib/gcc/arm-none-eabi/5.4.1/../../../../arm-none-eabi/lib/armv7-m\libcr_nohost.a(__sys_appexit.o)
                0x1a005d68                __sys_appexit
                0x1a005d68                __exit
 .text.__sys_close
                0x1a005d6a        0x6 c:/nxp/lpcxpresso_8.2.2_650/lpcxpresso/tools/bin/../lib/gcc/arm-none-eabi/5.4.1/../../../../arm-none-eabi/lib/armv7-m\libcr_nohost.a(__sys_close.o)
                0x1a005d6a                __sys_close
 .text.__sys_flen
                0x1a005d70        0x6 c:/nxp/lpcxpresso_8.2.2_650/lpcxpresso/tools/bin/../lib/gcc/arm-none-eabi/5.4.1/../../../../arm-none-eabi/lib/armv7-m\libcr_nohost.a(__sys_flen.o)
                0x1a005d70                __sys_flen
 .text.__sys_istty
                0x1a005d76        0x6 c:/nxp/lpcxpresso_8.2.2_650/lpcxpresso/tools/bin/../lib/gcc/arm-none-eabi/5.4.1/../../../../arm-none-eabi/lib/armv7-m\libcr_nohost.a(__sys_istty.o)
                0x1a005d76                __sys_istty
 .text.__sys_remove
                0x1a005d7c        0x6 c:/nxp/lpcxpresso_8.2.2_650/lpcxpresso/tools/bin/../lib/gcc/arm-none-eabi/5.4.1/../../../../arm-none-eabi/lib/armv7-m\libcr_nohost.a(__sys_remove.o)
                0x1a005d7c                __sys_remove
 .text.__sys_seek
                0x1a005d82        0x6 c:/nxp/lpcxpresso_8.2.2_650/lpcxpresso/tools/bin/../lib/gcc/arm-none-eabi/5.4.1/../../../../arm-none-eabi/lib/armv7-m\libcr_nohost.a(__sys_seek.o)
                0x1a005d82                __sys_seek
 .text.__sys_tmpnam
                0x1a005d88        0x6 c:/nxp/lpcxpresso_8.2.2_650/lpcxpresso/tools/bin/../lib/gcc/arm-none-eabi/5.4.1/../../../../arm-none-eabi/lib/armv7-m\libcr_nohost.a(__sys_tmpnam.o)
                0x1a005d88                __sys_tmpnam
 *(.rodata .rodata.* .constdata .constdata.*)
 *fill*         0x1a005d8e        0x2 ff
 .rodata        0x1a005d90        0x5 ./freertos/src/tasks.o
 *fill*         0x1a005d95        0x3 ff
 .rodata        0x1a005d98       0x5d ./example/src/uart.o
 *fill*         0x1a005df5        0x3 ff
 .rodata.ledports
                0x1a005df8        0x8 C:\Users\Thomas\Documents\LPCXpresso_8.2.2_650\workspace\lpc_board_keil_mcb_1857\Debug\liblpc_board_keil_mcb_1857.a(board.o)
 .rodata.ledbits
                0x1a005e00        0x8 C:\Users\Thomas\Documents\LPCXpresso_8.2.2_650\workspace\lpc_board_keil_mcb_1857\Debug\liblpc_board_keil_mcb_1857.a(board.o)
 .rodata.ExtRateIn
                0x1a005e08        0x4 C:\Users\Thomas\Documents\LPCXpresso_8.2.2_650\workspace\lpc_board_keil_mcb_1857\Debug\liblpc_board_keil_mcb_1857.a(board.o)
                0x1a005e08                ExtRateIn
 .rodata.OscRateIn
                0x1a005e0c        0x4 C:\Users\Thomas\Documents\LPCXpresso_8.2.2_650\workspace\lpc_board_keil_mcb_1857\Debug\liblpc_board_keil_mcb_1857.a(board.o)
                0x1a005e0c                OscRateIn
 .rodata.InitClkStates
                0x1a005e10       0x10 C:\Users\Thomas\Documents\LPCXpresso_8.2.2_650\workspace\lpc_board_keil_mcb_1857\Debug\liblpc_board_keil_mcb_1857.a(board_sysinit.o)
 .rodata.spifipinmuxing
                0x1a005e20       0x18 C:\Users\Thomas\Documents\LPCXpresso_8.2.2_650\workspace\lpc_board_keil_mcb_1857\Debug\liblpc_board_keil_mcb_1857.a(board_sysinit.o)
 .rodata.pinmuxing
                0x1a005e38      0x1f0 C:\Users\Thomas\Documents\LPCXpresso_8.2.2_650\workspace\lpc_board_keil_mcb_1857\Debug\liblpc_board_keil_mcb_1857.a(board_sysinit.o)
 .rodata.pinclockmuxing
                0x1a006028       0x10 C:\Users\Thomas\Documents\LPCXpresso_8.2.2_650\workspace\lpc_board_keil_mcb_1857\Debug\liblpc_board_keil_mcb_1857.a(board_sysinit.o)
 .rodata.MT48LC4M32_config
                0x1a006038       0x74 C:\Users\Thomas\Documents\LPCXpresso_8.2.2_650\workspace\lpc_board_keil_mcb_1857\Debug\liblpc_board_keil_mcb_1857.a(board_sysinit.o)
 .rodata.S29GL64N90_config
                0x1a0060ac       0x20 C:\Users\Thomas\Documents\LPCXpresso_8.2.2_650\workspace\lpc_board_keil_mcb_1857\Debug\liblpc_board_keil_mcb_1857.a(board_sysinit.o)
 .rodata.periph_to_base
                0x1a0060cc       0x5a C:\Users\Thomas\Documents\LPCXpresso_8.2.2_650\workspace\lpc_chip_18xx\Debug\liblpc_chip_18xx.a(clock_18xx_43xx.o)
 *fill*         0x1a006126        0x2 ff
 .rodata        0x1a006128        0xa C:\Users\Thomas\Documents\LPCXpresso_8.2.2_650\workspace\lpc_chip_18xx\Debug\liblpc_chip_18xx.a(clock_18xx_43xx.o)
 *fill*         0x1a006132        0x2 ff
 .rodata.InitClkStates
                0x1a006134       0x3c C:\Users\Thomas\Documents\LPCXpresso_8.2.2_650\workspace\lpc_chip_18xx\Debug\liblpc_chip_18xx.a(sysinit_18xx_43xx.o)
 .rodata.UART_PClock
                0x1a006170        0x8 C:\Users\Thomas\Documents\LPCXpresso_8.2.2_650\workspace\lpc_chip_18xx\Debug\liblpc_chip_18xx.a(uart_18xx_43xx.o)
 .rodata.UART_BClock
                0x1a006178        0x8 C:\Users\Thomas\Documents\LPCXpresso_8.2.2_650\workspace\lpc_chip_18xx\Debug\liblpc_chip_18xx.a(uart_18xx_43xx.o)
 .rodata.str1.1
                0x1a006180       0x18 c:/nxp/lpcxpresso_8.2.2_650/lpcxpresso/tools/bin/../lib/gcc/arm-none-eabi/5.4.1/../../../../arm-none-eabi/lib/armv7-m\libcr_c.a(alloc.o)
 .rodata.str1.1
                0x1a006198       0x34 c:/nxp/lpcxpresso_8.2.2_650/lpcxpresso/tools/bin/../lib/gcc/arm-none-eabi/5.4.1/../../../../arm-none-eabi/lib/armv7-m\libcr_c.a(fpprintf.o)
                                 0x35 (size before relaxing)
 .rodata.str1.1
                0x1a0061cc        0x4 c:/nxp/lpcxpresso_8.2.2_650/lpcxpresso/tools/bin/../lib/gcc/arm-none-eabi/5.4.1/../../../../arm-none-eabi/lib/armv7-m\libcr_c.a(initio.o)
 .rodata.str1.1
                0x1a0061d0       0x31 c:/nxp/lpcxpresso_8.2.2_650/lpcxpresso/tools/bin/../lib/gcc/arm-none-eabi/5.4.1/../../../../arm-none-eabi/lib/armv7-m\libcr_c.a(printf.o)
                                 0x38 (size before relaxing)
 *fill*         0x1a006201        0x7 ff
 .rodata.__huge_vall
                0x1a006208        0x8 c:/nxp/lpcxpresso_8.2.2_650/lpcxpresso/tools/bin/../lib/gcc/arm-none-eabi/5.4.1/../../../../arm-none-eabi/lib/armv7-m\libcr_c.a(_hugeval.o)
                0x1a006208                __huge_vall
                0x1a006210                . = ALIGN (0x4)

.glue_7         0x1a006210        0x0
 .glue_7        0x1a006210        0x0 linker stubs

.glue_7t        0x1a006210        0x0
 .glue_7t       0x1a006210        0x0 linker stubs

.vfp11_veneer   0x1a006210        0x0
 .vfp11_veneer  0x1a006210        0x0 linker stubs

.v4_bx          0x1a006210        0x0
 .v4_bx         0x1a006210        0x0 linker stubs

.iplt           0x1a006210        0x0
 .iplt          0x1a006210        0x0 ./freertos/src/FreeRTOSCommonHooks.o

.rel.dyn        0x1a006210        0x0
 .rel.iplt      0x1a006210        0x0 ./freertos/src/FreeRTOSCommonHooks.o

.ARM.extab
 *(.ARM.extab* .gnu.linkonce.armextab.*)
                0x1a006210                __exidx_start = .

.ARM.exidx
 *(.ARM.exidx* .gnu.linkonce.armexidx.*)
                0x1a006210                __exidx_end = .
                0x1a006210                _etext = .

.data_RAM2      0x10080000        0x0 load address 0x1a006210
 FILL mask 0xff
                [!provide]                PROVIDE (__start_data_RAM2, .)
 *(.ramfunc.$RAM2)
 *(.ramfunc.$RamLoc40)
 *(.data.$RAM2*)
 *(.data.$RamLoc40*)
                0x10080000                . = ALIGN (0x4)
                [!provide]                PROVIDE (__end_data_RAM2, .)

.data_RAM3      0x20000000        0x0 load address 0x1a006210
 FILL mask 0xff
                [!provide]                PROVIDE (__start_data_RAM3, .)
 *(.ramfunc.$RAM3)
 *(.ramfunc.$RamAHB32)
 *(.data.$RAM3*)
 *(.data.$RamAHB32*)
                0x20000000                . = ALIGN (0x4)
                [!provide]                PROVIDE (__end_data_RAM3, .)

.data_RAM4      0x20008000        0x0 load address 0x1a006210
 FILL mask 0xff
                [!provide]                PROVIDE (__start_data_RAM4, .)
 *(.ramfunc.$RAM4)
 *(.ramfunc.$RamAHB16)
 *(.data.$RAM4*)
 *(.data.$RamAHB16*)
                0x20008000                . = ALIGN (0x4)
                [!provide]                PROVIDE (__end_data_RAM4, .)

.data_RAM5      0x2000c000        0x0 load address 0x1a006210
 FILL mask 0xff
                [!provide]                PROVIDE (__start_data_RAM5, .)
 *(.ramfunc.$RAM5)
 *(.ramfunc.$RamAHB_ETB16)
 *(.data.$RAM5*)
 *(.data.$RamAHB_ETB16*)
                0x2000c000                . = ALIGN (0x4)
                [!provide]                PROVIDE (__end_data_RAM5, .)

.uninit_RESERVED
                0x10000000        0x0
 *(.bss.$RESERVED*)
                0x10000000                . = ALIGN (0x4)
                0x10000000                _end_uninit_RESERVED = .

.data           0x10000000        0x8 load address 0x1a006210
 FILL mask 0xff
                0x10000000                _data = .
 *(vtable)
 *(.ramfunc*)
 *(.data*)
 .data.uxCriticalNesting
                0x10000000        0x4 ./freertos/src/port.o
 .data.xNextTaskUnblockTime
                0x10000004        0x4 ./freertos/src/tasks.o
                0x10000008                . = ALIGN (0x4)
                0x10000008                _edata = .

.igot.plt       0x10000008        0x0 load address 0x1a006218
 .igot.plt      0x10000008        0x0 ./freertos/src/FreeRTOSCommonHooks.o

.bss_RAM2       0x10080000        0x0
                [!provide]                PROVIDE (__start_bss_RAM2, .)
 *(.bss.$RAM2*)
 *(.bss.$RamLoc40*)
                0x10080000                . = ALIGN ((. != 0x0)?0x4:0x1)
                [!provide]                PROVIDE (__end_bss_RAM2, .)

.bss_RAM3       0x20000000        0x0
                [!provide]                PROVIDE (__start_bss_RAM3, .)
 *(.bss.$RAM3*)
 *(.bss.$RamAHB32*)
                0x20000000                . = ALIGN ((. != 0x0)?0x4:0x1)
                [!provide]                PROVIDE (__end_bss_RAM3, .)

.bss_RAM4       0x20008000        0x0
                [!provide]                PROVIDE (__start_bss_RAM4, .)
 *(.bss.$RAM4*)
 *(.bss.$RamAHB16*)
                0x20008000                . = ALIGN ((. != 0x0)?0x4:0x1)
                [!provide]                PROVIDE (__end_bss_RAM4, .)

.bss_RAM5       0x2000c000        0x0
                [!provide]                PROVIDE (__start_bss_RAM5, .)
 *(.bss.$RAM5*)
 *(.bss.$RamAHB_ETB16*)
                0x2000c000                . = ALIGN ((. != 0x0)?0x4:0x1)
                [!provide]                PROVIDE (__end_bss_RAM5, .)

.bss            0x10000008      0x2b4
                0x10000008                _bss = .
 *(.bss*)
 .bss.ulTimerCountsForOneTick
                0x10000008        0x4 ./freertos/src/port.o
 .bss.xMaximumPossibleSuppressedTicks
                0x1000000c        0x4 ./freertos/src/port.o
 .bss.ulStoppedTimerCompensation
                0x10000010        0x4 ./freertos/src/port.o
 .bss.pxCurrentTCB
                0x10000014        0x4 ./freertos/src/tasks.o
                0x10000014                pxCurrentTCB
 .bss.pxReadyTasksLists
                0x10000018       0xa0 ./freertos/src/tasks.o
 .bss.xDelayedTaskList1
                0x100000b8       0x14 ./freertos/src/tasks.o
 .bss.xDelayedTaskList2
                0x100000cc       0x14 ./freertos/src/tasks.o
 .bss.pxDelayedTaskList
                0x100000e0        0x4 ./freertos/src/tasks.o
 .bss.pxOverflowDelayedTaskList
                0x100000e4        0x4 ./freertos/src/tasks.o
 .bss.xPendingReadyList
                0x100000e8       0x14 ./freertos/src/tasks.o
 .bss.xTasksWaitingTermination
                0x100000fc       0x14 ./freertos/src/tasks.o
 .bss.uxTasksDeleted
                0x10000110        0x4 ./freertos/src/tasks.o
 .bss.xSuspendedTaskList
                0x10000114       0x14 ./freertos/src/tasks.o
 .bss.uxCurrentNumberOfTasks
                0x10000128        0x4 ./freertos/src/tasks.o
 .bss.xTickCount
                0x1000012c        0x4 ./freertos/src/tasks.o
 .bss.uxTopReadyPriority
                0x10000130        0x4 ./freertos/src/tasks.o
 .bss.xSchedulerRunning
                0x10000134        0x4 ./freertos/src/tasks.o
 .bss.uxPendedTicks
                0x10000138        0x4 ./freertos/src/tasks.o
 .bss.xYieldPending
                0x1000013c        0x4 ./freertos/src/tasks.o
 .bss.xNumOfOverflows
                0x10000140        0x4 ./freertos/src/tasks.o
 .bss.uxTaskNumber
                0x10000144        0x4 ./freertos/src/tasks.o
 .bss.uxSchedulerSuspended
                0x10000148        0x4 ./freertos/src/tasks.o
 .bss.count     0x1000014c        0x1 ./example/src/uart.o
                0x1000014c                count
 *fill*         0x1000014d        0x3 
 .bss.xSemaphore
                0x10000150        0x4 ./example/src/uart.o
                0x10000150                xSemaphore
 .bss.audio_usb_pll_freq
                0x10000154        0x8 C:\Users\Thomas\Documents\LPCXpresso_8.2.2_650\workspace\lpc_chip_18xx\Debug\liblpc_chip_18xx.a(clock_18xx_43xx.o)
 .bss._extra    0x1000015c        0x4 c:/nxp/lpcxpresso_8.2.2_650/lpcxpresso/tools/bin/../lib/gcc/arm-none-eabi/5.4.1/../../../../arm-none-eabi/lib/armv7-m\libcr_c.a(initio.o)
                0x1000015c                _extra
 .bss.__Ciob    0x10000160      0x140 c:/nxp/lpcxpresso_8.2.2_650/lpcxpresso/tools/bin/../lib/gcc/arm-none-eabi/5.4.1/../../../../arm-none-eabi/lib/armv7-m\libcr_c.a(stdio.o)
                0x10000160                __Ciob
 .bss.__heaps   0x100002a0        0x4 c:/nxp/lpcxpresso_8.2.2_650/lpcxpresso/tools/bin/../lib/gcc/arm-none-eabi/5.4.1/../../../../arm-none-eabi/lib/armv7-m\libcr_c.a(__init_alloc.o)
                0x100002a0                __heaps
 .bss.__end_of_heap
                0x100002a4        0x4 c:/nxp/lpcxpresso_8.2.2_650/lpcxpresso/tools/bin/../lib/gcc/arm-none-eabi/5.4.1/../../../../arm-none-eabi/lib/armv7-m\libcr_c.a(__init_alloc.o)
                0x100002a4                __end_of_heap
 .bss.errno     0x100002a8        0x4 c:/nxp/lpcxpresso_8.2.2_650/lpcxpresso/tools/bin/../lib/gcc/arm-none-eabi/5.4.1/../../../../arm-none-eabi/lib/armv7-m\libcr_c.a(errno.o)
                0x100002a8                errno
 *(COMMON)
 COMMON         0x100002ac        0xa ./example/src/uart.o
                0x100002ac                buffer
 *fill*         0x100002b6        0x2 
 COMMON         0x100002b8        0x4 C:\Users\Thomas\Documents\LPCXpresso_8.2.2_650\workspace\lpc_chip_18xx\Debug\liblpc_chip_18xx.a(chip_18xx_43xx.o)
                0x100002b8                SystemCoreClock
                0x100002bc                . = ALIGN (0x4)
                0x100002bc                _ebss = .
                [!provide]                PROVIDE (end, .)

.noinit_RAM2    0x10080000        0x0
 *(.noinit.$RAM2*)
 *(.noinit.$RamLoc40*)
                0x10080000                . = ALIGN (0x4)

.noinit_RAM3    0x20000000        0x0
 *(.noinit.$RAM3*)
 *(.noinit.$RamAHB32*)
                0x20000000                . = ALIGN (0x4)

.noinit_RAM4    0x20008000        0x0
 *(.noinit.$RAM4*)
 *(.noinit.$RamAHB16*)
                0x20008000                . = ALIGN (0x4)

.noinit_RAM5    0x2000c000        0x0
 *(.noinit.$RAM5*)
 *(.noinit.$RamAHB_ETB16*)
                0x2000c000                . = ALIGN (0x4)

.noinit         0x100002bc        0x0
                0x100002bc                _noinit = .
 *(.noinit*)
                0x100002bc                . = ALIGN (0x4)
                0x100002bc                _end_noinit = .
                0x100002bc                PROVIDE (_pvHeapStart, DEFINED (__user_heap_base)?__user_heap_base:.)
                0x10008000                PROVIDE (_vStackTop, DEFINED (__user_stack_top)?__user_stack_top:(__top_RamLoc32 - 0x0))
                [!provide]                PROVIDE (__valid_user_code_checksum, (0x0 - ((((((_vStackTop + (ResetISR + 0x1)) + (NMI_Handler + 0x1)) + (HardFault_Handler + 0x1)) + (DEFINED (MemManage_Handler)?MemManage_Handler:0x0 + 0x1)) + (DEFINED (BusFault_Handler)?BusFault_Handler:0x0 + 0x1)) + (DEFINED (UsageFault_Handler)?UsageFault_Handler:0x0 + 0x1))))
OUTPUT(periph_uart.axf elf32-littlearm)

.debug_info     0x00000000     0xb272
 .debug_info    0x00000000      0x184 ./freertos/src/FreeRTOSCommonHooks.o
 .debug_info    0x00000184      0x10e ./freertos/src/heap_3.o
 .debug_info    0x00000292      0x2c4 ./freertos/src/list.o
 .debug_info    0x00000556      0x7cf ./freertos/src/port.o
 .debug_info    0x00000d25     0x1001 ./freertos/src/queue.o
 .debug_info    0x00001d26     0x1726 ./freertos/src/tasks.o
 .debug_info    0x0000344c      0x29f ./example/src/cr_startup_lpc18xx.o
 .debug_info    0x000036eb       0xea ./example/src/sysinit.o
 .debug_info    0x000037d5      0x8e8 ./example/src/uart.o
 .debug_info    0x000040bd     0x1e48 C:\Users\Thomas\Documents\LPCXpresso_8.2.2_650\workspace\lpc_board_keil_mcb_1857\Debug\liblpc_board_keil_mcb_1857.a(board.o)
 .debug_info    0x00005f05     0x10bf C:\Users\Thomas\Documents\LPCXpresso_8.2.2_650\workspace\lpc_board_keil_mcb_1857\Debug\liblpc_board_keil_mcb_1857.a(board_sysinit.o)
 .debug_info    0x00006fc4      0x959 C:\Users\Thomas\Documents\LPCXpresso_8.2.2_650\workspace\lpc_chip_18xx\Debug\liblpc_chip_18xx.a(chip_18xx_43xx.o)
 .debug_info    0x0000791d     0x14a8 C:\Users\Thomas\Documents\LPCXpresso_8.2.2_650\workspace\lpc_chip_18xx\Debug\liblpc_chip_18xx.a(clock_18xx_43xx.o)
 .debug_info    0x00008dc5      0x936 C:\Users\Thomas\Documents\LPCXpresso_8.2.2_650\workspace\lpc_chip_18xx\Debug\liblpc_chip_18xx.a(emc_18xx_43xx.o)
 .debug_info    0x000096fb      0x1fd C:\Users\Thomas\Documents\LPCXpresso_8.2.2_650\workspace\lpc_chip_18xx\Debug\liblpc_chip_18xx.a(gpio_18xx_43xx.o)
 .debug_info    0x000098f8      0x8e5 C:\Users\Thomas\Documents\LPCXpresso_8.2.2_650\workspace\lpc_chip_18xx\Debug\liblpc_chip_18xx.a(sysinit_18xx_43xx.o)
 .debug_info    0x0000a1dd     0x1095 C:\Users\Thomas\Documents\LPCXpresso_8.2.2_650\workspace\lpc_chip_18xx\Debug\liblpc_chip_18xx.a(uart_18xx_43xx.o)

.debug_abbrev   0x00000000     0x1ce2
 .debug_abbrev  0x00000000      0x111 ./freertos/src/FreeRTOSCommonHooks.o
 .debug_abbrev  0x00000111       0xbc ./freertos/src/heap_3.o
 .debug_abbrev  0x000001cd       0xdb ./freertos/src/list.o
 .debug_abbrev  0x000002a8      0x1f2 ./freertos/src/port.o
 .debug_abbrev  0x0000049a      0x200 ./freertos/src/queue.o
 .debug_abbrev  0x0000069a      0x267 ./freertos/src/tasks.o
 .debug_abbrev  0x00000901      0x134 ./example/src/cr_startup_lpc18xx.o
 .debug_abbrev  0x00000a35       0x9c ./example/src/sysinit.o
 .debug_abbrev  0x00000ad1      0x1c4 ./example/src/uart.o
 .debug_abbrev  0x00000c95      0x374 C:\Users\Thomas\Documents\LPCXpresso_8.2.2_650\workspace\lpc_board_keil_mcb_1857\Debug\liblpc_board_keil_mcb_1857.a(board.o)
 .debug_abbrev  0x00001009      0x1f0 C:\Users\Thomas\Documents\LPCXpresso_8.2.2_650\workspace\lpc_board_keil_mcb_1857\Debug\liblpc_board_keil_mcb_1857.a(board_sysinit.o)
 .debug_abbrev  0x000011f9      0x155 C:\Users\Thomas\Documents\LPCXpresso_8.2.2_650\workspace\lpc_chip_18xx\Debug\liblpc_chip_18xx.a(chip_18xx_43xx.o)
 .debug_abbrev  0x0000134e      0x2cb C:\Users\Thomas\Documents\LPCXpresso_8.2.2_650\workspace\lpc_chip_18xx\Debug\liblpc_chip_18xx.a(clock_18xx_43xx.o)
 .debug_abbrev  0x00001619      0x1ab C:\Users\Thomas\Documents\LPCXpresso_8.2.2_650\workspace\lpc_chip_18xx\Debug\liblpc_chip_18xx.a(emc_18xx_43xx.o)
 .debug_abbrev  0x000017c4       0xd0 C:\Users\Thomas\Documents\LPCXpresso_8.2.2_650\workspace\lpc_chip_18xx\Debug\liblpc_chip_18xx.a(gpio_18xx_43xx.o)
 .debug_abbrev  0x00001894      0x18e C:\Users\Thomas\Documents\LPCXpresso_8.2.2_650\workspace\lpc_chip_18xx\Debug\liblpc_chip_18xx.a(sysinit_18xx_43xx.o)
 .debug_abbrev  0x00001a22      0x2c0 C:\Users\Thomas\Documents\LPCXpresso_8.2.2_650\workspace\lpc_chip_18xx\Debug\liblpc_chip_18xx.a(uart_18xx_43xx.o)

.debug_aranges  0x00000000      0xa50
 .debug_aranges
                0x00000000       0x40 ./freertos/src/FreeRTOSCommonHooks.o
 .debug_aranges
                0x00000040       0x28 ./freertos/src/heap_3.o
 .debug_aranges
                0x00000068       0x40 ./freertos/src/list.o
 .debug_aranges
                0x000000a8       0x90 ./freertos/src/port.o
 .debug_aranges
                0x00000138       0xf0 ./freertos/src/queue.o
 .debug_aranges
                0x00000228      0x190 ./freertos/src/tasks.o
 .debug_aranges
                0x000003b8       0x80 ./example/src/cr_startup_lpc18xx.o
 .debug_aranges
                0x00000438       0x20 ./example/src/sysinit.o
 .debug_aranges
                0x00000458       0x50 ./example/src/uart.o
 .debug_aranges
                0x000004a8      0x1d8 C:\Users\Thomas\Documents\LPCXpresso_8.2.2_650\workspace\lpc_board_keil_mcb_1857\Debug\liblpc_board_keil_mcb_1857.a(board.o)
 .debug_aranges
                0x00000680       0x58 C:\Users\Thomas\Documents\LPCXpresso_8.2.2_650\workspace\lpc_board_keil_mcb_1857\Debug\liblpc_board_keil_mcb_1857.a(board_sysinit.o)
 .debug_aranges
                0x000006d8       0x40 C:\Users\Thomas\Documents\LPCXpresso_8.2.2_650\workspace\lpc_chip_18xx\Debug\liblpc_chip_18xx.a(chip_18xx_43xx.o)
 .debug_aranges
                0x00000718      0x138 C:\Users\Thomas\Documents\LPCXpresso_8.2.2_650\workspace\lpc_chip_18xx\Debug\liblpc_chip_18xx.a(clock_18xx_43xx.o)
 .debug_aranges
                0x00000850       0x70 C:\Users\Thomas\Documents\LPCXpresso_8.2.2_650\workspace\lpc_chip_18xx\Debug\liblpc_chip_18xx.a(emc_18xx_43xx.o)
 .debug_aranges
                0x000008c0       0x28 C:\Users\Thomas\Documents\LPCXpresso_8.2.2_650\workspace\lpc_chip_18xx\Debug\liblpc_chip_18xx.a(gpio_18xx_43xx.o)
 .debug_aranges
                0x000008e8       0x50 C:\Users\Thomas\Documents\LPCXpresso_8.2.2_650\workspace\lpc_chip_18xx\Debug\liblpc_chip_18xx.a(sysinit_18xx_43xx.o)
 .debug_aranges
                0x00000938      0x118 C:\Users\Thomas\Documents\LPCXpresso_8.2.2_650\workspace\lpc_chip_18xx\Debug\liblpc_chip_18xx.a(uart_18xx_43xx.o)

.debug_ranges   0x00000000      0x970
 .debug_ranges  0x00000000       0x30 ./freertos/src/FreeRTOSCommonHooks.o
 .debug_ranges  0x00000030       0x18 ./freertos/src/heap_3.o
 .debug_ranges  0x00000048       0x30 ./freertos/src/list.o
 .debug_ranges  0x00000078       0x80 ./freertos/src/port.o
 .debug_ranges  0x000000f8       0xe0 ./freertos/src/queue.o
 .debug_ranges  0x000001d8      0x180 ./freertos/src/tasks.o
 .debug_ranges  0x00000358       0x70 ./example/src/cr_startup_lpc18xx.o
 .debug_ranges  0x000003c8       0x10 ./example/src/sysinit.o
 .debug_ranges  0x000003d8       0x40 ./example/src/uart.o
 .debug_ranges  0x00000418      0x1c8 C:\Users\Thomas\Documents\LPCXpresso_8.2.2_650\workspace\lpc_board_keil_mcb_1857\Debug\liblpc_board_keil_mcb_1857.a(board.o)
 .debug_ranges  0x000005e0       0x48 C:\Users\Thomas\Documents\LPCXpresso_8.2.2_650\workspace\lpc_board_keil_mcb_1857\Debug\liblpc_board_keil_mcb_1857.a(board_sysinit.o)
 .debug_ranges  0x00000628       0x30 C:\Users\Thomas\Documents\LPCXpresso_8.2.2_650\workspace\lpc_chip_18xx\Debug\liblpc_chip_18xx.a(chip_18xx_43xx.o)
 .debug_ranges  0x00000658      0x140 C:\Users\Thomas\Documents\LPCXpresso_8.2.2_650\workspace\lpc_chip_18xx\Debug\liblpc_chip_18xx.a(clock_18xx_43xx.o)
 .debug_ranges  0x00000798       0x60 C:\Users\Thomas\Documents\LPCXpresso_8.2.2_650\workspace\lpc_chip_18xx\Debug\liblpc_chip_18xx.a(emc_18xx_43xx.o)
 .debug_ranges  0x000007f8       0x18 C:\Users\Thomas\Documents\LPCXpresso_8.2.2_650\workspace\lpc_chip_18xx\Debug\liblpc_chip_18xx.a(gpio_18xx_43xx.o)
 .debug_ranges  0x00000810       0x40 C:\Users\Thomas\Documents\LPCXpresso_8.2.2_650\workspace\lpc_chip_18xx\Debug\liblpc_chip_18xx.a(sysinit_18xx_43xx.o)
 .debug_ranges  0x00000850      0x120 C:\Users\Thomas\Documents\LPCXpresso_8.2.2_650\workspace\lpc_chip_18xx\Debug\liblpc_chip_18xx.a(uart_18xx_43xx.o)

.debug_macro    0x00000000     0x8c13
 .debug_macro   0x00000000      0x37f ./freertos/src/FreeRTOSCommonHooks.o
 .debug_macro   0x0000037f      0x88c ./freertos/src/FreeRTOSCommonHooks.o
 .debug_macro   0x00000c0b       0x10 ./freertos/src/FreeRTOSCommonHooks.o
 .debug_macro   0x00000c1b      0x12d ./freertos/src/FreeRTOSCommonHooks.o
 .debug_macro   0x00000d48       0x16 ./freertos/src/FreeRTOSCommonHooks.o
 .debug_macro   0x00000d5e      0x5b2 ./freertos/src/FreeRTOSCommonHooks.o
 .debug_macro   0x00001310       0x40 ./freertos/src/FreeRTOSCommonHooks.o
 .debug_macro   0x00001350       0x10 ./freertos/src/FreeRTOSCommonHooks.o
 .debug_macro   0x00001360       0x22 ./freertos/src/FreeRTOSCommonHooks.o
 .debug_macro   0x00001382       0x74 ./freertos/src/FreeRTOSCommonHooks.o
 .debug_macro   0x000013f6       0x28 ./freertos/src/FreeRTOSCommonHooks.o
 .debug_macro   0x0000141e       0x3a ./freertos/src/FreeRTOSCommonHooks.o
 .debug_macro   0x00001458       0x2d ./freertos/src/FreeRTOSCommonHooks.o
 .debug_macro   0x00001485      0xba3 ./freertos/src/FreeRTOSCommonHooks.o
 .debug_macro   0x00002028      0x2a0 ./freertos/src/FreeRTOSCommonHooks.o
 .debug_macro   0x000022c8      0x112 ./freertos/src/FreeRTOSCommonHooks.o
 .debug_macro   0x000023da       0x11 ./freertos/src/FreeRTOSCommonHooks.o
 .debug_macro   0x000023eb       0x2a ./freertos/src/FreeRTOSCommonHooks.o
 .debug_macro   0x00002415       0x16 ./freertos/src/FreeRTOSCommonHooks.o
 .debug_macro   0x0000242b      0x2e6 ./freertos/src/FreeRTOSCommonHooks.o
 .debug_macro   0x00002711       0x82 ./freertos/src/FreeRTOSCommonHooks.o
 .debug_macro   0x00002793      0x198 ./freertos/src/FreeRTOSCommonHooks.o
 .debug_macro   0x0000292b       0x34 ./freertos/src/FreeRTOSCommonHooks.o
 .debug_macro   0x0000295f       0x58 ./freertos/src/FreeRTOSCommonHooks.o
 .debug_macro   0x000029b7      0x236 ./freertos/src/FreeRTOSCommonHooks.o
 .debug_macro   0x00002bed      0x572 ./freertos/src/FreeRTOSCommonHooks.o
 .debug_macro   0x0000315f       0x16 ./freertos/src/FreeRTOSCommonHooks.o
 .debug_macro   0x00003175      0x18a ./freertos/src/FreeRTOSCommonHooks.o
 .debug_macro   0x000032ff       0x88 ./freertos/src/FreeRTOSCommonHooks.o
 .debug_macro   0x00003387      0x1b9 ./freertos/src/FreeRTOSCommonHooks.o
 .debug_macro   0x00003540      0x1da ./freertos/src/FreeRTOSCommonHooks.o
 .debug_macro   0x0000371a       0x40 ./freertos/src/FreeRTOSCommonHooks.o
 .debug_macro   0x0000375a       0x1c ./freertos/src/FreeRTOSCommonHooks.o
 .debug_macro   0x00003776       0x2e ./freertos/src/FreeRTOSCommonHooks.o
 .debug_macro   0x000037a4       0x2e ./freertos/src/FreeRTOSCommonHooks.o
 .debug_macro   0x000037d2       0x22 ./freertos/src/FreeRTOSCommonHooks.o
 .debug_macro   0x000037f4      0x201 ./freertos/src/FreeRTOSCommonHooks.o
 .debug_macro   0x000039f5       0xe0 ./freertos/src/FreeRTOSCommonHooks.o
 .debug_macro   0x00003ad5      0x34c ./freertos/src/FreeRTOSCommonHooks.o
 .debug_macro   0x00003e21       0xdc ./freertos/src/FreeRTOSCommonHooks.o
 .debug_macro   0x00003efd       0xc4 ./freertos/src/FreeRTOSCommonHooks.o
 .debug_macro   0x00003fc1       0xb8 ./freertos/src/FreeRTOSCommonHooks.o
 .debug_macro   0x00004079       0x4c ./freertos/src/FreeRTOSCommonHooks.o
 .debug_macro   0x000040c5       0x16 ./freertos/src/FreeRTOSCommonHooks.o
 .debug_macro   0x000040db      0x328 ./freertos/src/FreeRTOSCommonHooks.o
 .debug_macro   0x00004403       0x3a ./freertos/src/FreeRTOSCommonHooks.o
 .debug_macro   0x0000443d       0xd0 ./freertos/src/FreeRTOSCommonHooks.o
 .debug_macro   0x0000450d       0x11 ./freertos/src/FreeRTOSCommonHooks.o
 .debug_macro   0x0000451e       0x22 ./freertos/src/FreeRTOSCommonHooks.o
 .debug_macro   0x00004540       0x40 ./freertos/src/FreeRTOSCommonHooks.o
 .debug_macro   0x00004580      0x187 ./freertos/src/FreeRTOSCommonHooks.o
 .debug_macro   0x00004707       0x9a ./freertos/src/FreeRTOSCommonHooks.o
 .debug_macro   0x000047a1       0x20 ./freertos/src/FreeRTOSCommonHooks.o
 .debug_macro   0x000047c1       0x28 ./freertos/src/FreeRTOSCommonHooks.o
 .debug_macro   0x000047e9      0x124 ./freertos/src/FreeRTOSCommonHooks.o
 .debug_macro   0x0000490d       0xee ./freertos/src/FreeRTOSCommonHooks.o
 .debug_macro   0x000049fb       0xaf ./freertos/src/FreeRTOSCommonHooks.o
 .debug_macro   0x00004aaa       0x12 ./freertos/src/FreeRTOSCommonHooks.o
 .debug_macro   0x00004abc       0x1f ./freertos/src/FreeRTOSCommonHooks.o
 .debug_macro   0x00004adb      0x35a ./freertos/src/FreeRTOSCommonHooks.o
 .debug_macro   0x00004e35       0x79 ./freertos/src/FreeRTOSCommonHooks.o
 .debug_macro   0x00004eae       0x69 ./freertos/src/FreeRTOSCommonHooks.o
 .debug_macro   0x00004f17      0x395 ./freertos/src/heap_3.o
 .debug_macro   0x000052ac      0x37a ./freertos/src/list.o
 .debug_macro   0x00005626      0x40c ./freertos/src/port.o
 .debug_macro   0x00005a32      0x3e3 ./freertos/src/queue.o
 .debug_macro   0x00005e15       0xb0 ./freertos/src/queue.o
 .debug_macro   0x00005ec5      0x426 ./freertos/src/tasks.o
 .debug_macro   0x000062eb       0x16 ./freertos/src/tasks.o
 .debug_macro   0x00006301       0x1d ./example/src/cr_startup_lpc18xx.o
 .debug_macro   0x0000631e      0x2fa ./example/src/sysinit.o
 .debug_macro   0x00006618       0x7b ./example/src/sysinit.o
 .debug_macro   0x00006693       0x18 ./example/src/sysinit.o
 .debug_macro   0x000066ab      0x3b9 ./example/src/uart.o
 .debug_macro   0x00006a64      0x18d ./example/src/uart.o
 .debug_macro   0x00006bf1       0x10 ./example/src/uart.o
 .debug_macro   0x00006c01       0xf4 ./example/src/uart.o
 .debug_macro   0x00006cf5       0x7e ./example/src/uart.o
 .debug_macro   0x00006d73      0x317 C:\Users\Thomas\Documents\LPCXpresso_8.2.2_650\workspace\lpc_board_keil_mcb_1857\Debug\liblpc_board_keil_mcb_1857.a(board.o)
 .debug_macro   0x0000708a      0x886 C:\Users\Thomas\Documents\LPCXpresso_8.2.2_650\workspace\lpc_board_keil_mcb_1857\Debug\liblpc_board_keil_mcb_1857.a(board.o)
 .debug_macro   0x00007910       0x12 C:\Users\Thomas\Documents\LPCXpresso_8.2.2_650\workspace\lpc_board_keil_mcb_1857\Debug\liblpc_board_keil_mcb_1857.a(board.o)
 .debug_macro   0x00007922      0x301 C:\Users\Thomas\Documents\LPCXpresso_8.2.2_650\workspace\lpc_board_keil_mcb_1857\Debug\liblpc_board_keil_mcb_1857.a(board_sysinit.o)
 .debug_macro   0x00007c23      0x2a6 C:\Users\Thomas\Documents\LPCXpresso_8.2.2_650\workspace\lpc_chip_18xx\Debug\liblpc_chip_18xx.a(chip_18xx_43xx.o)
 .debug_macro   0x00007ec9      0x2ac C:\Users\Thomas\Documents\LPCXpresso_8.2.2_650\workspace\lpc_chip_18xx\Debug\liblpc_chip_18xx.a(clock_18xx_43xx.o)
 .debug_macro   0x00008175      0x2ac C:\Users\Thomas\Documents\LPCXpresso_8.2.2_650\workspace\lpc_chip_18xx\Debug\liblpc_chip_18xx.a(emc_18xx_43xx.o)
 .debug_macro   0x00008421      0x2a6 C:\Users\Thomas\Documents\LPCXpresso_8.2.2_650\workspace\lpc_chip_18xx\Debug\liblpc_chip_18xx.a(gpio_18xx_43xx.o)
 .debug_macro   0x000086c7      0x2a6 C:\Users\Thomas\Documents\LPCXpresso_8.2.2_650\workspace\lpc_chip_18xx\Debug\liblpc_chip_18xx.a(sysinit_18xx_43xx.o)
 .debug_macro   0x0000896d      0x2a6 C:\Users\Thomas\Documents\LPCXpresso_8.2.2_650\workspace\lpc_chip_18xx\Debug\liblpc_chip_18xx.a(uart_18xx_43xx.o)

.debug_line     0x00000000     0x8725
 .debug_line    0x00000000      0x7c3 ./freertos/src/FreeRTOSCommonHooks.o
 .debug_line    0x000007c3      0x768 ./freertos/src/heap_3.o
 .debug_line    0x00000f2b      0x7b4 ./freertos/src/list.o
 .debug_line    0x000016df      0x89e ./freertos/src/port.o
 .debug_line    0x00001f7d      0xad8 ./freertos/src/queue.o
 .debug_line    0x00002a55      0xf21 ./freertos/src/tasks.o
 .debug_line    0x00003976      0x106 ./example/src/cr_startup_lpc18xx.o
 .debug_line    0x00003a7c      0x625 ./example/src/sysinit.o
 .debug_line    0x000040a1      0x7fe ./example/src/uart.o
 .debug_line    0x0000489f      0xbe8 C:\Users\Thomas\Documents\LPCXpresso_8.2.2_650\workspace\lpc_board_keil_mcb_1857\Debug\liblpc_board_keil_mcb_1857.a(board.o)
 .debug_line    0x00005487      0x6ef C:\Users\Thomas\Documents\LPCXpresso_8.2.2_650\workspace\lpc_board_keil_mcb_1857\Debug\liblpc_board_keil_mcb_1857.a(board_sysinit.o)
 .debug_line    0x00005b76      0x5f3 C:\Users\Thomas\Documents\LPCXpresso_8.2.2_650\workspace\lpc_chip_18xx\Debug\liblpc_chip_18xx.a(chip_18xx_43xx.o)
 .debug_line    0x00006169      0x9f0 C:\Users\Thomas\Documents\LPCXpresso_8.2.2_650\workspace\lpc_chip_18xx\Debug\liblpc_chip_18xx.a(clock_18xx_43xx.o)
 .debug_line    0x00006b59      0x702 C:\Users\Thomas\Documents\LPCXpresso_8.2.2_650\workspace\lpc_chip_18xx\Debug\liblpc_chip_18xx.a(emc_18xx_43xx.o)
 .debug_line    0x0000725b      0x599 C:\Users\Thomas\Documents\LPCXpresso_8.2.2_650\workspace\lpc_chip_18xx\Debug\liblpc_chip_18xx.a(gpio_18xx_43xx.o)
 .debug_line    0x000077f4      0x661 C:\Users\Thomas\Documents\LPCXpresso_8.2.2_650\workspace\lpc_chip_18xx\Debug\liblpc_chip_18xx.a(sysinit_18xx_43xx.o)
 .debug_line    0x00007e55      0x8d0 C:\Users\Thomas\Documents\LPCXpresso_8.2.2_650\workspace\lpc_chip_18xx\Debug\liblpc_chip_18xx.a(uart_18xx_43xx.o)

.debug_str      0x00000000    0x1cfc8
 .debug_str     0x00000000    0x16974 ./freertos/src/FreeRTOSCommonHooks.o
                              0x16a96 (size before relaxing)
 .debug_str     0x00016974      0x103 ./freertos/src/heap_3.o
                              0x16aa2 (size before relaxing)
 .debug_str     0x00016a77      0x139 ./freertos/src/list.o
                              0x167c3 (size before relaxing)
 .debug_str     0x00016bb0     0x112f ./freertos/src/port.o
                              0x17b44 (size before relaxing)
 .debug_str     0x00017cdf     0x10ed ./freertos/src/queue.o
                              0x18666 (size before relaxing)
 .debug_str     0x00018dcc     0x165e ./freertos/src/tasks.o
                              0x18ce9 (size before relaxing)
 .debug_str     0x0001a42a      0x1c5 ./example/src/cr_startup_lpc18xx.o
                               0x26ca (size before relaxing)
 .debug_str     0x0001a5ef       0x4f ./example/src/sysinit.o
                              0x141f9 (size before relaxing)
 .debug_str     0x0001a63e      0x974 ./example/src/uart.o
                              0x187dc (size before relaxing)
 .debug_str     0x0001afb2      0xd20 C:\Users\Thomas\Documents\LPCXpresso_8.2.2_650\workspace\lpc_board_keil_mcb_1857\Debug\liblpc_board_keil_mcb_1857.a(board.o)
                              0x159f0 (size before relaxing)
 .debug_str     0x0001bcd2      0x669 C:\Users\Thomas\Documents\LPCXpresso_8.2.2_650\workspace\lpc_board_keil_mcb_1857\Debug\liblpc_board_keil_mcb_1857.a(board_sysinit.o)
                              0x153ae (size before relaxing)
 .debug_str     0x0001c33b       0xee C:\Users\Thomas\Documents\LPCXpresso_8.2.2_650\workspace\lpc_chip_18xx\Debug\liblpc_chip_18xx.a(chip_18xx_43xx.o)
                              0x140f4 (size before relaxing)
 .debug_str     0x0001c429      0x5e1 C:\Users\Thomas\Documents\LPCXpresso_8.2.2_650\workspace\lpc_chip_18xx\Debug\liblpc_chip_18xx.a(clock_18xx_43xx.o)
                              0x14677 (size before relaxing)
 .debug_str     0x0001ca0a      0x184 C:\Users\Thomas\Documents\LPCXpresso_8.2.2_650\workspace\lpc_chip_18xx\Debug\liblpc_chip_18xx.a(emc_18xx_43xx.o)
                              0x13a2f (size before relaxing)
 .debug_str     0x0001cb8e       0x38 C:\Users\Thomas\Documents\LPCXpresso_8.2.2_650\workspace\lpc_chip_18xx\Debug\liblpc_chip_18xx.a(gpio_18xx_43xx.o)
                              0x1349e (size before relaxing)
 .debug_str     0x0001cbc6       0xb4 C:\Users\Thomas\Documents\LPCXpresso_8.2.2_650\workspace\lpc_chip_18xx\Debug\liblpc_chip_18xx.a(sysinit_18xx_43xx.o)
                              0x14135 (size before relaxing)
 .debug_str     0x0001cc7a      0x34e C:\Users\Thomas\Documents\LPCXpresso_8.2.2_650\workspace\lpc_chip_18xx\Debug\liblpc_chip_18xx.a(uart_18xx_43xx.o)
                              0x14299 (size before relaxing)

.comment        0x00000000       0xdc
 .comment       0x00000000       0x6e ./freertos/src/FreeRTOSCommonHooks.o
                                 0x6f (size before relaxing)
 .comment       0x0000006e       0x6f ./freertos/src/heap_3.o
 .comment       0x0000006e       0x6f ./freertos/src/list.o
 .comment       0x0000006e       0x6f ./freertos/src/port.o
 .comment       0x0000006e       0x6f ./freertos/src/queue.o
 .comment       0x0000006e       0x6f ./freertos/src/tasks.o
 .comment       0x0000006e       0x6f ./example/src/cr_startup_lpc18xx.o
 .comment       0x0000006e       0x6f ./example/src/sysinit.o
 .comment       0x0000006e       0x6f ./example/src/uart.o
 .comment       0x0000006e       0x6f C:\Users\Thomas\Documents\LPCXpresso_8.2.2_650\workspace\lpc_board_keil_mcb_1857\Debug\liblpc_board_keil_mcb_1857.a(board.o)
 .comment       0x0000006e       0x6f C:\Users\Thomas\Documents\LPCXpresso_8.2.2_650\workspace\lpc_board_keil_mcb_1857\Debug\liblpc_board_keil_mcb_1857.a(board_sysinit.o)
 .comment       0x0000006e       0x6f C:\Users\Thomas\Documents\LPCXpresso_8.2.2_650\workspace\lpc_chip_18xx\Debug\liblpc_chip_18xx.a(chip_18xx_43xx.o)
 .comment       0x0000006e       0x6f C:\Users\Thomas\Documents\LPCXpresso_8.2.2_650\workspace\lpc_chip_18xx\Debug\liblpc_chip_18xx.a(clock_18xx_43xx.o)
 .comment       0x0000006e       0x6f C:\Users\Thomas\Documents\LPCXpresso_8.2.2_650\workspace\lpc_chip_18xx\Debug\liblpc_chip_18xx.a(emc_18xx_43xx.o)
 .comment       0x0000006e       0x6f C:\Users\Thomas\Documents\LPCXpresso_8.2.2_650\workspace\lpc_chip_18xx\Debug\liblpc_chip_18xx.a(gpio_18xx_43xx.o)
 .comment       0x0000006e       0x6f C:\Users\Thomas\Documents\LPCXpresso_8.2.2_650\workspace\lpc_chip_18xx\Debug\liblpc_chip_18xx.a(sysinit_18xx_43xx.o)
 .comment       0x0000006e       0x6f C:\Users\Thomas\Documents\LPCXpresso_8.2.2_650\workspace\lpc_chip_18xx\Debug\liblpc_chip_18xx.a(uart_18xx_43xx.o)
 .comment       0x0000006e       0x6e c:/nxp/lpcxpresso_8.2.2_650/lpcxpresso/tools/bin/../lib/gcc/arm-none-eabi/5.4.1/../../../../arm-none-eabi/lib/armv7-m\libcr_nohost.a(_cr__main.o)
                                 0x6f (size before relaxing)
 .comment       0x000000dc       0x6f c:/nxp/lpcxpresso_8.2.2_650/lpcxpresso/tools/bin/../lib/gcc/arm-none-eabi/5.4.1/../../../../arm-none-eabi/lib/armv7-m\libcr_c.a(memcpy.o)
 .comment       0x000000dc       0x6f c:/nxp/lpcxpresso_8.2.2_650/lpcxpresso/tools/bin/../lib/gcc/arm-none-eabi/5.4.1/../../../../arm-none-eabi/lib/armv7-m\libcr_c.a(memset.o)
 .comment       0x000000dc       0x6f c:/nxp/lpcxpresso_8.2.2_650/lpcxpresso/tools/bin/../lib/gcc/arm-none-eabi/5.4.1/../../../../arm-none-eabi/lib/armv7-m\libcr_c.a(alloc.o)
 .comment       0x000000dc       0x6f c:/nxp/lpcxpresso_8.2.2_650/lpcxpresso/tools/bin/../lib/gcc/arm-none-eabi/5.4.1/../../../../arm-none-eabi/lib/armv7-m\libcr_c.a(fpprintf.o)
 .comment       0x000000dc       0x6f c:/nxp/lpcxpresso_8.2.2_650/lpcxpresso/tools/bin/../lib/gcc/arm-none-eabi/5.4.1/../../../../arm-none-eabi/lib/armv7-m\libcr_c.a(initio.o)
 .comment       0x000000dc       0x6f c:/nxp/lpcxpresso_8.2.2_650/lpcxpresso/tools/bin/../lib/gcc/arm-none-eabi/5.4.1/../../../../arm-none-eabi/lib/armv7-m\libcr_c.a(printf.o)
 .comment       0x000000dc       0x6f c:/nxp/lpcxpresso_8.2.2_650/lpcxpresso/tools/bin/../lib/gcc/arm-none-eabi/5.4.1/../../../../arm-none-eabi/lib/armv7-m\libcr_c.a(setvbuf.o)
 .comment       0x000000dc       0x6f c:/nxp/lpcxpresso_8.2.2_650/lpcxpresso/tools/bin/../lib/gcc/arm-none-eabi/5.4.1/../../../../arm-none-eabi/lib/armv7-m\libcr_c.a(stdio.o)
 .comment       0x000000dc       0x6f c:/nxp/lpcxpresso_8.2.2_650/lpcxpresso/tools/bin/../lib/gcc/arm-none-eabi/5.4.1/../../../../arm-none-eabi/lib/armv7-m\libcr_c.a(strlen.o)
 .comment       0x000000dc       0x6f c:/nxp/lpcxpresso_8.2.2_650/lpcxpresso/tools/bin/../lib/gcc/arm-none-eabi/5.4.1/../../../../arm-none-eabi/lib/armv7-m\libcr_c.a(__init_alloc.o)
 .comment       0x000000dc       0x6f c:/nxp/lpcxpresso_8.2.2_650/lpcxpresso/tools/bin/../lib/gcc/arm-none-eabi/5.4.1/../../../../arm-none-eabi/lib/armv7-m\libcr_c.a(_cr_sbrk.o)
 .comment       0x000000dc       0x6f c:/nxp/lpcxpresso_8.2.2_650/lpcxpresso/tools/bin/../lib/gcc/arm-none-eabi/5.4.1/../../../../arm-none-eabi/lib/armv7-m\libcr_c.a(_deferredlazyseek.o)
 .comment       0x000000dc       0x6f c:/nxp/lpcxpresso_8.2.2_650/lpcxpresso/tools/bin/../lib/gcc/arm-none-eabi/5.4.1/../../../../arm-none-eabi/lib/armv7-m\libcr_c.a(_fdopen.o)
 .comment       0x000000dc       0x6f c:/nxp/lpcxpresso_8.2.2_650/lpcxpresso/tools/bin/../lib/gcc/arm-none-eabi/5.4.1/../../../../arm-none-eabi/lib/armv7-m\libcr_c.a(_fflush.o)
 .comment       0x000000dc       0x6f c:/nxp/lpcxpresso_8.2.2_650/lpcxpresso/tools/bin/../lib/gcc/arm-none-eabi/5.4.1/../../../../arm-none-eabi/lib/armv7-m\libcr_c.a(_frexpl.o)
 .comment       0x000000dc       0x6f c:/nxp/lpcxpresso_8.2.2_650/lpcxpresso/tools/bin/../lib/gcc/arm-none-eabi/5.4.1/../../../../arm-none-eabi/lib/armv7-m\libcr_c.a(_ldexpl.o)
 .comment       0x000000dc       0x6f c:/nxp/lpcxpresso_8.2.2_650/lpcxpresso/tools/bin/../lib/gcc/arm-none-eabi/5.4.1/../../../../arm-none-eabi/lib/armv7-m\libcr_c.a(_writebuf.o)
 .comment       0x000000dc       0x6f c:/nxp/lpcxpresso_8.2.2_650/lpcxpresso/tools/bin/../lib/gcc/arm-none-eabi/5.4.1/../../../../arm-none-eabi/lib/armv7-m\libcr_c.a(errno.o)
 .comment       0x000000dc       0x6f c:/nxp/lpcxpresso_8.2.2_650/lpcxpresso/tools/bin/../lib/gcc/arm-none-eabi/5.4.1/../../../../arm-none-eabi/lib/armv7-m\libcr_c.a(fclose.o)
 .comment       0x000000dc       0x6f c:/nxp/lpcxpresso_8.2.2_650/lpcxpresso/tools/bin/../lib/gcc/arm-none-eabi/5.4.1/../../../../arm-none-eabi/lib/armv7-m\libcr_c.a(fflush.o)
 .comment       0x000000dc       0x6f c:/nxp/lpcxpresso_8.2.2_650/lpcxpresso/tools/bin/../lib/gcc/arm-none-eabi/5.4.1/../../../../arm-none-eabi/lib/armv7-m\libcr_c.a(fseek.o)
 .comment       0x000000dc       0x6f c:/nxp/lpcxpresso_8.2.2_650/lpcxpresso/tools/bin/../lib/gcc/arm-none-eabi/5.4.1/../../../../arm-none-eabi/lib/armv7-m\libcr_c.a(ftell.o)
 .comment       0x000000dc       0x6f c:/nxp/lpcxpresso_8.2.2_650/lpcxpresso/tools/bin/../lib/gcc/arm-none-eabi/5.4.1/../../../../arm-none-eabi/lib/armv7-m\libcr_c.a(remove.o)
 .comment       0x000000dc       0x6f c:/nxp/lpcxpresso_8.2.2_650/lpcxpresso/tools/bin/../lib/gcc/arm-none-eabi/5.4.1/../../../../arm-none-eabi/lib/armv7-m\libcr_c.a(_cr_check_heap.o)
 .comment       0x000000dc       0x6f c:/nxp/lpcxpresso_8.2.2_650/lpcxpresso/tools/bin/../lib/gcc/arm-none-eabi/5.4.1/../../../../arm-none-eabi/lib/armv7-m\libcr_c.a(_do_fflush.o)
 .comment       0x000000dc       0x6f c:/nxp/lpcxpresso_8.2.2_650/lpcxpresso/tools/bin/../lib/gcc/arm-none-eabi/5.4.1/../../../../arm-none-eabi/lib/armv7-m\libcr_c.a(_hugeval.o)
 .comment       0x000000dc       0x6f c:/nxp/lpcxpresso_8.2.2_650/lpcxpresso/tools/bin/../lib/gcc/arm-none-eabi/5.4.1/armv7-m\libcr_eabihelpers.a(double.o)
 .comment       0x000000dc       0x6f c:/nxp/lpcxpresso_8.2.2_650/lpcxpresso/tools/bin/../lib/gcc/arm-none-eabi/5.4.1/../../../../arm-none-eabi/lib/armv7-m\libcr_nohost.a(__sys_appexit.o)
 .comment       0x000000dc       0x6f c:/nxp/lpcxpresso_8.2.2_650/lpcxpresso/tools/bin/../lib/gcc/arm-none-eabi/5.4.1/../../../../arm-none-eabi/lib/armv7-m\libcr_nohost.a(__sys_close.o)
 .comment       0x000000dc       0x6f c:/nxp/lpcxpresso_8.2.2_650/lpcxpresso/tools/bin/../lib/gcc/arm-none-eabi/5.4.1/../../../../arm-none-eabi/lib/armv7-m\libcr_nohost.a(__sys_flen.o)
 .comment       0x000000dc       0x6f c:/nxp/lpcxpresso_8.2.2_650/lpcxpresso/tools/bin/../lib/gcc/arm-none-eabi/5.4.1/../../../../arm-none-eabi/lib/armv7-m\libcr_nohost.a(__sys_istty.o)
 .comment       0x000000dc       0x6f c:/nxp/lpcxpresso_8.2.2_650/lpcxpresso/tools/bin/../lib/gcc/arm-none-eabi/5.4.1/../../../../arm-none-eabi/lib/armv7-m\libcr_nohost.a(__sys_remove.o)
 .comment       0x000000dc       0x6f c:/nxp/lpcxpresso_8.2.2_650/lpcxpresso/tools/bin/../lib/gcc/arm-none-eabi/5.4.1/../../../../arm-none-eabi/lib/armv7-m\libcr_nohost.a(__sys_seek.o)
 .comment       0x000000dc       0x6f c:/nxp/lpcxpresso_8.2.2_650/lpcxpresso/tools/bin/../lib/gcc/arm-none-eabi/5.4.1/../../../../arm-none-eabi/lib/armv7-m\libcr_nohost.a(__sys_tmpnam.o)

.ARM.attributes
                0x00000000       0x31
 .ARM.attributes
                0x00000000       0x33 ./freertos/src/FreeRTOSCommonHooks.o
 .ARM.attributes
                0x00000033       0x33 ./freertos/src/heap_3.o
 .ARM.attributes
                0x00000066       0x33 ./freertos/src/list.o
 .ARM.attributes
                0x00000099       0x33 ./freertos/src/port.o
 .ARM.attributes
                0x000000cc       0x33 ./freertos/src/queue.o
 .ARM.attributes
                0x000000ff       0x33 ./freertos/src/tasks.o
 .ARM.attributes
                0x00000132       0x33 ./example/src/cr_startup_lpc18xx.o
 .ARM.attributes
                0x00000165       0x33 ./example/src/sysinit.o
 .ARM.attributes
                0x00000198       0x33 ./example/src/uart.o
 .ARM.attributes
                0x000001cb       0x33 C:\Users\Thomas\Documents\LPCXpresso_8.2.2_650\workspace\lpc_board_keil_mcb_1857\Debug\liblpc_board_keil_mcb_1857.a(board.o)
 .ARM.attributes
                0x000001fe       0x33 C:\Users\Thomas\Documents\LPCXpresso_8.2.2_650\workspace\lpc_board_keil_mcb_1857\Debug\liblpc_board_keil_mcb_1857.a(board_sysinit.o)
 .ARM.attributes
                0x00000231       0x33 C:\Users\Thomas\Documents\LPCXpresso_8.2.2_650\workspace\lpc_chip_18xx\Debug\liblpc_chip_18xx.a(chip_18xx_43xx.o)
 .ARM.attributes
                0x00000264       0x33 C:\Users\Thomas\Documents\LPCXpresso_8.2.2_650\workspace\lpc_chip_18xx\Debug\liblpc_chip_18xx.a(clock_18xx_43xx.o)
 .ARM.attributes
                0x00000297       0x33 C:\Users\Thomas\Documents\LPCXpresso_8.2.2_650\workspace\lpc_chip_18xx\Debug\liblpc_chip_18xx.a(emc_18xx_43xx.o)
 .ARM.attributes
                0x000002ca       0x33 C:\Users\Thomas\Documents\LPCXpresso_8.2.2_650\workspace\lpc_chip_18xx\Debug\liblpc_chip_18xx.a(gpio_18xx_43xx.o)
 .ARM.attributes
                0x000002fd       0x33 C:\Users\Thomas\Documents\LPCXpresso_8.2.2_650\workspace\lpc_chip_18xx\Debug\liblpc_chip_18xx.a(sysinit_18xx_43xx.o)
 .ARM.attributes
                0x00000330       0x33 C:\Users\Thomas\Documents\LPCXpresso_8.2.2_650\workspace\lpc_chip_18xx\Debug\liblpc_chip_18xx.a(uart_18xx_43xx.o)
 .ARM.attributes
                0x00000363       0x33 c:/nxp/lpcxpresso_8.2.2_650/lpcxpresso/tools/bin/../lib/gcc/arm-none-eabi/5.4.1/../../../../arm-none-eabi/lib/armv7-m\libcr_nohost.a(_cr__main.o)
 .ARM.attributes
                0x00000396       0x33 c:/nxp/lpcxpresso_8.2.2_650/lpcxpresso/tools/bin/../lib/gcc/arm-none-eabi/5.4.1/../../../../arm-none-eabi/lib/armv7-m\libcr_c.a(memcpy.o)
 .ARM.attributes
                0x000003c9       0x33 c:/nxp/lpcxpresso_8.2.2_650/lpcxpresso/tools/bin/../lib/gcc/arm-none-eabi/5.4.1/../../../../arm-none-eabi/lib/armv7-m\libcr_c.a(memset.o)
 .ARM.attributes
                0x000003fc       0x33 c:/nxp/lpcxpresso_8.2.2_650/lpcxpresso/tools/bin/../lib/gcc/arm-none-eabi/5.4.1/../../../../arm-none-eabi/lib/armv7-m\libcr_c.a(alloc.o)
 .ARM.attributes
                0x0000042f       0x33 c:/nxp/lpcxpresso_8.2.2_650/lpcxpresso/tools/bin/../lib/gcc/arm-none-eabi/5.4.1/../../../../arm-none-eabi/lib/armv7-m\libcr_c.a(fpprintf.o)
 .ARM.attributes
                0x00000462       0x33 c:/nxp/lpcxpresso_8.2.2_650/lpcxpresso/tools/bin/../lib/gcc/arm-none-eabi/5.4.1/../../../../arm-none-eabi/lib/armv7-m\libcr_c.a(initio.o)
 .ARM.attributes
                0x00000495       0x33 c:/nxp/lpcxpresso_8.2.2_650/lpcxpresso/tools/bin/../lib/gcc/arm-none-eabi/5.4.1/../../../../arm-none-eabi/lib/armv7-m\libcr_c.a(printf.o)
 .ARM.attributes
                0x000004c8       0x33 c:/nxp/lpcxpresso_8.2.2_650/lpcxpresso/tools/bin/../lib/gcc/arm-none-eabi/5.4.1/../../../../arm-none-eabi/lib/armv7-m\libcr_c.a(setvbuf.o)
 .ARM.attributes
                0x000004fb       0x33 c:/nxp/lpcxpresso_8.2.2_650/lpcxpresso/tools/bin/../lib/gcc/arm-none-eabi/5.4.1/../../../../arm-none-eabi/lib/armv7-m\libcr_c.a(stdio.o)
 .ARM.attributes
                0x0000052e       0x33 c:/nxp/lpcxpresso_8.2.2_650/lpcxpresso/tools/bin/../lib/gcc/arm-none-eabi/5.4.1/../../../../arm-none-eabi/lib/armv7-m\libcr_c.a(strlen.o)
 .ARM.attributes
                0x00000561       0x33 c:/nxp/lpcxpresso_8.2.2_650/lpcxpresso/tools/bin/../lib/gcc/arm-none-eabi/5.4.1/../../../../arm-none-eabi/lib/armv7-m\libcr_c.a(__init_alloc.o)
 .ARM.attributes
                0x00000594       0x33 c:/nxp/lpcxpresso_8.2.2_650/lpcxpresso/tools/bin/../lib/gcc/arm-none-eabi/5.4.1/../../../../arm-none-eabi/lib/armv7-m\libcr_c.a(_cr_sbrk.o)
 .ARM.attributes
                0x000005c7       0x33 c:/nxp/lpcxpresso_8.2.2_650/lpcxpresso/tools/bin/../lib/gcc/arm-none-eabi/5.4.1/../../../../arm-none-eabi/lib/armv7-m\libcr_c.a(_deferredlazyseek.o)
 .ARM.attributes
                0x000005fa       0x33 c:/nxp/lpcxpresso_8.2.2_650/lpcxpresso/tools/bin/../lib/gcc/arm-none-eabi/5.4.1/../../../../arm-none-eabi/lib/armv7-m\libcr_c.a(_fdopen.o)
 .ARM.attributes
                0x0000062d       0x33 c:/nxp/lpcxpresso_8.2.2_650/lpcxpresso/tools/bin/../lib/gcc/arm-none-eabi/5.4.1/../../../../arm-none-eabi/lib/armv7-m\libcr_c.a(_fflush.o)
 .ARM.attributes
                0x00000660       0x33 c:/nxp/lpcxpresso_8.2.2_650/lpcxpresso/tools/bin/../lib/gcc/arm-none-eabi/5.4.1/../../../../arm-none-eabi/lib/armv7-m\libcr_c.a(_frexpl.o)
 .ARM.attributes
                0x00000693       0x33 c:/nxp/lpcxpresso_8.2.2_650/lpcxpresso/tools/bin/../lib/gcc/arm-none-eabi/5.4.1/../../../../arm-none-eabi/lib/armv7-m\libcr_c.a(_ldexpl.o)
 .ARM.attributes
                0x000006c6       0x33 c:/nxp/lpcxpresso_8.2.2_650/lpcxpresso/tools/bin/../lib/gcc/arm-none-eabi/5.4.1/../../../../arm-none-eabi/lib/armv7-m\libcr_c.a(_writebuf.o)
 .ARM.attributes
                0x000006f9       0x33 c:/nxp/lpcxpresso_8.2.2_650/lpcxpresso/tools/bin/../lib/gcc/arm-none-eabi/5.4.1/../../../../arm-none-eabi/lib/armv7-m\libcr_c.a(errno.o)
 .ARM.attributes
                0x0000072c       0x33 c:/nxp/lpcxpresso_8.2.2_650/lpcxpresso/tools/bin/../lib/gcc/arm-none-eabi/5.4.1/../../../../arm-none-eabi/lib/armv7-m\libcr_c.a(fclose.o)
 .ARM.attributes
                0x0000075f       0x33 c:/nxp/lpcxpresso_8.2.2_650/lpcxpresso/tools/bin/../lib/gcc/arm-none-eabi/5.4.1/../../../../arm-none-eabi/lib/armv7-m\libcr_c.a(fflush.o)
 .ARM.attributes
                0x00000792       0x33 c:/nxp/lpcxpresso_8.2.2_650/lpcxpresso/tools/bin/../lib/gcc/arm-none-eabi/5.4.1/../../../../arm-none-eabi/lib/armv7-m\libcr_c.a(fseek.o)
 .ARM.attributes
                0x000007c5       0x33 c:/nxp/lpcxpresso_8.2.2_650/lpcxpresso/tools/bin/../lib/gcc/arm-none-eabi/5.4.1/../../../../arm-none-eabi/lib/armv7-m\libcr_c.a(ftell.o)
 .ARM.attributes
                0x000007f8       0x33 c:/nxp/lpcxpresso_8.2.2_650/lpcxpresso/tools/bin/../lib/gcc/arm-none-eabi/5.4.1/../../../../arm-none-eabi/lib/armv7-m\libcr_c.a(remove.o)
 .ARM.attributes
                0x0000082b       0x33 c:/nxp/lpcxpresso_8.2.2_650/lpcxpresso/tools/bin/../lib/gcc/arm-none-eabi/5.4.1/../../../../arm-none-eabi/lib/armv7-m\libcr_c.a(_cr_check_heap.o)
 .ARM.attributes
                0x0000085e       0x33 c:/nxp/lpcxpresso_8.2.2_650/lpcxpresso/tools/bin/../lib/gcc/arm-none-eabi/5.4.1/../../../../arm-none-eabi/lib/armv7-m\libcr_c.a(_do_fflush.o)
 .ARM.attributes
                0x00000891       0x33 c:/nxp/lpcxpresso_8.2.2_650/lpcxpresso/tools/bin/../lib/gcc/arm-none-eabi/5.4.1/../../../../arm-none-eabi/lib/armv7-m\libcr_c.a(_hugeval.o)
 .ARM.attributes