Archive member included to satisfy reference by file (symbol)

C:\Users\Thomas\Documents\LPCXpresso_8.2.2_650\workspace\lpc_board_keil_mcb_1857\Debug\liblpc_board_keil_mcb_1857.a(board.o)
                              ./example/src/uart.o (Board_UART_Init)
C:\Users\Thomas\Documents\LPCXpresso_8.2.2_650\workspace\lpc_board_keil_mcb_1857\Debug\liblpc_board_keil_mcb_1857.a(board_sysinit.o)
                              ./example/src/sysinit.o (Board_SystemInit)
C:\Users\Thomas\Documents\LPCXpresso_8.2.2_650\workspace\lpc_board_keil_mcb_1857\Debug\liblpc_board_keil_mcb_1857.a(uda1380.o)
                              C:\Users\Thomas\Documents\LPCXpresso_8.2.2_650\workspace\lpc_board_keil_mcb_1857\Debug\liblpc_board_keil_mcb_1857.a(board.o) (UDA1380_Init)
C:\Users\Thomas\Documents\LPCXpresso_8.2.2_650\workspace\lpc_chip_18xx\Debug\liblpc_chip_18xx.a(chip_18xx_43xx.o)
                              ./freertos/src/port.o (SystemCoreClock)
C:\Users\Thomas\Documents\LPCXpresso_8.2.2_650\workspace\lpc_chip_18xx\Debug\liblpc_chip_18xx.a(clock_18xx_43xx.o)
                              C:\Users\Thomas\Documents\LPCXpresso_8.2.2_650\workspace\lpc_chip_18xx\Debug\liblpc_chip_18xx.a(chip_18xx_43xx.o) (Chip_Clock_GetClockInputHz)
C:\Users\Thomas\Documents\LPCXpresso_8.2.2_650\workspace\lpc_chip_18xx\Debug\liblpc_chip_18xx.a(emc_18xx_43xx.o)
                              C:\Users\Thomas\Documents\LPCXpresso_8.2.2_650\workspace\lpc_board_keil_mcb_1857\Debug\liblpc_board_keil_mcb_1857.a(board_sysinit.o) (Chip_EMC_Dynamic_Init)
C:\Users\Thomas\Documents\LPCXpresso_8.2.2_650\workspace\lpc_chip_18xx\Debug\liblpc_chip_18xx.a(gpio_18xx_43xx.o)
                              C:\Users\Thomas\Documents\LPCXpresso_8.2.2_650\workspace\lpc_board_keil_mcb_1857\Debug\liblpc_board_keil_mcb_1857.a(board.o) (Chip_GPIO_Init)
C:\Users\Thomas\Documents\LPCXpresso_8.2.2_650\workspace\lpc_chip_18xx\Debug\liblpc_chip_18xx.a(i2c_18xx_43xx.o)
                              C:\Users\Thomas\Documents\LPCXpresso_8.2.2_650\workspace\lpc_board_keil_mcb_1857\Debug\liblpc_board_keil_mcb_1857.a(board.o) (Chip_I2C_EventHandlerPolling)
C:\Users\Thomas\Documents\LPCXpresso_8.2.2_650\workspace\lpc_chip_18xx\Debug\liblpc_chip_18xx.a(i2s_18xx_43xx.o)
                              C:\Users\Thomas\Documents\LPCXpresso_8.2.2_650\workspace\lpc_board_keil_mcb_1857\Debug\liblpc_board_keil_mcb_1857.a(board.o) (Chip_I2S_Init)
C:\Users\Thomas\Documents\LPCXpresso_8.2.2_650\workspace\lpc_chip_18xx\Debug\liblpc_chip_18xx.a(ssp_18xx_43xx.o)
                              C:\Users\Thomas\Documents\LPCXpresso_8.2.2_650\workspace\lpc_board_keil_mcb_1857\Debug\liblpc_board_keil_mcb_1857.a(board.o) (Chip_SSP_WriteFrames_Blocking)
C:\Users\Thomas\Documents\LPCXpresso_8.2.2_650\workspace\lpc_chip_18xx\Debug\liblpc_chip_18xx.a(sysinit_18xx_43xx.o)
                              C:\Users\Thomas\Documents\LPCXpresso_8.2.2_650\workspace\lpc_board_keil_mcb_1857\Debug\liblpc_board_keil_mcb_1857.a(board_sysinit.o) (Chip_SetupCoreClock)
C:\Users\Thomas\Documents\LPCXpresso_8.2.2_650\workspace\lpc_chip_18xx\Debug\liblpc_chip_18xx.a(uart_18xx_43xx.o)
                              ./example/src/uart.o (Chip_UART_Init)
C:\Users\Thomas\Documents\LPCXpresso_8.2.2_650\workspace\lpc_chip_18xx\Debug\liblpc_chip_18xx.a(ring_buffer.o)
                              C:\Users\Thomas\Documents\LPCXpresso_8.2.2_650\workspace\lpc_chip_18xx\Debug\liblpc_chip_18xx.a(uart_18xx_43xx.o) (RingBuffer_Insert)
c:/nxp/lpcxpresso_8.2.2_650/lpcxpresso/tools/bin/../lib/gcc/arm-none-eabi/5.4.1/../../../../arm-none-eabi/lib/armv7-m\libcr_nohost.a(_cr__main.o)
                              ./example/src/cr_startup_lpc18xx.o (__main)
c:/nxp/lpcxpresso_8.2.2_650/lpcxpresso/tools/bin/../lib/gcc/arm-none-eabi/5.4.1/../../../../arm-none-eabi/lib/armv7-m\libcr_c.a(memcpy.o)
                              ./freertos/src/queue.o (memcpy)
c:/nxp/lpcxpresso_8.2.2_650/lpcxpresso/tools/bin/../lib/gcc/arm-none-eabi/5.4.1/../../../../arm-none-eabi/lib/armv7-m\libcr_c.a(memset.o)
                              ./freertos/src/tasks.o (memset)
c:/nxp/lpcxpresso_8.2.2_650/lpcxpresso/tools/bin/../lib/gcc/arm-none-eabi/5.4.1/../../../../arm-none-eabi/lib/armv7-m\libcr_c.a(alloc.o)
                              ./freertos/src/heap_3.o (malloc)
c:/nxp/lpcxpresso_8.2.2_650/lpcxpresso/tools/bin/../lib/gcc/arm-none-eabi/5.4.1/../../../../arm-none-eabi/lib/armv7-m\libcr_c.a(fpprintf.o)
                              ./freertos/src/FreeRTOSCommonHooks.o (printf)
c:/nxp/lpcxpresso_8.2.2_650/lpcxpresso/tools/bin/../lib/gcc/arm-none-eabi/5.4.1/../../../../arm-none-eabi/lib/armv7-m\libcr_c.a(initio.o)
                              c:/nxp/lpcxpresso_8.2.2_650/lpcxpresso/tools/bin/../lib/gcc/arm-none-eabi/5.4.1/../../../../arm-none-eabi/lib/armv7-m\libcr_nohost.a(_cr__main.o) (_initio)
c:/nxp/lpcxpresso_8.2.2_650/lpcxpresso/tools/bin/../lib/gcc/arm-none-eabi/5.4.1/../../../../arm-none-eabi/lib/armv7-m\libcr_c.a(printf.o)
[...]
Memory Configuration

Name             Origin             Length             Attributes
MFlashA512       0x1a000000         0x00080000         xr
MFlashB512       0x1b000000         0x00080000         xr
RamLoc32         0x10000000         0x00008000         xrw
RamLoc40         0x10080000         0x0000a000         xrw
RamAHB32         0x20000000         0x00008000         xrw
RamAHB16         0x20008000         0x00004000         xrw
RamAHB_ETB16     0x2000c000         0x00004000         xrw
*default*        0x00000000         0xffffffff

Linker script and memory map

LOAD ./freertos/src/FreeRTOSCommonHooks.o
LOAD ./freertos/src/croutine.o
LOAD ./freertos/src/event_groups.o
LOAD ./freertos/src/heap_3.o
LOAD ./freertos/src/list.o
LOAD ./freertos/src/port.o
LOAD ./freertos/src/queue.o
LOAD ./freertos/src/tasks.o
LOAD ./freertos/src/timers.o
LOAD ./example/src/cr_startup_lpc18xx.o
LOAD ./example/src/sysinit.o
LOAD ./example/src/uart.o
LOAD C:\Users\Thomas\Documents\LPCXpresso_8.2.2_650\workspace\lpc_board_keil_mcb_1857\Debug\liblpc_board_keil_mcb_1857.a
LOAD C:\Users\Thomas\Documents\LPCXpresso_8.2.2_650\workspace\lpc_chip_18xx\Debug\liblpc_chip_18xx.a
START GROUP
LOAD c:/nxp/lpcxpresso_8.2.2_650/lpcxpresso/tools/bin/../lib/gcc/arm-none-eabi/5.4.1/../../../../arm-none-eabi/lib/armv7-m\libcr_nohost.a
LOAD c:/nxp/lpcxpresso_8.2.2_650/lpcxpresso/tools/bin/../lib/gcc/arm-none-eabi/5.4.1/../../../../arm-none-eabi/lib/armv7-m\libcr_c.a
LOAD c:/nxp/lpcxpresso_8.2.2_650/lpcxpresso/tools/bin/../lib/gcc/arm-none-eabi/5.4.1/armv7-m\libcr_eabihelpers.a
END GROUP
                0x1a000000                __base_MFlashA512 = 0x1a000000
                0x1a000000                __base_Flash = 0x1a000000
                0x1a080000                __top_MFlashA512 = 0x1a080000
                0x1a080000                __top_Flash = 0x1a080000
                0x1b000000                __base_MFlashB512 = 0x1b000000
                0x1b000000                __base_Flash2 = 0x1b000000
                0x1b080000                __top_MFlashB512 = 0x1b080000
                0x1b080000                __top_Flash2 = 0x1b080000
                0x10000000                __base_RamLoc32 = 0x10000000
                0x10000000                __base_RAM = 0x10000000
                0x10008000                __top_RamLoc32 = 0x10008000
                0x10008000                __top_RAM = 0x10008000
                0x10080000                __base_RamLoc40 = 0x10080000
                0x10080000                __base_RAM2 = 0x10080000
                0x1008a000                __top_RamLoc40 = 0x1008a000
                0x1008a000                __top_RAM2 = 0x1008a000
                0x20000000                __base_RamAHB32 = 0x20000000
                0x20000000                __base_RAM3 = 0x20000000
                0x20008000                __top_RamAHB32 = 0x20008000
                0x20008000                __top_RAM3 = 0x20008000
                0x20008000                __base_RamAHB16 = 0x20008000
                0x20008000                __base_RAM4 = 0x20008000
                0x2000c000                __top_RamAHB16 = 0x2000c000
                0x2000c000                __top_RAM4 = 0x2000c000
                0x2000c000                __base_RamAHB_ETB16 = 0x2000c000
                0x2000c000                __base_RAM5 = 0x2000c000
                0x20010000                __top_RamAHB_ETB16 = 0x20010000
                0x20010000                __top_RAM5 = 0x20010000

.text_Flash2    0x1b000000        0x0
 FILL mask 0xff
 *(.text_Flash2*)
 *(.text_MFlashB512*)
 *(.text.$Flash2*)
 *(.text.$MFlashB512*)
 *(.rodata.$Flash2*)
 *(.rodata.$MFlashB512*)

.text           0x1a000000     0x37ec
 FILL mask 0xff
                0x1a000000                __vectors_start__ = ABSOLUTE (.)
 *(.isr_vector)
 .isr_vector    0x1a000000      0x114 ./example/src/cr_startup_lpc18xx.o
                0x1a000000                g_pfnVectors
                0x1a000114                . = ALIGN (0x4)
                0x1a000114                __section_table_start = .
                0x1a000114                __data_section_table = .
                0x1a000114        0x4 LONG 0x1a0037ec LOADADDR (.data)
                0x1a000118        0x4 LONG 0x10000000 ADDR (.data)
                0x1a00011c        0x4 LONG 0x8 SIZEOF (.data)
                0x1a000120        0x4 LONG 0x1a0037ec LOADADDR (.data_RAM2)
                0x1a000124        0x4 LONG 0x10080000 ADDR (.data_RAM2)
                0x1a000128        0x4 LONG 0x0 SIZEOF (.data_RAM2)
                0x1a00012c        0x4 LONG 0x1a0037ec LOADADDR (.data_RAM3)
                0x1a000130        0x4 LONG 0x20000000 ADDR (.data_RAM3)
                0x1a000134        0x4 LONG 0x0 SIZEOF (.data_RAM3)
                0x1a000138        0x4 LONG 0x1a0037ec LOADADDR (.data_RAM4)
                0x1a00013c        0x4 LONG 0x20008000 ADDR (.data_RAM4)
                0x1a000140        0x4 LONG 0x0 SIZEOF (.data_RAM4)
                0x1a000144        0x4 LONG 0x1a0037ec LOADADDR (.data_RAM5)
                0x1a000148        0x4 LONG 0x2000c000 ADDR (.data_RAM5)
                0x1a00014c        0x4 LONG 0x0 SIZEOF (.data_RAM5)
                0x1a000150                __data_section_table_end = .
                0x1a000150                __bss_section_table = .
                0x1a000150        0x4 LONG 0x10000008 ADDR (.bss)
                0x1a000154        0x4 LONG 0x2b0 SIZEOF (.bss)
                0x1a000158        0x4 LONG 0x10080000 ADDR (.bss_RAM2)
                0x1a00015c        0x4 LONG 0x0 SIZEOF (.bss_RAM2)
                0x1a000160        0x4 LONG 0x20000000 ADDR (.bss_RAM3)
                0x1a000164        0x4 LONG 0x0 SIZEOF (.bss_RAM3)
                0x1a000168        0x4 LONG 0x20008000 ADDR (.bss_RAM4)
                0x1a00016c        0x4 LONG 0x0 SIZEOF (.bss_RAM4)
                0x1a000170        0x4 LONG 0x2000c000 ADDR (.bss_RAM5)
                0x1a000174        0x4 LONG 0x0 SIZEOF (.bss_RAM5)
                0x1a000178                __bss_section_table_end = .
                0x1a000178                __section_table_end = .
 *(.after_vectors*)
 .after_vectors
                0x1a000178       0xcc ./example/src/cr_startup_lpc18xx.o
                0x1a000178                data_init
                0x1a0001bc                bss_init
                0x1a0001f4                NMI_Handler
                0x1a0001fc                HardFault_Handler
                0x1a000204                MemManage_Handler
                0x1a00020c                BusFault_Handler
                0x1a000214                UsageFault_Handler
                0x1a000224                DebugMon_Handler
                0x1a00023c                I2C0_IRQHandler
                0x1a00023c                I2C1_IRQHandler
                0x1a00023c                UART1_IRQHandler
                0x1a00023c                GPIO5_IRQHandler
                0x1a00023c                CAN1_IRQHandler
                0x1a00023c                ATIMER_IRQHandler
                0x1a00023c                I2S0_IRQHandler
                0x1a00023c                TIMER3_IRQHandler
                0x1a00023c                UART0_IRQHandler
                0x1a00023c                FLASH_EEPROM_IRQHandler
                0x1a00023c                SGPIO_IRQHandler
                0x1a00023c                RIT_IRQHandler
                0x1a00023c                USB1_IRQHandler
                0x1a00023c                GPIO6_IRQHandler
                0x1a00023c                IntDefaultHandler
                0x1a00023c                GPIO1_IRQHandler
                0x1a00023c                SSP0_IRQHandler
                0x1a00023c                ADC1_IRQHandler
                0x1a00023c                RTC_IRQHandler
                0x1a00023c                TIMER0_IRQHandler
                0x1a00023c                LCD_IRQHandler
                0x1a00023c                SDIO_IRQHandler
                0x1a00023c                TIMER1_IRQHandler
                0x1a00023c                UART2_IRQHandler
                0x1a00023c                GPIO2_IRQHandler
                0x1a00023c                I2S1_IRQHandler
                0x1a00023c                SSP1_IRQHandler
                0x1a00023c                USB0_IRQHandler
                0x1a00023c                GPIO3_IRQHandler
                0x1a00023c                SCT_IRQHandler
                0x1a00023c                ADC0_IRQHandler
                0x1a00023c                WDT_IRQHandler
                0x1a00023c                GPIO7_IRQHandler
                0x1a00023c                SPIFI_IRQHandler
                0x1a00023c                QEI_IRQHandler
                0x1a00023c                ETH_IRQHandler
                0x1a00023c                CAN0_IRQHandler
                0x1a00023c                GINT0_IRQHandler
                0x1a00023c                DAC_IRQHandler
                0x1a00023c                GPIO0_IRQHandler
                0x1a00023c                DMA_IRQHandler
                0x1a00023c                EVRT_IRQHandler
                0x1a00023c                TIMER2_IRQHandler
                0x1a00023c                MCPWM_IRQHandler
                0x1a00023c                GINT1_IRQHandler
                0x1a00023c                GPIO4_IRQHandler
 *(.text*)
 .text.vApplicationIdleHook
                0x1a000244       0x10 ./freertos/src/FreeRTOSCommonHooks.o
                0x1a000244                vApplicationIdleHook
 .text.pvPortMalloc
                0x1a000254       0x24 ./freertos/src/heap_3.o
                0x1a000254                pvPortMalloc
 .text.vPortFree
                0x1a000278       0x24 ./freertos/src/heap_3.o
                0x1a000278                vPortFree
 .text.vListInitialise
                0x1a00029c       0x40 ./freertos/src/list.o
                0x1a00029c                vListInitialise
 .text.vListInitialiseItem
                0x1a0002dc       0x18 ./freertos/src/list.o
                0x1a0002dc                vListInitialiseItem
 .text.vListInsertEnd
                0x1a0002f4       0x48 ./freertos/src/list.o
                0x1a0002f4                vListInsertEnd
 .text.vListInsert
                0x1a00033c       0x70 ./freertos/src/list.o
                0x1a00033c                vListInsert
 .text.uxListRemove
                0x1a0003ac       0x54 ./freertos/src/list.o
                0x1a0003ac                uxListRemove
 .text.pxPortInitialiseStack
                0x1a000400       0x54 ./freertos/src/port.o
                0x1a000400                pxPortInitialiseStack
 .text.prvTaskExitError
                0x1a000454        0xc ./freertos/src/port.o
 .text.SVC_Handler
                0x1a000460       0x28 ./freertos/src/port.o
                0x1a000460                SVC_Handler
 .text.prvPortStartFirstTask
                0x1a000488       0x20 ./freertos/src/port.o
 .text.xPortStartScheduler
                0x1a0004a8       0x3c ./freertos/src/port.o
                0x1a0004a8                xPortStartScheduler
 .text.vPortYield
                0x1a0004e4       0x20 ./freertos/src/port.o
                0x1a0004e4                vPortYield
 .text.vPortEnterCritical
                0x1a000504       0x24 ./freertos/src/port.o
                0x1a000504                vPortEnterCritical
 .text.vPortExitCritical
                0x1a000528       0x24 ./freertos/src/port.o
                0x1a000528                vPortExitCritical
 .text.ulPortSetInterruptMask
                0x1a00054c       0x14 ./freertos/src/port.o
                0x1a00054c                ulPortSetInterruptMask
 .text.vPortClearInterruptMask
                0x1a000560        0x8 ./freertos/src/port.o
                0x1a000560                vPortClearInterruptMask
 .text.PendSV_Handler
                0x1a000568       0x48 ./freertos/src/port.o
                0x1a000568                PendSV_Handler
 .text.SysTick_Handler
                0x1a0005b0       0x28 ./freertos/src/port.o
                0x1a0005b0                SysTick_Handler
 .text.vPortSuppressTicksAndSleep
                0x1a0005d8      0x17c ./freertos/src/port.o
                0x1a0005d8                vPortSuppressTicksAndSleep
 .text.vPortSetupTimerInterrupt
                0x1a000754       0x78 ./freertos/src/port.o
                0x1a000754                vPortSetupTimerInterrupt
 .text.xTaskGenericCreate
                0x1a0007cc      0x140 ./freertos/src/tasks.o
                0x1a0007cc                xTaskGenericCreate
 .text.vTaskDelay
                0x1a00090c       0x54 ./freertos/src/tasks.o
                0x1a00090c                vTaskDelay
 .text.vTaskStartScheduler
                0x1a000960       0x58 ./freertos/src/tasks.o
                0x1a000960                vTaskStartScheduler
 .text.vTaskSuspendAll
                0x1a0009b8       0x1c ./freertos/src/tasks.o
                0x1a0009b8                vTaskSuspendAll
 .text.prvGetExpectedIdleTime
                0x1a0009d4       0x4c ./freertos/src/tasks.o
 .text.xTaskResumeAll
                0x1a000a20       0xfc ./freertos/src/tasks.o
                0x1a000a20                xTaskResumeAll
 .text.vTaskStepTick
                0x1a000b1c       0x24 ./freertos/src/tasks.o
                0x1a000b1c                vTaskStepTick
 .text.xTaskIncrementTick
                0x1a000b40      0x15c ./freertos/src/tasks.o
                0x1a000b40                xTaskIncrementTick
 .text.vTaskSwitchContext
                0x1a000c9c       0x98 ./freertos/src/tasks.o
                0x1a000c9c                vTaskSwitchContext
 .text.prvIdleTask
                0x1a000d34       0x48 ./freertos/src/tasks.o
 .text.eTaskConfirmSleepModeStatus
                0x1a000d7c       0x5c ./freertos/src/tasks.o
                0x1a000d7c                eTaskConfirmSleepModeStatus
 .text.prvInitialiseTCBVariables
                0x1a000dd8       0x94 ./freertos/src/tasks.o
 .text.prvInitialiseTaskLists
                0x1a000e6c       0x80 ./freertos/src/tasks.o
 .text.prvCheckTasksWaitingTermination
                0x1a000eec       0x78 ./freertos/src/tasks.o
 .text.prvAddCurrentTaskToDelayedList
                0x1a000f64       0x6c ./freertos/src/tasks.o
 .text.prvAllocateTCBAndStack
                0x1a000fd0       0x64 ./freertos/src/tasks.o
 .text.prvDeleteTCB
                0x1a001034       0x20 ./freertos/src/tasks.o
 .text.prvResetNextTaskUnblockTime
                0x1a001054       0x48 ./freertos/src/tasks.o
 .text.ResetISR
                0x1a00109c       0xd4 ./example/src/cr_startup_lpc18xx.o
                0x1a00109c                ResetISR
 .text.SystemInit
                0x1a001170       0x24 ./example/src/sysinit.o
                0x1a001170                SystemInit
 .text.Chip_UART_TXEnable
                0x1a001194       0x18 ./example/src/uart.o
 .text.Chip_UART_ReadByte
                0x1a0011ac       0x18 ./example/src/uart.o
 .text.Chip_UART_SetupFIFOS
                0x1a0011c4       0x1c ./example/src/uart.o
 .text.Chip_UART_ConfigData
                0x1a0011e0       0x1c ./example/src/uart.o
 .text.Chip_UART_ReadLineStatus
                0x1a0011fc       0x18 ./example/src/uart.o
 .text.UART3_IRQHandler
                0x1a001214        0xc ./example/src/uart.o
                0x1a001214                UART3_IRQHandler
 .text.prvSetupHardware
                0x1a001220       0x18 ./example/src/uart.o
 .text.vUART_ReadTask1
                0x1a001238       0x80 ./example/src/uart.o
 .text.vUART_WriteTask2
                0x1a0012b8       0xb0 ./example/src/uart.o
 .text.main     0x1a001368       0x9c ./example/src/uart.o
                0x1a001368                main
 .text.Chip_SCU_PinMuxSet
                0x1a001404       0x30 C:\Users\Thomas\Documents\LPCXpresso_8.2.2_650\workspace\lpc_board_keil_mcb_1857\Debug\liblpc_board_keil_mcb_1857.a(board.o)
 .text.Chip_ENET_RMIIEnable
                0x1a001434       0x28 C:\Users\Thomas\Documents\LPCXpresso_8.2.2_650\workspace\lpc_board_keil_mcb_1857\Debug\liblpc_board_keil_mcb_1857.a(board.o)
 .text.Chip_GPIO_SetPinState
                0x1a00145c       0x38 C:\Users\Thomas\Documents\LPCXpresso_8.2.2_650\workspace\lpc_board_keil_mcb_1857\Debug\liblpc_board_keil_mcb_1857.a(board.o)
 .text.Chip_GPIO_SetPinDIROutput
                0x1a001494       0x3c C:\Users\Thomas\Documents\LPCXpresso_8.2.2_650\workspace\lpc_board_keil_mcb_1857\Debug\liblpc_board_keil_mcb_1857.a(board.o)
 .text.Chip_UART_TXEnable
                0x1a0014d0       0x18 C:\Users\Thomas\Documents\LPCXpresso_8.2.2_650\workspace\lpc_board_keil_mcb_1857\Debug\liblpc_board_keil_mcb_1857.a(board.o)
 .text.Chip_UART_SendByte
                0x1a0014e8       0x1c C:\Users\Thomas\Documents\LPCXpresso_8.2.2_650\workspace\lpc_board_keil_mcb_1857\Debug\liblpc_board_keil_mcb_1857.a(board.o)
 .text.Chip_UART_ConfigData
                0x1a001504       0x1c C:\Users\Thomas\Documents\LPCXpresso_8.2.2_650\workspace\lpc_board_keil_mcb_1857\Debug\liblpc_board_keil_mcb_1857.a(board.o)
 .text.Chip_UART_ReadLineStatus
                0x1a001520       0x18 C:\Users\Thomas\Documents\LPCXpresso_8.2.2_650\workspace\lpc_board_keil_mcb_1857\Debug\liblpc_board_keil_mcb_1857.a(board.o)
 .text.__sys_write
                0x1a001538       0x38 C:\Users\Thomas\Documents\LPCXpresso_8.2.2_650\workspace\lpc_board_keil_mcb_1857\Debug\liblpc_board_keil_mcb_1857.a(board.o)
                0x1a001538                __sys_write
 .text.Board_UART_Init
                0x1a001570       0x54 C:\Users\Thomas\Documents\LPCXpresso_8.2.2_650\workspace\lpc_board_keil_mcb_1857\Debug\liblpc_board_keil_mcb_1857.a(board.o)
                0x1a001570                Board_UART_Init
 .text.Board_Debug_Init
                0x1a0015c4       0x30 C:\Users\Thomas\Documents\LPCXpresso_8.2.2_650\workspace\lpc_board_keil_mcb_1857\Debug\liblpc_board_keil_mcb_1857.a(board.o)
                0x1a0015c4                Board_Debug_Init
 .text.Board_UARTPutChar
                0x1a0015f4       0x34 C:\Users\Thomas\Documents\LPCXpresso_8.2.2_650\workspace\lpc_board_keil_mcb_1857\Debug\liblpc_board_keil_mcb_1857.a(board.o)
                0x1a0015f4                Board_UARTPutChar
 .text.Board_LED_Init
                0x1a001628       0x44 C:\Users\Thomas\Documents\LPCXpresso_8.2.2_650\workspace\lpc_board_keil_mcb_1857\Debug\liblpc_board_keil_mcb_1857.a(board.o)
 .text.Board_LED_Set
                0x1a00166c       0x40 C:\Users\Thomas\Documents\LPCXpresso_8.2.2_650\workspace\lpc_board_keil_mcb_1857\Debug\liblpc_board_keil_mcb_1857.a(board.o)
                0x1a00166c                Board_LED_Set
 .text.Board_Init
                0x1a0016ac       0x44 C:\Users\Thomas\Documents\LPCXpresso_8.2.2_650\workspace\lpc_board_keil_mcb_1857\Debug\liblpc_board_keil_mcb_1857.a(board.o)
                0x1a0016ac                Board_Init
 .text.Chip_SCU_PinMuxSet
                0x1a0016f0       0x30 C:\Users\Thomas\Documents\LPCXpresso_8.2.2_650\workspace\lpc_board_keil_mcb_1857\Debug\liblpc_board_keil_mcb_1857.a(board_sysinit.o)
 .text.Chip_SCU_ClockPinMuxSet
                0x1a001720       0x2c C:\Users\Thomas\Documents\LPCXpresso_8.2.2_650\workspace\lpc_board_keil_mcb_1857\Debug\liblpc_board_keil_mcb_1857.a(board_sysinit.o)
 .text.Chip_SCU_SetPinMuxing
                0x1a00174c       0x4c C:\Users\Thomas\Documents\LPCXpresso_8.2.2_650\workspace\lpc_board_keil_mcb_1857\Debug\liblpc_board_keil_mcb_1857.a(board_sysinit.o)
 .text.Chip_CREG_SetFlashAcceleration
                0x1a001798       0x54 C:\Users\Thomas\Documents\LPCXpresso_8.2.2_650\workspace\lpc_board_keil_mcb_1857\Debug\liblpc_board_keil_mcb_1857.a(board_sysinit.o)
 .text.Board_SetupMuxing
                0x1a0017ec       0x58 C:\Users\Thomas\Documents\LPCXpresso_8.2.2_650\workspace\lpc_board_keil_mcb_1857\Debug\liblpc_board_keil_mcb_1857.a(board_sysinit.o)
                0x1a0017ec                Board_SetupMuxing
 .text.Board_SetupExtMemory
                0x1a001844       0x70 C:\Users\Thomas\Documents\LPCXpresso_8.2.2_650\workspace\lpc_board_keil_mcb_1857\Debug\liblpc_board_keil_mcb_1857.a(board_sysinit.o)
                0x1a001844                Board_SetupExtMemory
 .text.Board_SetupClocking
                0x1a0018b4       0xa0 C:\Users\Thomas\Documents\LPCXpresso_8.2.2_650\workspace\lpc_board_keil_mcb_1857\Debug\liblpc_board_keil_mcb_1857.a(board_sysinit.o)
                0x1a0018b4                Board_SetupClocking
 .text.Board_SystemInit
                0x1a001954       0x14 C:\Users\Thomas\Documents\LPCXpresso_8.2.2_650\workspace\lpc_board_keil_mcb_1857\Debug\liblpc_board_keil_mcb_1857.a(board_sysinit.o)
                0x1a001954                Board_SystemInit
 .text.SystemCoreClockUpdate
                0x1a001968       0x18 C:\Users\Thomas\Documents\LPCXpresso_8.2.2_650\workspace\lpc_chip_18xx\Debug\liblpc_chip_18xx.a(chip_18xx_43xx.o)
                0x1a001968                SystemCoreClockUpdate
 .text.ABS      0x1a001980       0x20 C:\Users\Thomas\Documents\LPCXpresso_8.2.2_650\workspace\lpc_chip_18xx\Debug\liblpc_chip_18xx.a(clock_18xx_43xx.o)
 .text.pll_calc_divs
                0x1a0019a0      0x124 C:\Users\Thomas\Documents\LPCXpresso_8.2.2_650\workspace\lpc_chip_18xx\Debug\liblpc_chip_18xx.a(clock_18xx_43xx.o)
 .text.pll_get_frac
                0x1a001ac4      0x178 C:\Users\Thomas\Documents\LPCXpresso_8.2.2_650\workspace\lpc_chip_18xx\Debug\liblpc_chip_18xx.a(clock_18xx_43xx.o)
 .text.Chip_Clock_GetDivRate
                0x1a001c3c       0x40 C:\Users\Thomas\Documents\LPCXpresso_8.2.2_650\workspace\lpc_chip_18xx\Debug\liblpc_chip_18xx.a(clock_18xx_43xx.o)
 .text.Chip_Clock_FindBaseClock
                0x1a001c7c       0x8c C:\Users\Thomas\Documents\LPCXpresso_8.2.2_650\workspace\lpc_chip_18xx\Debug\liblpc_chip_18xx.a(clock_18xx_43xx.o)
 .text.Chip_Clock_EnableCrystal
                0x1a001d08       0x6c C:\Users\Thomas\Documents\LPCXpresso_8.2.2_650\workspace\lpc_chip_18xx\Debug\liblpc_chip_18xx.a(clock_18xx_43xx.o)
                0x1a001d08                Chip_Clock_EnableCrystal
 .text.Chip_Clock_CalcMainPLLValue
                0x1a001d74       0xd8 C:\Users\Thomas\Documents\LPCXpresso_8.2.2_650\workspace\lpc_chip_18xx\Debug\liblpc_chip_18xx.a(clock_18xx_43xx.o)
                0x1a001d74                Chip_Clock_CalcMainPLLValue
 .text.Chip_Clock_GetMainPLLHz
                0x1a001e4c       0xc0 C:\Users\Thomas\Documents\LPCXpresso_8.2.2_650\workspace\lpc_chip_18xx\Debug\liblpc_chip_18xx.a(clock_18xx_43xx.o)
                0x1a001e4c                Chip_Clock_GetMainPLLHz
 .text.Chip_Clock_SetDivider
                0x1a001f0c       0x84 C:\Users\Thomas\Documents\LPCXpresso_8.2.2_650\workspace\lpc_chip_18xx\Debug\liblpc_chip_18xx.a(clock_18xx_43xx.o)
                0x1a001f0c                Chip_Clock_SetDivider
 .text.Chip_Clock_GetDividerSource
                0x1a001f90       0x40 C:\Users\Thomas\Documents\LPCXpresso_8.2.2_650\workspace\lpc_chip_18xx\Debug\liblpc_chip_18xx.a(clock_18xx_43xx.o)
                0x1a001f90                Chip_Clock_GetDividerSource
 .text.Chip_Clock_GetDividerDivisor
                0x1a001fd0       0x34 C:\Users\Thomas\Documents\LPCXpresso_8.2.2_650\workspace\lpc_chip_18xx\Debug\liblpc_chip_18xx.a(clock_18xx_43xx.o)
                0x1a001fd0                Chip_Clock_GetDividerDivisor
 .text.Chip_Clock_GetClockInputHz
                0x1a002004      0x140 C:\Users\Thomas\Documents\LPCXpresso_8.2.2_650\workspace\lpc_chip_18xx\Debug\liblpc_chip_18xx.a(clock_18xx_43xx.o)
                0x1a002004                Chip_Clock_GetClockInputHz
 .text.Chip_Clock_GetBaseClocktHz
                0x1a002144       0x24 C:\Users\Thomas\Documents\LPCXpresso_8.2.2_650\workspace\lpc_chip_18xx\Debug\liblpc_chip_18xx.a(clock_18xx_43xx.o)
                0x1a002144                Chip_Clock_GetBaseClocktHz
 .text.Chip_Clock_SetBaseClock
                0x1a002168       0x9c C:\Users\Thomas\Documents\LPCXpresso_8.2.2_650\workspace\lpc_chip_18xx\Debug\liblpc_chip_18xx.a(clock_18xx_43xx.o)
                0x1a002168                Chip_Clock_SetBaseClock
 .text.Chip_Clock_GetBaseClock
                0x1a002204       0x4c C:\Users\Thomas\Documents\LPCXpresso_8.2.2_650\workspace\lpc_chip_18xx\Debug\liblpc_chip_18xx.a(clock_18xx_43xx.o)
                0x1a002204                Chip_Clock_GetBaseClock
 .text.Chip_Clock_EnableOpts
                0x1a002250       0x7c C:\Users\Thomas\Documents\LPCXpresso_8.2.2_650\workspace\lpc_chip_18xx\Debug\liblpc_chip_18xx.a(clock_18xx_43xx.o)
                0x1a002250                Chip_Clock_EnableOpts
 .text.Chip_Clock_Enable
                0x1a0022cc       0x60 C:\Users\Thomas\Documents\LPCXpresso_8.2.2_650\workspace\lpc_chip_18xx\Debug\liblpc_chip_18xx.a(clock_18xx_43xx.o)
                0x1a0022cc                Chip_Clock_Enable
 .text.Chip_Clock_GetRate
                0x1a00232c       0x88 C:\Users\Thomas\Documents\LPCXpresso_8.2.2_650\workspace\lpc_chip_18xx\Debug\liblpc_chip_18xx.a(clock_18xx_43xx.o)
                0x1a00232c                Chip_Clock_GetRate
 .text.Chip_Clock_GetEMCRate
                0x1a0023b4       0x48 C:\Users\Thomas\Documents\LPCXpresso_8.2.2_650\workspace\lpc_chip_18xx\Debug\liblpc_chip_18xx.a(clock_18xx_43xx.o)
                0x1a0023b4                Chip_Clock_GetEMCRate
 .text.convertTimmingParam
                0x1a0023fc       0x68 C:\Users\Thomas\Documents\LPCXpresso_8.2.2_650\workspace\lpc_chip_18xx\Debug\liblpc_chip_18xx.a(emc_18xx_43xx.o)
 .text.getColsLen
                0x1a002464       0x4c C:\Users\Thomas\Documents\LPCXpresso_8.2.2_650\workspace\lpc_chip_18xx\Debug\liblpc_chip_18xx.a(emc_18xx_43xx.o)
 .text.initDynMem
                0x1a0024b0      0x2d0 C:\Users\Thomas\Documents\LPCXpresso_8.2.2_650\workspace\lpc_chip_18xx\Debug\liblpc_chip_18xx.a(emc_18xx_43xx.o)
                0x1a0024b0                initDynMem
 .text.initStaticMem
                0x1a002780       0xb0 C:\Users\Thomas\Documents\LPCXpresso_8.2.2_650\workspace\lpc_chip_18xx\Debug\liblpc_chip_18xx.a(emc_18xx_43xx.o)
                0x1a002780                initStaticMem
 .text.Chip_EMC_Dynamic_Init
                0x1a002830       0x24 C:\Users\Thomas\Documents\LPCXpresso_8.2.2_650\workspace\lpc_chip_18xx\Debug\liblpc_chip_18xx.a(emc_18xx_43xx.o)
                0x1a002830                Chip_EMC_Dynamic_Init
 .text.Chip_EMC_Static_Init
                0x1a002854       0x24 C:\Users\Thomas\Documents\LPCXpresso_8.2.2_650\workspace\lpc_chip_18xx\Debug\liblpc_chip_18xx.a(emc_18xx_43xx.o)
                0x1a002854                Chip_EMC_Static_Init
 .text.Chip_EMC_Init
                0x1a002878       0x4c C:\Users\Thomas\Documents\LPCXpresso_8.2.2_650\workspace\lpc_chip_18xx\Debug\liblpc_chip_18xx.a(emc_18xx_43xx.o)
                0x1a002878                Chip_EMC_Init
 .text.Chip_GPIO_Init
                0x1a0028c4       0x14 C:\Users\Thomas\Documents\LPCXpresso_8.2.2_650\workspace\lpc_chip_18xx\Debug\liblpc_chip_18xx.a(gpio_18xx_43xx.o)
                0x1a0028c4                Chip_GPIO_Init
 .text.Chip_Clock_DisableMainPLL
                0x1a0028d8       0x1c C:\Users\Thomas\Documents\LPCXpresso_8.2.2_650\workspace\lpc_chip_18xx\Debug\liblpc_chip_18xx.a(sysinit_18xx_43xx.o)
 .text.Chip_Clock_SetupMainPLL
                0x1a0028f4       0x40 C:\Users\Thomas\Documents\LPCXpresso_8.2.2_650\workspace\lpc_chip_18xx\Debug\liblpc_chip_18xx.a(sysinit_18xx_43xx.o)
 .text.Chip_Clock_MainPLLLocked
                0x1a002934       0x24 C:\Users\Thomas\Documents\LPCXpresso_8.2.2_650\workspace\lpc_chip_18xx\Debug\liblpc_chip_18xx.a(sysinit_18xx_43xx.o)
 .text.Chip_SetupCoreClock
                0x1a002958      0x15c C:\Users\Thomas\Documents\LPCXpresso_8.2.2_650\workspace\lpc_chip_18xx\Debug\liblpc_chip_18xx.a(sysinit_18xx_43xx.o)
                0x1a002958                Chip_SetupCoreClock
 .text.Chip_UART_TXDisable
                0x1a002ab4       0x18 C:\Users\Thomas\Documents\LPCXpresso_8.2.2_650\workspace\lpc_chip_18xx\Debug\liblpc_chip_18xx.a(uart_18xx_43xx.o)
 .text.Chip_UART_SendByte
                0x1a002acc       0x1c C:\Users\Thomas\Documents\LPCXpresso_8.2.2_650\workspace\lpc_chip_18xx\Debug\liblpc_chip_18xx.a(uart_18xx_43xx.o)
 .text.Chip_UART_SetupFIFOS
                0x1a002ae8       0x1c C:\Users\Thomas\Documents\LPCXpresso_8.2.2_650\workspace\lpc_chip_18xx\Debug\liblpc_chip_18xx.a(uart_18xx_43xx.o)
 .text.Chip_UART_ConfigData
                0x1a002b04       0x1c C:\Users\Thomas\Documents\LPCXpresso_8.2.2_650\workspace\lpc_chip_18xx\Debug\liblpc_chip_18xx.a(uart_18xx_43xx.o)
 .text.Chip_UART_EnableDivisorAccess
                0x1a002b20       0x20 C:\Users\Thomas\Documents\LPCXpresso_8.2.2_650\workspace\lpc_chip_18xx\Debug\liblpc_chip_18xx.a(uart_18xx_43xx.o)
 .text.Chip_UART_DisableDivisorAccess
                0x1a002b40       0x20 C:\Users\Thomas\Documents\LPCXpresso_8.2.2_650\workspace\lpc_chip_18xx\Debug\liblpc_chip_18xx.a(uart_18xx_43xx.o)
 .text.Chip_UART_SetDivisorLatches
                0x1a002b60       0x28 C:\Users\Thomas\Documents\LPCXpresso_8.2.2_650\workspace\lpc_chip_18xx\Debug\liblpc_chip_18xx.a(uart_18xx_43xx.o)
 .text.Chip_UART_ReadLineStatus
                0x1a002b88       0x18 C:\Users\Thomas\Documents\LPCXpresso_8.2.2_650\workspace\lpc_chip_18xx\Debug\liblpc_chip_18xx.a(uart_18xx_43xx.o)
 .text.Chip_UART_GetIndex
                0x1a002ba0       0x5c C:\Users\Thomas\Documents\LPCXpresso_8.2.2_650\workspace\lpc_chip_18xx\Debug\liblpc_chip_18xx.a(uart_18xx_43xx.o)
 .text.Chip_UART_Init
                0x1a002bfc       0x84 C:\Users\Thomas\Documents\LPCXpresso_8.2.2_650\workspace\lpc_chip_18xx\Debug\liblpc_chip_18xx.a(uart_18xx_43xx.o)
                0x1a002bfc                Chip_UART_Init
 .text.Chip_UART_Send
                0x1a002c80       0x50 C:\Users\Thomas\Documents\LPCXpresso_8.2.2_650\workspace\lpc_chip_18xx\Debug\liblpc_chip_18xx.a(uart_18xx_43xx.o)
                0x1a002c80                Chip_UART_Send
 .text.Chip_UART_SetBaud
                0x1a002cd0       0x6c C:\Users\Thomas\Documents\LPCXpresso_8.2.2_650\workspace\lpc_chip_18xx\Debug\liblpc_chip_18xx.a(uart_18xx_43xx.o)
                0x1a002cd0                Chip_UART_SetBaud
 .text.__main   0x1a002d3c       0x14 c:/nxp/lpcxpresso_8.2.2_650/lpcxpresso/tools/bin/../lib/gcc/arm-none-eabi/5.4.1/../../../../arm-none-eabi/lib/armv7-m\libcr_nohost.a(_cr__main.o)
                0x1a002d3c                __main
 .text.memset   0x1a002d50        0x4 c:/nxp/lpcxpresso_8.2.2_650/lpcxpresso/tools/bin/../lib/gcc/arm-none-eabi/5.4.1/../../../../arm-none-eabi/lib/armv7-m\libcr_c.a(memset.o)
                0x1a002d50                memset
 .text.malloc   0x1a002d54       0xc8 c:/nxp/lpcxpresso_8.2.2_650/lpcxpresso/tools/bin/../lib/gcc/arm-none-eabi/5.4.1/../../../../arm-none-eabi/lib/armv7-m\libcr_c.a(alloc.o)
                0x1a002d54                malloc
 .text.free     0x1a002e1c       0x30 c:/nxp/lpcxpresso_8.2.2_650/lpcxpresso/tools/bin/../lib/gcc/arm-none-eabi/5.4.1/../../../../arm-none-eabi/lib/armv7-m\libcr_c.a(alloc.o)
                0x1a002e1c                free
 .text._Csys_alloc
                0x1a002e4c       0x20 c:/nxp/lpcxpresso_8.2.2_650/lpcxpresso/tools/bin/../lib/gcc/arm-none-eabi/5.4.1/../../../../arm-none-eabi/lib/armv7-m\libcr_c.a(alloc.o)
                0x1a002e4c                _Csys_alloc
 .text._initio  0x1a002e6c       0xa4 c:/nxp/lpcxpresso_8.2.2_650/lpcxpresso/tools/bin/../lib/gcc/arm-none-eabi/5.4.1/../../../../arm-none-eabi/lib/armv7-m\libcr_c.a(initio.o)
                0x1a002e6c                _initio
 .text.setvbuf  0x1a002f10       0x40 c:/nxp/lpcxpresso_8.2.2_650/lpcxpresso/tools/bin/../lib/gcc/arm-none-eabi/5.4.1/../../../../arm-none-eabi/lib/armv7-m\libcr_c.a(setvbuf.o)
                0x1a002f10                setvbuf
 .text.strlen   0x1a002f50       0x4a c:/nxp/lpcxpresso_8.2.2_650/lpcxpresso/tools/bin/../lib/gcc/arm-none-eabi/5.4.1/../../../../arm-none-eabi/lib/armv7-m\libcr_c.a(strlen.o)
                0x1a002f50                strlen
 *fill*         0x1a002f9a        0x2 ff
 .text._sbrk    0x1a002f9c       0x40 c:/nxp/lpcxpresso_8.2.2_650/lpcxpresso/tools/bin/../lib/gcc/arm-none-eabi/5.4.1/../../../../arm-none-eabi/lib/armv7-m\libcr_c.a(_cr_sbrk.o)
                0x1a002f9c                _sbrk
 .text._deferredlazyseek
                0x1a002fdc       0x44 c:/nxp/lpcxpresso_8.2.2_650/lpcxpresso/tools/bin/../lib/gcc/arm-none-eabi/5.4.1/../../../../arm-none-eabi/lib/armv7-m\libcr_c.a(_deferredlazyseek.o)
                0x1a002fdc                _deferredlazyseek
 .text._fdopen  0x1a003020       0x6a c:/nxp/lpcxpresso_8.2.2_650/lpcxpresso/tools/bin/../lib/gcc/arm-none-eabi/5.4.1/../../../../arm-none-eabi/lib/armv7-m\libcr_c.a(_fdopen.o)
                0x1a003020                _fdopen
 .text._fflush  0x1a00308a       0x58 c:/nxp/lpcxpresso_8.2.2_650/lpcxpresso/tools/bin/../lib/gcc/arm-none-eabi/5.4.1/../../../../arm-none-eabi/lib/armv7-m\libcr_c.a(_fflush.o)
                0x1a00308a                _fflush
 *fill*         0x1a0030e2        0x2 ff
 .text._Cwritebuf
                0x1a0030e4       0x68 c:/nxp/lpcxpresso_8.2.2_650/lpcxpresso/tools/bin/../lib/gcc/arm-none-eabi/5.4.1/../../../../arm-none-eabi/lib/armv7-m\libcr_c.a(_writebuf.o)
                0x1a0030e4                _Cwritebuf
 .text.fclose   0x1a00314c       0x6c c:/nxp/lpcxpresso_8.2.2_650/lpcxpresso/tools/bin/../lib/gcc/arm-none-eabi/5.4.1/../../../../arm-none-eabi/lib/armv7-m\libcr_c.a(fclose.o)
                0x1a00314c                fclose
 .text.fflush   0x1a0031b8       0x30 c:/nxp/lpcxpresso_8.2.2_650/lpcxpresso/tools/bin/../lib/gcc/arm-none-eabi/5.4.1/../../../../arm-none-eabi/lib/armv7-m\libcr_c.a(fflush.o)
                0x1a0031b8                fflush
 .text.fseek    0x1a0031e8      0x110 c:/nxp/lpcxpresso_8.2.2_650/lpcxpresso/tools/bin/../lib/gcc/arm-none-eabi/5.4.1/../../../../arm-none-eabi/lib/armv7-m\libcr_c.a(fseek.o)
                0x1a0031e8                fseek
 .text.ftell    0x1a0032f8       0x4c c:/nxp/lpcxpresso_8.2.2_650/lpcxpresso/tools/bin/../lib/gcc/arm-none-eabi/5.4.1/../../../../arm-none-eabi/lib/armv7-m\libcr_c.a(ftell.o)
                0x1a0032f8                ftell
 .text.remove   0x1a003344       0x14 c:/nxp/lpcxpresso_8.2.2_650/lpcxpresso/tools/bin/../lib/gcc/arm-none-eabi/5.4.1/../../../../arm-none-eabi/lib/armv7-m\libcr_c.a(remove.o)
                0x1a003344                remove
 .text.__check_heap_overflow
                0x1a003358       0x18 c:/nxp/lpcxpresso_8.2.2_650/lpcxpresso/tools/bin/../lib/gcc/arm-none-eabi/5.4.1/../../../../arm-none-eabi/lib/armv7-m\libcr_c.a(_cr_check_heap.o)
                0x1a003358                __check_heap_overflow
 .text._do_fflush
                0x1a003370       0x44 c:/nxp/lpcxpresso_8.2.2_650/lpcxpresso/tools/bin/../lib/gcc/arm-none-eabi/5.4.1/../../../../arm-none-eabi/lib/armv7-m\libcr_c.a(_do_fflush.o)
                0x1a003370                _do_fflush
 .text.__aeabi_memset_lowlevel
                0x1a0033b4       0x32 c:/nxp/lpcxpresso_8.2.2_650/lpcxpresso/tools/bin/../lib/gcc/arm-none-eabi/5.4.1/armv7-m\libcr_eabihelpers.a(memcpy.o)
                0x1a0033b4                __aeabi_lowlevel_memset
 .text.__sys_appexit
                0x1a0033e6        0x2 c:/nxp/lpcxpresso_8.2.2_650/lpcxpresso/tools/bin/../lib/gcc/arm-none-eabi/5.4.1/../../../../arm-none-eabi/lib/armv7-m\libcr_nohost.a(__sys_appexit.o)
                0x1a0033e6                __sys_appexit
                0x1a0033e6                __exit
 .text.__sys_close
                0x1a0033e8        0x6 c:/nxp/lpcxpresso_8.2.2_650/lpcxpresso/tools/bin/../lib/gcc/arm-none-eabi/5.4.1/../../../../arm-none-eabi/lib/armv7-m\libcr_nohost.a(__sys_close.o)
                0x1a0033e8                __sys_close
 .text.__sys_flen
                0x1a0033ee        0x6 c:/nxp/lpcxpresso_8.2.2_650/lpcxpresso/tools/bin/../lib/gcc/arm-none-eabi/5.4.1/../../../../arm-none-eabi/lib/armv7-m\libcr_nohost.a(__sys_flen.o)
                0x1a0033ee                __sys_flen
 .text.__sys_istty
                0x1a0033f4        0x6 c:/nxp/lpcxpresso_8.2.2_650/lpcxpresso/tools/bin/../lib/gcc/arm-none-eabi/5.4.1/../../../../arm-none-eabi/lib/armv7-m\libcr_nohost.a(__sys_istty.o)
                0x1a0033f4                __sys_istty
 .text.__sys_remove
                0x1a0033fa        0x6 c:/nxp/lpcxpresso_8.2.2_650/lpcxpresso/tools/bin/../lib/gcc/arm-none-eabi/5.4.1/../../../../arm-none-eabi/lib/armv7-m\libcr_nohost.a(__sys_remove.o)
                0x1a0033fa                __sys_remove
 .text.__sys_seek
                0x1a003400        0x6 c:/nxp/lpcxpresso_8.2.2_650/lpcxpresso/tools/bin/../lib/gcc/arm-none-eabi/5.4.1/../../../../arm-none-eabi/lib/armv7-m\libcr_nohost.a(__sys_seek.o)
                0x1a003400                __sys_seek
 .text.__sys_tmpnam
                0x1a003406        0x6 c:/nxp/lpcxpresso_8.2.2_650/lpcxpresso/tools/bin/../lib/gcc/arm-none-eabi/5.4.1/../../../../arm-none-eabi/lib/armv7-m\libcr_nohost.a(__sys_tmpnam.o)
                0x1a003406                __sys_tmpnam
 *(.rodata .rodata.* .constdata .constdata.*)
 .rodata        0x1a00340c        0x5 ./freertos/src/tasks.o
 *fill*         0x1a003411        0x3 ff
 .rodata        0x1a003414       0x31 ./example/src/uart.o
 *fill*         0x1a003445        0x3 ff
 .rodata.ledports
                0x1a003448        0x8 C:\Users\Thomas\Documents\LPCXpresso_8.2.2_650\workspace\lpc_board_keil_mcb_1857\Debug\liblpc_board_keil_mcb_1857.a(board.o)
 .rodata.ledbits
                0x1a003450        0x8 C:\Users\Thomas\Documents\LPCXpresso_8.2.2_650\workspace\lpc_board_keil_mcb_1857\Debug\liblpc_board_keil_mcb_1857.a(board.o)
 .rodata.ExtRateIn
                0x1a003458        0x4 C:\Users\Thomas\Documents\LPCXpresso_8.2.2_650\workspace\lpc_board_keil_mcb_1857\Debug\liblpc_board_keil_mcb_1857.a(board.o)
                0x1a003458                ExtRateIn
 .rodata.OscRateIn
                0x1a00345c        0x4 C:\Users\Thomas\Documents\LPCXpresso_8.2.2_650\workspace\lpc_board_keil_mcb_1857\Debug\liblpc_board_keil_mcb_1857.a(board.o)
                0x1a00345c                OscRateIn
 .rodata.InitClkStates
                0x1a003460       0x10 C:\Users\Thomas\Documents\LPCXpresso_8.2.2_650\workspace\lpc_board_keil_mcb_1857\Debug\liblpc_board_keil_mcb_1857.a(board_sysinit.o)
 .rodata.spifipinmuxing
                0x1a003470       0x18 C:\Users\Thomas\Documents\LPCXpresso_8.2.2_650\workspace\lpc_board_keil_mcb_1857\Debug\liblpc_board_keil_mcb_1857.a(board_sysinit.o)
 .rodata.pinmuxing
                0x1a003488      0x1f0 C:\Users\Thomas\Documents\LPCXpresso_8.2.2_650\workspace\lpc_board_keil_mcb_1857\Debug\liblpc_board_keil_mcb_1857.a(board_sysinit.o)
 .rodata.pinclockmuxing
                0x1a003678       0x10 C:\Users\Thomas\Documents\LPCXpresso_8.2.2_650\workspace\lpc_board_keil_mcb_1857\Debug\liblpc_board_keil_mcb_1857.a(board_sysinit.o)
 .rodata.MT48LC4M32_config
                0x1a003688       0x74 C:\Users\Thomas\Documents\LPCXpresso_8.2.2_650\workspace\lpc_board_keil_mcb_1857\Debug\liblpc_board_keil_mcb_1857.a(board_sysinit.o)
 .rodata.S29GL64N90_config
                0x1a0036fc       0x20 C:\Users\Thomas\Documents\LPCXpresso_8.2.2_650\workspace\lpc_board_keil_mcb_1857\Debug\liblpc_board_keil_mcb_1857.a(board_sysinit.o)
 .rodata.periph_to_base
                0x1a00371c       0x5a C:\Users\Thomas\Documents\LPCXpresso_8.2.2_650\workspace\lpc_chip_18xx\Debug\liblpc_chip_18xx.a(clock_18xx_43xx.o)
 *fill*         0x1a003776        0x2 ff
 .rodata        0x1a003778        0xa C:\Users\Thomas\Documents\LPCXpresso_8.2.2_650\workspace\lpc_chip_18xx\Debug\liblpc_chip_18xx.a(clock_18xx_43xx.o)
 *fill*         0x1a003782        0x2 ff
 .rodata.InitClkStates
                0x1a003784       0x3c C:\Users\Thomas\Documents\LPCXpresso_8.2.2_650\workspace\lpc_chip_18xx\Debug\liblpc_chip_18xx.a(sysinit_18xx_43xx.o)
 .rodata.UART_PClock
                0x1a0037c0        0x8 C:\Users\Thomas\Documents\LPCXpresso_8.2.2_650\workspace\lpc_chip_18xx\Debug\liblpc_chip_18xx.a(uart_18xx_43xx.o)
 .rodata.UART_BClock
                0x1a0037c8        0x8 C:\Users\Thomas\Documents\LPCXpresso_8.2.2_650\workspace\lpc_chip_18xx\Debug\liblpc_chip_18xx.a(uart_18xx_43xx.o)
 .rodata.str1.1
                0x1a0037d0       0x18 c:/nxp/lpcxpresso_8.2.2_650/lpcxpresso/tools/bin/../lib/gcc/arm-none-eabi/5.4.1/../../../../arm-none-eabi/lib/armv7-m\libcr_c.a(alloc.o)
 .rodata.str1.1
                0x1a0037e8        0x4 c:/nxp/lpcxpresso_8.2.2_650/lpcxpresso/tools/bin/../lib/gcc/arm-none-eabi/5.4.1/../../../../arm-none-eabi/lib/armv7-m\libcr_c.a(initio.o)
                0x1a0037ec                . = ALIGN (0x4)

.glue_7         0x1a0037ec        0x0
 .glue_7        0x1a0037ec        0x0 linker stubs

.glue_7t        0x1a0037ec        0x0
 .glue_7t       0x1a0037ec        0x0 linker stubs

.vfp11_veneer   0x1a0037ec        0x0
 .vfp11_veneer  0x1a0037ec        0x0 linker stubs

.v4_bx          0x1a0037ec        0x0
 .v4_bx         0x1a0037ec        0x0 linker stubs

.iplt           0x1a0037ec        0x0
 .iplt          0x1a0037ec        0x0 ./freertos/src/FreeRTOSCommonHooks.o

.rel.dyn        0x1a0037ec        0x0
 .rel.iplt      0x1a0037ec        0x0 ./freertos/src/FreeRTOSCommonHooks.o

.ARM.extab
 *(.ARM.extab* .gnu.linkonce.armextab.*)
                0x1a0037ec                __exidx_start = .

.ARM.exidx
 *(.ARM.exidx* .gnu.linkonce.armexidx.*)
                0x1a0037ec                __exidx_end = .
                0x1a0037ec                _etext = .

.data_RAM2      0x10080000        0x0 load address 0x1a0037ec
 FILL mask 0xff
                [!provide]                PROVIDE (__start_data_RAM2, .)
 *(.ramfunc.$RAM2)
 *(.ramfunc.$RamLoc40)
 *(.data.$RAM2*)
 *(.data.$RamLoc40*)
                0x10080000                . = ALIGN (0x4)
                [!provide]                PROVIDE (__end_data_RAM2, .)

.data_RAM3      0x20000000        0x0 load address 0x1a0037ec
 FILL mask 0xff
                [!provide]                PROVIDE (__start_data_RAM3, .)
 *(.ramfunc.$RAM3)
 *(.ramfunc.$RamAHB32)
 *(.data.$RAM3*)
 *(.data.$RamAHB32*)
                0x20000000                . = ALIGN (0x4)
                [!provide]                PROVIDE (__end_data_RAM3, .)

.data_RAM4      0x20008000        0x0 load address 0x1a0037ec
 FILL mask 0xff
                [!provide]                PROVIDE (__start_data_RAM4, .)
 *(.ramfunc.$RAM4)
 *(.ramfunc.$RamAHB16)
 *(.data.$RAM4*)
 *(.data.$RamAHB16*)
                0x20008000                . = ALIGN (0x4)
                [!provide]                PROVIDE (__end_data_RAM4, .)

.data_RAM5      0x2000c000        0x0 load address 0x1a0037ec
 FILL mask 0xff
                [!provide]                PROVIDE (__start_data_RAM5, .)
 *(.ramfunc.$RAM5)
 *(.ramfunc.$RamAHB_ETB16)
 *(.data.$RAM5*)
 *(.data.$RamAHB_ETB16*)
                0x2000c000                . = ALIGN (0x4)
                [!provide]                PROVIDE (__end_data_RAM5, .)

.uninit_RESERVED
                0x10000000        0x0
 *(.bss.$RESERVED*)
                0x10000000                . = ALIGN (0x4)
                0x10000000                _end_uninit_RESERVED = .

.data           0x10000000        0x8 load address 0x1a0037ec
 FILL mask 0xff
                0x10000000                _data = .
 *(vtable)
 *(.ramfunc*)
 *(.data*)
 .data.uxCriticalNesting
                0x10000000        0x4 ./freertos/src/port.o
 .data.xNextTaskUnblockTime
                0x10000004        0x4 ./freertos/src/tasks.o
                0x10000008                . = ALIGN (0x4)
                0x10000008                _edata = .

.igot.plt       0x10000008        0x0 load address 0x1a0037f4
 .igot.plt      0x10000008        0x0 ./freertos/src/FreeRTOSCommonHooks.o

.bss_RAM2       0x10080000        0x0
                [!provide]                PROVIDE (__start_bss_RAM2, .)
 *(.bss.$RAM2*)
 *(.bss.$RamLoc40*)
                0x10080000                . = ALIGN ((. != 0x0)?0x4:0x1)
                [!provide]                PROVIDE (__end_bss_RAM2, .)

.bss_RAM3       0x20000000        0x0
                [!provide]                PROVIDE (__start_bss_RAM3, .)
 *(.bss.$RAM3*)
 *(.bss.$RamAHB32*)
                0x20000000                . = ALIGN ((. != 0x0)?0x4:0x1)
                [!provide]                PROVIDE (__end_bss_RAM3, .)

.bss_RAM4       0x20008000        0x0
                [!provide]                PROVIDE (__start_bss_RAM4, .)
 *(.bss.$RAM4*)
 *(.bss.$RamAHB16*)
                0x20008000                . = ALIGN ((. != 0x0)?0x4:0x1)
                [!provide]                PROVIDE (__end_bss_RAM4, .)

.bss_RAM5       0x2000c000        0x0
                [!provide]                PROVIDE (__start_bss_RAM5, .)
 *(.bss.$RAM5*)
 *(.bss.$RamAHB_ETB16*)
                0x2000c000                . = ALIGN ((. != 0x0)?0x4:0x1)
                [!provide]                PROVIDE (__end_bss_RAM5, .)

.bss            0x10000008      0x2b0
                0x10000008                _bss = .
 *(.bss*)
 .bss.ulTimerCountsForOneTick
                0x10000008        0x4 ./freertos/src/port.o
 .bss.xMaximumPossibleSuppressedTicks
                0x1000000c        0x4 ./freertos/src/port.o
 .bss.ulStoppedTimerCompensation
                0x10000010        0x4 ./freertos/src/port.o
 .bss.pxCurrentTCB
                0x10000014        0x4 ./freertos/src/tasks.o
                0x10000014                pxCurrentTCB
 .bss.pxReadyTasksLists
                0x10000018       0xa0 ./freertos/src/tasks.o
 .bss.xDelayedTaskList1
                0x100000b8       0x14 ./freertos/src/tasks.o
 .bss.xDelayedTaskList2
                0x100000cc       0x14 ./freertos/src/tasks.o
 .bss.pxDelayedTaskList
                0x100000e0        0x4 ./freertos/src/tasks.o
 .bss.pxOverflowDelayedTaskList
                0x100000e4        0x4 ./freertos/src/tasks.o
 .bss.xPendingReadyList
                0x100000e8       0x14 ./freertos/src/tasks.o
 .bss.xTasksWaitingTermination
                0x100000fc       0x14 ./freertos/src/tasks.o
 .bss.uxTasksDeleted
                0x10000110        0x4 ./freertos/src/tasks.o
 .bss.xSuspendedTaskList
                0x10000114       0x14 ./freertos/src/tasks.o
 .bss.uxCurrentNumberOfTasks
                0x10000128        0x4 ./freertos/src/tasks.o
 .bss.xTickCount
                0x1000012c        0x4 ./freertos/src/tasks.o
 .bss.uxTopReadyPriority
                0x10000130        0x4 ./freertos/src/tasks.o
 .bss.xSchedulerRunning
                0x10000134        0x4 ./freertos/src/tasks.o
 .bss.uxPendedTicks
                0x10000138        0x4 ./freertos/src/tasks.o
 .bss.xYieldPending
                0x1000013c        0x4 ./freertos/src/tasks.o
 .bss.xNumOfOverflows
                0x10000140        0x4 ./freertos/src/tasks.o
 .bss.uxTaskNumber
                0x10000144        0x4 ./freertos/src/tasks.o
 .bss.uxSchedulerSuspended
                0x10000148        0x4 ./freertos/src/tasks.o
 .bss.count     0x1000014c        0x1 ./example/src/uart.o
 *fill*         0x1000014d        0x3 
 .bss.audio_usb_pll_freq
                0x10000150        0x8 C:\Users\Thomas\Documents\LPCXpresso_8.2.2_650\workspace\lpc_chip_18xx\Debug\liblpc_chip_18xx.a(clock_18xx_43xx.o)
 .bss._extra    0x10000158        0x4 c:/nxp/lpcxpresso_8.2.2_650/lpcxpresso/tools/bin/../lib/gcc/arm-none-eabi/5.4.1/../../../../arm-none-eabi/lib/armv7-m\libcr_c.a(initio.o)
                0x10000158                _extra
 .bss.__Ciob    0x1000015c      0x140 c:/nxp/lpcxpresso_8.2.2_650/lpcxpresso/tools/bin/../lib/gcc/arm-none-eabi/5.4.1/../../../../arm-none-eabi/lib/armv7-m\libcr_c.a(stdio.o)
                0x1000015c                __Ciob
 .bss.__heaps   0x1000029c        0x4 c:/nxp/lpcxpresso_8.2.2_650/lpcxpresso/tools/bin/../lib/gcc/arm-none-eabi/5.4.1/../../../../arm-none-eabi/lib/armv7-m\libcr_c.a(__init_alloc.o)
                0x1000029c                __heaps
 .bss.__end_of_heap
                0x100002a0        0x4 c:/nxp/lpcxpresso_8.2.2_650/lpcxpresso/tools/bin/../lib/gcc/arm-none-eabi/5.4.1/../../../../arm-none-eabi/lib/armv7-m\libcr_c.a(__init_alloc.o)
                0x100002a0                __end_of_heap
 .bss.errno     0x100002a4        0x4 c:/nxp/lpcxpresso_8.2.2_650/lpcxpresso/tools/bin/../lib/gcc/arm-none-eabi/5.4.1/../../../../arm-none-eabi/lib/armv7-m\libcr_c.a(errno.o)
                0x100002a4                errno
 *(COMMON)
 COMMON         0x100002a8        0xa ./example/src/uart.o
                0x100002a8                buffer
 *fill*         0x100002b2        0x2 
 COMMON         0x100002b4        0x4 C:\Users\Thomas\Documents\LPCXpresso_8.2.2_650\workspace\lpc_chip_18xx\Debug\liblpc_chip_18xx.a(chip_18xx_43xx.o)
                0x100002b4                SystemCoreClock
                0x100002b8                . = ALIGN (0x4)
                0x100002b8                _ebss = .
                [!provide]                PROVIDE (end, .)

.noinit_RAM2    0x10080000        0x0
 *(.noinit.$RAM2*)
 *(.noinit.$RamLoc40*)
                0x10080000                . = ALIGN (0x4)

.noinit_RAM3    0x20000000        0x0
 *(.noinit.$RAM3*)
 *(.noinit.$RamAHB32*)
                0x20000000                . = ALIGN (0x4)

.noinit_RAM4    0x20008000        0x0
 *(.noinit.$RAM4*)
 *(.noinit.$RamAHB16*)
                0x20008000                . = ALIGN (0x4)

.noinit_RAM5    0x2000c000        0x0
 *(.noinit.$RAM5*)
 *(.noinit.$RamAHB_ETB16*)
                0x2000c000                . = ALIGN (0x4)

.noinit         0x100002b8        0x0
                0x100002b8                _noinit = .
 *(.noinit*)
                0x100002b8                . = ALIGN (0x4)
                0x100002b8                _end_noinit = .
                0x100002b8                PROVIDE (_pvHeapStart, DEFINED (__user_heap_base)?__user_heap_base:.)
                0x10008000                PROVIDE (_vStackTop, DEFINED (__user_stack_top)?__user_stack_top:(__top_RamLoc32 - 0x0))
                [!provide]                PROVIDE (__valid_user_code_checksum, (0x0 - ((((((_vStackTop + (ResetISR + 0x1)) + (NMI_Handler + 0x1)) + (HardFault_Handler + 0x1)) + (DEFINED (MemManage_Handler)?MemManage_Handler:0x0 + 0x1)) + (DEFINED (BusFault_Handler)?BusFault_Handler:0x0 + 0x1)) + (DEFINED (UsageFault_Handler)?UsageFault_Handler:0x0 + 0x1))))
OUTPUT(periph_uart.axf elf32-littlearm)

.debug_info     0x00000000     0xa2f8
 .debug_info    0x00000000      0x184 ./freertos/src/FreeRTOSCommonHooks.o
 .debug_info    0x00000184      0x10e ./freertos/src/heap_3.o
 .debug_info    0x00000292      0x2c4 ./freertos/src/list.o
 .debug_info    0x00000556      0x7cf ./freertos/src/port.o
 .debug_info    0x00000d25     0x1726 ./freertos/src/tasks.o
 .debug_info    0x0000244b      0x29f ./example/src/cr_startup_lpc18xx.o
 .debug_info    0x000026ea       0xea ./example/src/sysinit.o
 .debug_info    0x000027d4      0x96f ./example/src/uart.o
 .debug_info    0x00003143     0x1e48 C:\Users\Thomas\Documents\LPCXpresso_8.2.2_650\workspace\lpc_board_keil_mcb_1857\Debug\liblpc_board_keil_mcb_1857.a(board.o)
 .debug_info    0x00004f8b     0x10bf C:\Users\Thomas\Documents\LPCXpresso_8.2.2_650\workspace\lpc_board_keil_mcb_1857\Debug\liblpc_board_keil_mcb_1857.a(board_sysinit.o)
 .debug_info    0x0000604a      0x959 C:\Users\Thomas\Documents\LPCXpresso_8.2.2_650\workspace\lpc_chip_18xx\Debug\liblpc_chip_18xx.a(chip_18xx_43xx.o)
 .debug_info    0x000069a3     0x14a8 C:\Users\Thomas\Documents\LPCXpresso_8.2.2_650\workspace\lpc_chip_18xx\Debug\liblpc_chip_18xx.a(clock_18xx_43xx.o)
 .debug_info    0x00007e4b      0x936 C:\Users\Thomas\Documents\LPCXpresso_8.2.2_650\workspace\lpc_chip_18xx\Debug\liblpc_chip_18xx.a(emc_18xx_43xx.o)
 .debug_info    0x00008781      0x1fd C:\Users\Thomas\Documents\LPCXpresso_8.2.2_650\workspace\lpc_chip_18xx\Debug\liblpc_chip_18xx.a(gpio_18xx_43xx.o)
 .debug_info    0x0000897e      0x8e5 C:\Users\Thomas\Documents\LPCXpresso_8.2.2_650\workspace\lpc_chip_18xx\Debug\liblpc_chip_18xx.a(sysinit_18xx_43xx.o)
 .debug_info    0x00009263     0x1095 C:\Users\Thomas\Documents\LPCXpresso_8.2.2_650\workspace\lpc_chip_18xx\Debug\liblpc_chip_18xx.a(uart_18xx_43xx.o)

.debug_abbrev   0x00000000     0x1b2a
 .debug_abbrev  0x00000000      0x111 ./freertos/src/FreeRTOSCommonHooks.o
 .debug_abbrev  0x00000111       0xbc ./freertos/src/heap_3.o
 .debug_abbrev  0x000001cd       0xdb ./freertos/src/list.o
 .debug_abbrev  0x000002a8      0x1f2 ./freertos/src/port.o
 .debug_abbrev  0x0000049a      0x267 ./freertos/src/tasks.o
 .debug_abbrev  0x00000701      0x134 ./example/src/cr_startup_lpc18xx.o
 .debug_abbrev  0x00000835       0x9c ./example/src/sysinit.o
 .debug_abbrev  0x000008d1      0x20c ./example/src/uart.o
 .debug_abbrev  0x00000add      0x374 C:\Users\Thomas\Documents\LPCXpresso_8.2.2_650\workspace\lpc_board_keil_mcb_1857\Debug\liblpc_board_keil_mcb_1857.a(board.o)
 .debug_abbrev  0x00000e51      0x1f0 C:\Users\Thomas\Documents\LPCXpresso_8.2.2_650\workspace\lpc_board_keil_mcb_1857\Debug\liblpc_board_keil_mcb_1857.a(board_sysinit.o)
 .debug_abbrev  0x00001041      0x155 C:\Users\Thomas\Documents\LPCXpresso_8.2.2_650\workspace\lpc_chip_18xx\Debug\liblpc_chip_18xx.a(chip_18xx_43xx.o)
 .debug_abbrev  0x00001196      0x2cb C:\Users\Thomas\Documents\LPCXpresso_8.2.2_650\workspace\lpc_chip_18xx\Debug\liblpc_chip_18xx.a(clock_18xx_43xx.o)
 .debug_abbrev  0x00001461      0x1ab C:\Users\Thomas\Documents\LPCXpresso_8.2.2_650\workspace\lpc_chip_18xx\Debug\liblpc_chip_18xx.a(emc_18xx_43xx.o)
 .debug_abbrev  0x0000160c       0xd0 C:\Users\Thomas\Documents\LPCXpresso_8.2.2_650\workspace\lpc_chip_18xx\Debug\liblpc_chip_18xx.a(gpio_18xx_43xx.o)
 .debug_abbrev  0x000016dc      0x18e C:\Users\Thomas\Documents\LPCXpresso_8.2.2_650\workspace\lpc_chip_18xx\Debug\liblpc_chip_18xx.a(sysinit_18xx_43xx.o)
 .debug_abbrev  0x0000186a      0x2c0 C:\Users\Thomas\Documents\LPCXpresso_8.2.2_650\workspace\lpc_chip_18xx\Debug\liblpc_chip_18xx.a(uart_18xx_43xx.o)

.debug_aranges  0x00000000      0x978
 .debug_aranges
                0x00000000       0x40 ./freertos/src/FreeRTOSCommonHooks.o
 .debug_aranges
                0x00000040       0x28 ./freertos/src/heap_3.o
 .debug_aranges
                0x00000068       0x40 ./freertos/src/list.o
 .debug_aranges
                0x000000a8       0x90 ./freertos/src/port.o
 .debug_aranges
                0x00000138      0x190 ./freertos/src/tasks.o
 .debug_aranges
                0x000002c8       0x80 ./example/src/cr_startup_lpc18xx.o
 .debug_aranges
                0x00000348       0x20 ./example/src/sysinit.o
 .debug_aranges
                0x00000368       0x68 ./example/src/uart.o
 .debug_aranges
                0x000003d0      0x1d8 C:\Users\Thomas\Documents\LPCXpresso_8.2.2_650\workspace\lpc_board_keil_mcb_1857\Debug\liblpc_board_keil_mcb_1857.a(board.o)
 .debug_aranges
                0x000005a8       0x58 C:\Users\Thomas\Documents\LPCXpresso_8.2.2_650\workspace\lpc_board_keil_mcb_1857\Debug\liblpc_board_keil_mcb_1857.a(board_sysinit.o)
 .debug_aranges
                0x00000600       0x40 C:\Users\Thomas\Documents\LPCXpresso_8.2.2_650\workspace\lpc_chip_18xx\Debug\liblpc_chip_18xx.a(chip_18xx_43xx.o)
 .debug_aranges
                0x00000640      0x138 C:\Users\Thomas\Documents\LPCXpresso_8.2.2_650\workspace\lpc_chip_18xx\Debug\liblpc_chip_18xx.a(clock_18xx_43xx.o)
 .debug_aranges
                0x00000778       0x70 C:\Users\Thomas\Documents\LPCXpresso_8.2.2_650\workspace\lpc_chip_18xx\Debug\liblpc_chip_18xx.a(emc_18xx_43xx.o)
 .debug_aranges
                0x000007e8       0x28 C:\Users\Thomas\Documents\LPCXpresso_8.2.2_650\workspace\lpc_chip_18xx\Debug\liblpc_chip_18xx.a(gpio_18xx_43xx.o)
 .debug_aranges
                0x00000810       0x50 C:\Users\Thomas\Documents\LPCXpresso_8.2.2_650\workspace\lpc_chip_18xx\Debug\liblpc_chip_18xx.a(sysinit_18xx_43xx.o)
 .debug_aranges
                0x00000860      0x118 C:\Users\Thomas\Documents\LPCXpresso_8.2.2_650\workspace\lpc_chip_18xx\Debug\liblpc_chip_18xx.a(uart_18xx_43xx.o)

.debug_ranges   0x00000000      0x8a8
 .debug_ranges  0x00000000       0x30 ./freertos/src/FreeRTOSCommonHooks.o
 .debug_ranges  0x00000030       0x18 ./freertos/src/heap_3.o
 .debug_ranges  0x00000048       0x30 ./freertos/src/list.o
 .debug_ranges  0x00000078       0x80 ./freertos/src/port.o
 .debug_ranges  0x000000f8      0x180 ./freertos/src/tasks.o
 .debug_ranges  0x00000278       0x70 ./example/src/cr_startup_lpc18xx.o
 .debug_ranges  0x000002e8       0x10 ./example/src/sysinit.o
 .debug_ranges  0x000002f8       0x58 ./example/src/uart.o
 .debug_ranges  0x00000350      0x1c8 C:\Users\Thomas\Documents\LPCXpresso_8.2.2_650\workspace\lpc_board_keil_mcb_1857\Debug\liblpc_board_keil_mcb_1857.a(board.o)
 .debug_ranges  0x00000518       0x48 C:\Users\Thomas\Documents\LPCXpresso_8.2.2_650\workspace\lpc_board_keil_mcb_1857\Debug\liblpc_board_keil_mcb_1857.a(board_sysinit.o)
 .debug_ranges  0x00000560       0x30 C:\Users\Thomas\Documents\LPCXpresso_8.2.2_650\workspace\lpc_chip_18xx\Debug\liblpc_chip_18xx.a(chip_18xx_43xx.o)
 .debug_ranges  0x00000590      0x140 C:\Users\Thomas\Documents\LPCXpresso_8.2.2_650\workspace\lpc_chip_18xx\Debug\liblpc_chip_18xx.a(clock_18xx_43xx.o)
 .debug_ranges  0x000006d0       0x60 C:\Users\Thomas\Documents\LPCXpresso_8.2.2_650\workspace\lpc_chip_18xx\Debug\liblpc_chip_18xx.a(emc_18xx_43xx.o)
 .debug_ranges  0x00000730       0x18 C:\Users\Thomas\Documents\LPCXpresso_8.2.2_650\workspace\lpc_chip_18xx\Debug\liblpc_chip_18xx.a(gpio_18xx_43xx.o)
 .debug_ranges  0x00000748       0x40 C:\Users\Thomas\Documents\LPCXpresso_8.2.2_650\workspace\lpc_chip_18xx\Debug\liblpc_chip_18xx.a(sysinit_18xx_43xx.o)
 .debug_ranges  0x00000788      0x120 C:\Users\Thomas\Documents\LPCXpresso_8.2.2_650\workspace\lpc_chip_18xx\Debug\liblpc_chip_18xx.a(uart_18xx_43xx.o)

.debug_macro    0x00000000     0x86d6
 .debug_macro   0x00000000      0x37f ./freertos/src/FreeRTOSCommonHooks.o
 .debug_macro   0x0000037f      0x88c ./freertos/src/FreeRTOSCommonHooks.o
 .debug_macro   0x00000c0b       0x10 ./freertos/src/FreeRTOSCommonHooks.o
 .debug_macro   0x00000c1b      0x12d ./freertos/src/FreeRTOSCommonHooks.o
 .debug_macro   0x00000d48       0x16 ./freertos/src/FreeRTOSCommonHooks.o
 .debug_macro   0x00000d5e      0x5b2 ./freertos/src/FreeRTOSCommonHooks.o
 .debug_macro   0x00001310       0x40 ./freertos/src/FreeRTOSCommonHooks.o
 .debug_macro   0x00001350       0x10 ./freertos/src/FreeRTOSCommonHooks.o
 .debug_macro   0x00001360       0x22 ./freertos/src/FreeRTOSCommonHooks.o
 .debug_macro   0x00001382       0x74 ./freertos/src/FreeRTOSCommonHooks.o
 .debug_macro   0x000013f6       0x28 ./freertos/src/FreeRTOSCommonHooks.o
 .debug_macro   0x0000141e       0x3a ./freertos/src/FreeRTOSCommonHooks.o
 .debug_macro   0x00001458       0x2d ./freertos/src/FreeRTOSCommonHooks.o
 .debug_macro   0x00001485      0xba3 ./freertos/src/FreeRTOSCommonHooks.o
 .debug_macro   0x00002028      0x2a0 ./freertos/src/FreeRTOSCommonHooks.o
 .debug_macro   0x000022c8      0x112 ./freertos/src/FreeRTOSCommonHooks.o
 .debug_macro   0x000023da       0x11 ./freertos/src/FreeRTOSCommonHooks.o
 .debug_macro   0x000023eb       0x2a ./freertos/src/FreeRTOSCommonHooks.o
 .debug_macro   0x00002415       0x16 ./freertos/src/FreeRTOSCommonHooks.o
 .debug_macro   0x0000242b      0x2e6 ./freertos/src/FreeRTOSCommonHooks.o
 .debug_macro   0x00002711       0x82 ./freertos/src/FreeRTOSCommonHooks.o
 .debug_macro   0x00002793      0x198 ./freertos/src/FreeRTOSCommonHooks.o
 .debug_macro   0x0000292b       0x34 ./freertos/src/FreeRTOSCommonHooks.o
 .debug_macro   0x0000295f       0x58 ./freertos/src/FreeRTOSCommonHooks.o
 .debug_macro   0x000029b7      0x236 ./freertos/src/FreeRTOSCommonHooks.o
 .debug_macro   0x00002bed      0x572 ./freertos/src/FreeRTOSCommonHooks.o
 .debug_macro   0x0000315f       0x16 ./freertos/src/FreeRTOSCommonHooks.o
 .debug_macro   0x00003175      0x18a ./freertos/src/FreeRTOSCommonHooks.o
 .debug_macro   0x000032ff       0x88 ./freertos/src/FreeRTOSCommonHooks.o
 .debug_macro   0x00003387      0x1b9 ./freertos/src/FreeRTOSCommonHooks.o
 .debug_macro   0x00003540      0x1da ./freertos/src/FreeRTOSCommonHooks.o
 .debug_macro   0x0000371a       0x40 ./freertos/src/FreeRTOSCommonHooks.o
 .debug_macro   0x0000375a       0x1c ./freertos/src/FreeRTOSCommonHooks.o
 .debug_macro   0x00003776       0x2e ./freertos/src/FreeRTOSCommonHooks.o
 .debug_macro   0x000037a4       0x2e ./freertos/src/FreeRTOSCommonHooks.o
 .debug_macro   0x000037d2       0x22 ./freertos/src/FreeRTOSCommonHooks.o
 .debug_macro   0x000037f4      0x201 ./freertos/src/FreeRTOSCommonHooks.o
 .debug_macro   0x000039f5       0xe0 ./freertos/src/FreeRTOSCommonHooks.o
 .debug_macro   0x00003ad5      0x34c ./freertos/src/FreeRTOSCommonHooks.o
 .debug_macro   0x00003e21       0xdc ./freertos/src/FreeRTOSCommonHooks.o
 .debug_macro   0x00003efd       0xc4 ./freertos/src/FreeRTOSCommonHooks.o
 .debug_macro   0x00003fc1       0xb8 ./freertos/src/FreeRTOSCommonHooks.o
 .debug_macro   0x00004079       0x4c ./freertos/src/FreeRTOSCommonHooks.o
 .debug_macro   0x000040c5       0x16 ./freertos/src/FreeRTOSCommonHooks.o
 .debug_macro   0x000040db      0x328 ./freertos/src/FreeRTOSCommonHooks.o
 .debug_macro   0x00004403       0x3a ./freertos/src/FreeRTOSCommonHooks.o
 .debug_macro   0x0000443d       0xd0 ./freertos/src/FreeRTOSCommonHooks.o
 .debug_macro   0x0000450d       0x11 ./freertos/src/FreeRTOSCommonHooks.o
 .debug_macro   0x0000451e       0x22 ./freertos/src/FreeRTOSCommonHooks.o
 .debug_macro   0x00004540       0x40 ./freertos/src/FreeRTOSCommonHooks.o
 .debug_macro   0x00004580      0x187 ./freertos/src/FreeRTOSCommonHooks.o
 .debug_macro   0x00004707       0x9a ./freertos/src/FreeRTOSCommonHooks.o
 .debug_macro   0x000047a1       0x20 ./freertos/src/FreeRTOSCommonHooks.o
 .debug_macro   0x000047c1       0x28 ./freertos/src/FreeRTOSCommonHooks.o
 .debug_macro   0x000047e9      0x124 ./freertos/src/FreeRTOSCommonHooks.o
 .debug_macro   0x0000490d       0xee ./freertos/src/FreeRTOSCommonHooks.o
 .debug_macro   0x000049fb       0xaf ./freertos/src/FreeRTOSCommonHooks.o
 .debug_macro   0x00004aaa       0x12 ./freertos/src/FreeRTOSCommonHooks.o
 .debug_macro   0x00004abc       0x1f ./freertos/src/FreeRTOSCommonHooks.o
 .debug_macro   0x00004adb      0x35a ./freertos/src/FreeRTOSCommonHooks.o
 .debug_macro   0x00004e35       0x79 ./freertos/src/FreeRTOSCommonHooks.o
 .debug_macro   0x00004eae       0x69 ./freertos/src/FreeRTOSCommonHooks.o
 .debug_macro   0x00004f17      0x395 ./freertos/src/heap_3.o
 .debug_macro   0x000052ac      0x37a ./freertos/src/list.o
 .debug_macro   0x00005626      0x40c ./freertos/src/port.o
 .debug_macro   0x00005a32      0x426 ./freertos/src/tasks.o
 .debug_macro   0x00005e58       0x16 ./freertos/src/tasks.o
 .debug_macro   0x00005e6e       0x1d ./example/src/cr_startup_lpc18xx.o
 .debug_macro   0x00005e8b      0x2fa ./example/src/sysinit.o
 .debug_macro   0x00006185       0x7b ./example/src/sysinit.o
 .debug_macro   0x00006200       0x18 ./example/src/sysinit.o
 .debug_macro   0x00006218      0x38d ./example/src/uart.o
 .debug_macro   0x000065a5      0x18d ./example/src/uart.o
 .debug_macro   0x00006732       0x10 ./example/src/uart.o
 .debug_macro   0x00006742       0xf4 ./example/src/uart.o
 .debug_macro   0x00006836      0x317 C:\Users\Thomas\Documents\LPCXpresso_8.2.2_650\workspace\lpc_board_keil_mcb_1857\Debug\liblpc_board_keil_mcb_1857.a(board.o)
 .debug_macro   0x00006b4d      0x886 C:\Users\Thomas\Documents\LPCXpresso_8.2.2_650\workspace\lpc_board_keil_mcb_1857\Debug\liblpc_board_keil_mcb_1857.a(board.o)
 .debug_macro   0x000073d3       0x12 C:\Users\Thomas\Documents\LPCXpresso_8.2.2_650\workspace\lpc_board_keil_mcb_1857\Debug\liblpc_board_keil_mcb_1857.a(board.o)
 .debug_macro   0x000073e5      0x301 C:\Users\Thomas\Documents\LPCXpresso_8.2.2_650\workspace\lpc_board_keil_mcb_1857\Debug\liblpc_board_keil_mcb_1857.a(board_sysinit.o)
 .debug_macro   0x000076e6      0x2a6 C:\Users\Thomas\Documents\LPCXpresso_8.2.2_650\workspace\lpc_chip_18xx\Debug\liblpc_chip_18xx.a(chip_18xx_43xx.o)
 .debug_macro   0x0000798c      0x2ac C:\Users\Thomas\Documents\LPCXpresso_8.2.2_650\workspace\lpc_chip_18xx\Debug\liblpc_chip_18xx.a(clock_18xx_43xx.o)
 .debug_macro   0x00007c38      0x2ac C:\Users\Thomas\Documents\LPCXpresso_8.2.2_650\workspace\lpc_chip_18xx\Debug\liblpc_chip_18xx.a(emc_18xx_43xx.o)
 .debug_macro   0x00007ee4      0x2a6 C:\Users\Thomas\Documents\LPCXpresso_8.2.2_650\workspace\lpc_chip_18xx\Debug\liblpc_chip_18xx.a(gpio_18xx_43xx.o)
 .debug_macro   0x0000818a      0x2a6 C:\Users\Thomas\Documents\LPCXpresso_8.2.2_650\workspace\lpc_chip_18xx\Debug\liblpc_chip_18xx.a(sysinit_18xx_43xx.o)
 .debug_macro   0x00008430      0x2a6 C:\Users\Thomas\Documents\LPCXpresso_8.2.2_650\workspace\lpc_chip_18xx\Debug\liblpc_chip_18xx.a(uart_18xx_43xx.o)

.debug_line     0x00000000     0x7c75
 .debug_line    0x00000000      0x7c3 ./freertos/src/FreeRTOSCommonHooks.o
 .debug_line    0x000007c3      0x768 ./freertos/src/heap_3.o
 .debug_line    0x00000f2b      0x7b4 ./freertos/src/list.o
 .debug_line    0x000016df      0x89e ./freertos/src/port.o
 .debug_line    0x00001f7d      0xf21 ./freertos/src/tasks.o
 .debug_line    0x00002e9e      0x106 ./example/src/cr_startup_lpc18xx.o
 .debug_line    0x00002fa4      0x625 ./example/src/sysinit.o
 .debug_line    0x000035c9      0x826 ./example/src/uart.o
 .debug_line    0x00003def      0xbe8 C:\Users\Thomas\Documents\LPCXpresso_8.2.2_650\workspace\lpc_board_keil_mcb_1857\Debug\liblpc_board_keil_mcb_1857.a(board.o)
 .debug_line    0x000049d7      0x6ef C:\Users\Thomas\Documents\LPCXpresso_8.2.2_650\workspace\lpc_board_keil_mcb_1857\Debug\liblpc_board_keil_mcb_1857.a(board_sysinit.o)
 .debug_line    0x000050c6      0x5f3 C:\Users\Thomas\Documents\LPCXpresso_8.2.2_650\workspace\lpc_chip_18xx\Debug\liblpc_chip_18xx.a(chip_18xx_43xx.o)
 .debug_line    0x000056b9      0x9f0 C:\Users\Thomas\Documents\LPCXpresso_8.2.2_650\workspace\lpc_chip_18xx\Debug\liblpc_chip_18xx.a(clock_18xx_43xx.o)
 .debug_line    0x000060a9      0x702 C:\Users\Thomas\Documents\LPCXpresso_8.2.2_650\workspace\lpc_chip_18xx\Debug\liblpc_chip_18xx.a(emc_18xx_43xx.o)
 .debug_line    0x000067ab      0x599 C:\Users\Thomas\Documents\LPCXpresso_8.2.2_650\workspace\lpc_chip_18xx\Debug\liblpc_chip_18xx.a(gpio_18xx_43xx.o)
 .debug_line    0x00006d44      0x661 C:\Users\Thomas\Documents\LPCXpresso_8.2.2_650\workspace\lpc_chip_18xx\Debug\liblpc_chip_18xx.a(sysinit_18xx_43xx.o)
 .debug_line    0x000073a5      0x8d0 C:\Users\Thomas\Documents\LPCXpresso_8.2.2_650\workspace\lpc_chip_18xx\Debug\liblpc_chip_18xx.a(uart_18xx_43xx.o)

.debug_str      0x00000000    0x1b782
 .debug_str     0x00000000    0x16974 ./freertos/src/FreeRTOSCommonHooks.o
                              0x16a96 (size before relaxing)
 .debug_str     0x00016974      0x103 ./freertos/src/heap_3.o
                              0x16aa2 (size before relaxing)
 .debug_str     0x00016a77      0x139 ./freertos/src/list.o
                              0x167c3 (size before relaxing)
 .debug_str     0x00016bb0     0x112f ./freertos/src/port.o
                              0x17b44 (size before relaxing)
 .debug_str     0x00017cdf     0x16c4 ./freertos/src/tasks.o
                              0x18ce9 (size before relaxing)
 .debug_str     0x000193a3      0x1c5 ./example/src/cr_startup_lpc18xx.o
                               0x26ca (size before relaxing)
 .debug_str     0x00019568       0x4f ./example/src/sysinit.o
                              0x141f9 (size before relaxing)
 .debug_str     0x000195b7      0x1f2 ./example/src/uart.o
                              0x17615 (size before relaxing)
 .debug_str     0x000197a9      0xcf4 C:\Users\Thomas\Documents\LPCXpresso_8.2.2_650\workspace\lpc_board_keil_mcb_1857\Debug\liblpc_board_keil_mcb_1857.a(board.o)
                              0x159f0 (size before relaxing)
 .debug_str     0x0001a49d      0x669 C:\Users\Thomas\Documents\LPCXpresso_8.2.2_650\workspace\lpc_board_keil_mcb_1857\Debug\liblpc_board_keil_mcb_1857.a(board_sysinit.o)
                              0x153ae (size before relaxing)
 .debug_str     0x0001ab06       0xee C:\Users\Thomas\Documents\LPCXpresso_8.2.2_650\workspace\lpc_chip_18xx\Debug\liblpc_chip_18xx.a(chip_18xx_43xx.o)
                              0x140f4 (size before relaxing)
 .debug_str     0x0001abf4      0x5e1 C:\Users\Thomas\Documents\LPCXpresso_8.2.2_650\workspace\lpc_chip_18xx\Debug\liblpc_chip_18xx.a(clock_18xx_43xx.o)
                              0x14677 (size before relaxing)
 .debug_str     0x0001b1d5      0x184 C:\Users\Thomas\Documents\LPCXpresso_8.2.2_650\workspace\lpc_chip_18xx\Debug\liblpc_chip_18xx.a(emc_18xx_43xx.o)
                              0x13a2f (size before relaxing)
 .debug_str     0x0001b359       0x38 C:\Users\Thomas\Documents\LPCXpresso_8.2.2_650\workspace\lpc_chip_18xx\Debug\liblpc_chip_18xx.a(gpio_18xx_43xx.o)
                              0x1349e (size before relaxing)
 .debug_str     0x0001b391       0xb4 C:\Users\Thomas\Documents\LPCXpresso_8.2.2_650\workspace\lpc_chip_18xx\Debug\liblpc_chip_18xx.a(sysinit_18xx_43xx.o)
                              0x14135 (size before relaxing)
 .debug_str     0x0001b445      0x33d C:\Users\Thomas\Documents\LPCXpresso_8.2.2_650\workspace\lpc_chip_18xx\Debug\liblpc_chip_18xx.a(uart_18xx_43xx.o)
                              0x14299 (size before relaxing)

.comment        0x00000000       0xdc
 .comment       0x00000000       0x6e ./freertos/src/FreeRTOSCommonHooks.o
                                 0x6f (size before relaxing)
 .comment       0x0000006e       0x6f ./freertos/src/heap_3.o
 .comment       0x0000006e       0x6f ./freertos/src/list.o
 .comment       0x0000006e       0x6f ./freertos/src/port.o
 .comment       0x0000006e       0x6f ./freertos/src/tasks.o
 .comment       0x0000006e       0x6f ./example/src/cr_startup_lpc18xx.o
 .comment       0x0000006e       0x6f ./example/src/sysinit.o
 .comment       0x0000006e       0x6f ./example/src/uart.o
 .comment       0x0000006e       0x6f C:\Users\Thomas\Documents\LPCXpresso_8.2.2_650\workspace\lpc_board_keil_mcb_1857\Debug\liblpc_board_keil_mcb_1857.a(board.o)
 .comment       0x0000006e       0x6f C:\Users\Thomas\Documents\LPCXpresso_8.2.2_650\workspace\lpc_board_keil_mcb_1857\Debug\liblpc_board_keil_mcb_1857.a(board_sysinit.o)
 .comment       0x0000006e       0x6f C:\Users\Thomas\Documents\LPCXpresso_8.2.2_650\workspace\lpc_chip_18xx\Debug\liblpc_chip_18xx.a(chip_18xx_43xx.o)
 .comment       0x0000006e       0x6f C:\Users\Thomas\Documents\LPCXpresso_8.2.2_650\workspace\lpc_chip_18xx\Debug\liblpc_chip_18xx.a(clock_18xx_43xx.o)
 .comment       0x0000006e       0x6f C:\Users\Thomas\Documents\LPCXpresso_8.2.2_650\workspace\lpc_chip_18xx\Debug\liblpc_chip_18xx.a(emc_18xx_43xx.o)
 .comment       0x0000006e       0x6f C:\Users\Thomas\Documents\LPCXpresso_8.2.2_650\workspace\lpc_chip_18xx\Debug\liblpc_chip_18xx.a(gpio_18xx_43xx.o)
 .comment       0x0000006e       0x6f C:\Users\Thomas\Documents\LPCXpresso_8.2.2_650\workspace\lpc_chip_18xx\Debug\liblpc_chip_18xx.a(sysinit_18xx_43xx.o)
 .comment       0x0000006e       0x6f C:\Users\Thomas\Documents\LPCXpresso_8.2.2_650\workspace\lpc_chip_18xx\Debug\liblpc_chip_18xx.a(uart_18xx_43xx.o)
 .comment       0x0000006e       0x6e c:/nxp/lpcxpresso_8.2.2_650/lpcxpresso/tools/bin/../lib/gcc/arm-none-eabi/5.4.1/../../../../arm-none-eabi/lib/armv7-m\libcr_nohost.a(_cr__main.o)
                                 0x6f (size before relaxing)
 .comment       0x000000dc       0x6f c:/nxp/lpcxpresso_8.2.2_650/lpcxpresso/tools/bin/../lib/gcc/arm-none-eabi/5.4.1/../../../../arm-none-eabi/lib/armv7-m\libcr_c.a(memset.o)
 .comment       0x000000dc       0x6f c:/nxp/lpcxpresso_8.2.2_650/lpcxpresso/tools/bin/../lib/gcc/arm-none-eabi/5.4.1/../../../../arm-none-eabi/lib/armv7-m\libcr_c.a(alloc.o)
 .comment       0x000000dc       0x6f c:/nxp/lpcxpresso_8.2.2_650/lpcxpresso/tools/bin/../lib/gcc/arm-none-eabi/5.4.1/../../../../arm-none-eabi/lib/armv7-m\libcr_c.a(initio.o)
 .comment       0x000000dc       0x6f c:/nxp/lpcxpresso_8.2.2_650/lpcxpresso/tools/bin/../lib/gcc/arm-none-eabi/5.4.1/../../../../arm-none-eabi/lib/armv7-m\libcr_c.a(setvbuf.o)
 .comment       0x000000dc       0x6f c:/nxp/lpcxpresso_8.2.2_650/lpcxpresso/tools/bin/../lib/gcc/arm-none-eabi/5.4.1/../../../../arm-none-eabi/lib/armv7-m\libcr_c.a(stdio.o)
 .comment       0x000000dc       0x6f c:/nxp/lpcxpresso_8.2.2_650/lpcxpresso/tools/bin/../lib/gcc/arm-none-eabi/5.4.1/../../../../arm-none-eabi/lib/armv7-m\libcr_c.a(strlen.o)
 .comment       0x000000dc       0x6f c:/nxp/lpcxpresso_8.2.2_650/lpcxpresso/tools/bin/../lib/gcc/arm-none-eabi/5.4.1/../../../../arm-none-eabi/lib/armv7-m\libcr_c.a(__init_alloc.o)
 .comment       0x000000dc       0x6f c:/nxp/lpcxpresso_8.2.2_650/lpcxpresso/tools/bin/../lib/gcc/arm-none-eabi/5.4.1/../../../../arm-none-eabi/lib/armv7-m\libcr_c.a(_cr_sbrk.o)
 .comment       0x000000dc       0x6f c:/nxp/lpcxpresso_8.2.2_650/lpcxpresso/tools/bin/../lib/gcc/arm-none-eabi/5.4.1/../../../../arm-none-eabi/lib/armv7-m\libcr_c.a(_deferredlazyseek.o)
 .comment       0x000000dc       0x6f c:/nxp/lpcxpresso_8.2.2_650/lpcxpresso/tools/bin/../lib/gcc/arm-none-eabi/5.4.1/../../../../arm-none-eabi/lib/armv7-m\libcr_c.a(_fdopen.o)
 .comment       0x000000dc       0x6f c:/nxp/lpcxpresso_8.2.2_650/lpcxpresso/tools/bin/../lib/gcc/arm-none-eabi/5.4.1/../../../../arm-none-eabi/lib/armv7-m\libcr_c.a(_fflush.o)
 .comment       0x000000dc       0x6f c:/nxp/lpcxpresso_8.2.2_650/lpcxpresso/tools/bin/../lib/gcc/arm-none-eabi/5.4.1/../../../../arm-none-eabi/lib/armv7-m\libcr_c.a(_writebuf.o)
 .comment       0x000000dc       0x6f c:/nxp/lpcxpresso_8.2.2_650/lpcxpresso/tools/bin/../lib/gcc/arm-none-eabi/5.4.1/../../../../arm-none-eabi/lib/armv7-m\libcr_c.a(errno.o)
 .comment       0x000000dc       0x6f c:/nxp/lpcxpresso_8.2.2_650/lpcxpresso/tools/bin/../lib/gcc/arm-none-eabi/5.4.1/../../../../arm-none-eabi/lib/armv7-m\libcr_c.a(fclose.o)
 .comment       0x000000dc       0x6f c:/nxp/lpcxpresso_8.2.2_650/lpcxpresso/tools/bin/../lib/gcc/arm-none-eabi/5.4.1/../../../../arm-none-eabi/lib/armv7-m\libcr_c.a(fflush.o)
 .comment       0x000000dc       0x6f c:/nxp/lpcxpresso_8.2.2_650/lpcxpresso/tools/bin/../lib/gcc/arm-none-eabi/5.4.1/../../../../arm-none-eabi/lib/armv7-m\libcr_c.a(fseek.o)
 .comment       0x000000dc       0x6f c:/nxp/lpcxpresso_8.2.2_650/lpcxpresso/tools/bin/../lib/gcc/arm-none-eabi/5.4.1/../../../../arm-none-eabi/lib/armv7-m\libcr_c.a(ftell.o)
 .comment       0x000000dc       0x6f c:/nxp/lpcxpresso_8.2.2_650/lpcxpresso/tools/bin/../lib/gcc/arm-none-eabi/5.4.1/../../../../arm-none-eabi/lib/armv7-m\libcr_c.a(remove.o)
 .comment       0x000000dc       0x6f c:/nxp/lpcxpresso_8.2.2_650/lpcxpresso/tools/bin/../lib/gcc/arm-none-eabi/5.4.1/../../../../arm-none-eabi/lib/armv7-m\libcr_c.a(_cr_check_heap.o)
 .comment       0x000000dc       0x6f c:/nxp/lpcxpresso_8.2.2_650/lpcxpresso/tools/bin/../lib/gcc/arm-none-eabi/5.4.1/../../../../arm-none-eabi/lib/armv7-m\libcr_c.a(_do_fflush.o)
 .comment       0x000000dc       0x6f c:/nxp/lpcxpresso_8.2.2_650/lpcxpresso/tools/bin/../lib/gcc/arm-none-eabi/5.4.1/../../../../arm-none-eabi/lib/armv7-m\libcr_nohost.a(__sys_appexit.o)
 .comment       0x000000dc       0x6f c:/nxp/lpcxpresso_8.2.2_650/lpcxpresso/tools/bin/../lib/gcc/arm-none-eabi/5.4.1/../../../../arm-none-eabi/lib/armv7-m\libcr_nohost.a(__sys_close.o)
 .comment       0x000000dc       0x6f c:/nxp/lpcxpresso_8.2.2_650/lpcxpresso/tools/bin/../lib/gcc/arm-none-eabi/5.4.1/../../../../arm-none-eabi/lib/armv7-m\libcr_nohost.a(__sys_flen.o)
 .comment       0x000000dc       0x6f c:/nxp/lpcxpresso_8.2.2_650/lpcxpresso/tools/bin/../lib/gcc/arm-none-eabi/5.4.1/../../../../arm-none-eabi/lib/armv7-m\libcr_nohost.a(__sys_istty.o)
 .comment       0x000000dc       0x6f c:/nxp/lpcxpresso_8.2.2_650/lpcxpresso/tools/bin/../lib/gcc/arm-none-eabi/5.4.1/../../../../arm-none-eabi/lib/armv7-m\libcr_nohost.a(__sys_remove.o)
 .comment       0x000000dc       0x6f c:/nxp/lpcxpresso_8.2.2_650/lpcxpresso/tools/bin/../lib/gcc/arm-none-eabi/5.4.1/../../../../arm-none-eabi/lib/armv7-m\libcr_nohost.a(__sys_seek.o)
 .comment       0x000000dc       0x6f c:/nxp/lpcxpresso_8.2.2_650/lpcxpresso/tools/bin/../lib/gcc/arm-none-eabi/5.4.1/../../../../arm-none-eabi/lib/armv7-m\libcr_nohost.a(__sys_tmpnam.o)

.ARM.attributes
                0x00000000       0x31
 .ARM.attributes
                0x00000000       0x33 ./freertos/src/FreeRTOSCommonHooks.o
 .ARM.attributes
                0x00000033       0x33 ./freertos/src/heap_3.o
 .ARM.attributes
                0x00000066       0x33 ./freertos/src/list.o
 .ARM.attributes
                0x00000099       0x33 ./freertos/src/port.o
 .ARM.attributes
                0x000000cc       0x33 ./freertos/src/tasks.o
 .ARM.attributes
                0x000000ff       0x33 ./example/src/cr_startup_lpc18xx.o
 .ARM.attributes
                0x00000132       0x33 ./example/src/sysinit.o
 .ARM.attributes
                0x00000165       0x33 ./example/src/uart.o
 .ARM.attributes
                0x00000198       0x33 C:\Users\Thomas\Documents\LPCXpresso_8.2.2_650\workspace\lpc_board_keil_mcb_1857\Debug\liblpc_board_keil_mcb_1857.a(board.o)
 .ARM.attributes
                0x000001cb       0x33 C:\Users\Thomas\Documents\LPCXpresso_8.2.2_650\workspace\lpc_board_keil_mcb_1857\Debug\liblpc_board_keil_mcb_1857.a(board_sysinit.o)
 .ARM.attributes
                0x000001fe       0x33 C:\Users\Thomas\Documents\LPCXpresso_8.2.2_650\workspace\lpc_chip_18xx\Debug\liblpc_chip_18xx.a(chip_18xx_43xx.o)
 .ARM.attributes
                0x00000231       0x33 C:\Users\Thomas\Documents\LPCXpresso_8.2.2_650\workspace\lpc_chip_18xx\Debug\liblpc_chip_18xx.a(clock_18xx_43xx.o)
 .ARM.attributes
                0x00000264       0x33 C:\Users\Thomas\Documents\LPCXpresso_8.2.2_650\workspace\lpc_chip_18xx\Debug\liblpc_chip_18xx.a(emc_18xx_43xx.o)
 .ARM.attributes
                0x00000297       0x33 C:\Users\Thomas\Documents\LPCXpresso_8.2.2_650\workspace\lpc_chip_18xx\Debug\liblpc_chip_18xx.a(gpio_18xx_43xx.o)
 .ARM.attributes
                0x000002ca       0x33 C:\Users\Thomas\Documents\LPCXpresso_8.2.2_650\workspace\lpc_chip_18xx\Debug\liblpc_chip_18xx.a(sysinit_18xx_43xx.o)
 .ARM.attributes
                0x000002fd       0x33 C:\Users\Thomas\Documents\LPCXpresso_8.2.2_650\workspace\lpc_chip_18xx\Debug\liblpc_chip_18xx.a(uart_18xx_43xx.o)
 .ARM.attributes
                0x00000330       0x33 c:/nxp/lpcxpresso_8.2.2_650/lpcxpresso/tools/bin/../lib/gcc/arm-none-eabi/5.4.1/../../../../arm-none-eabi/lib/armv7-m\libcr_nohost.a(_cr__main.o)
 .ARM.attributes
                0x00000363       0x33 c:/nxp/lpcxpresso_8.2.2_650/lpcxpresso/tools/bin/../lib/gcc/arm-none-eabi/5.4.1/../../../../arm-none-eabi/lib/armv7-m\libcr_c.a(memset.o)
 .ARM.attributes
                0x00000396       0x33 c:/nxp/lpcxpresso_8.2.2_650/lpcxpresso/tools/bin/../lib/gcc/arm-none-eabi/5.4.1/../../../../arm-none-eabi/lib/armv7-m\libcr_c.a(alloc.o)
 .ARM.attributes
                0x000003c9       0x33 c:/nxp/lpcxpresso_8.2.2_650/lpcxpresso/tools/bin/../lib/gcc/arm-none-eabi/5.4.1/../../../../arm-none-eabi/lib/armv7-m\libcr_c.a(initio.o)
 .ARM.attributes
                0x000003fc       0x33 c:/nxp/lpcxpresso_8.2.2_650/lpcxpresso/tools/bin/../lib/gcc/arm-none-eabi/5.4.1/../../../../arm-none-eabi/lib/armv7-m\libcr_c.a(setvbuf.o)
 .ARM.attributes
                0x0000042f       0x33 c:/nxp/lpcxpresso_8.2.2_650/lpcxpresso/tools/bin/../lib/gcc/arm-none-eabi/5.4.1/../../../../arm-none-eabi/lib/armv7-m\libcr_c.a(stdio.o)
 .ARM.attributes
                0x00000462       0x33 c:/nxp/lpcxpresso_8.2.2_650/lpcxpresso/tools/bin/../lib/gcc/arm-none-eabi/5.4.1/../../../../arm-none-eabi/lib/armv7-m\libcr_c.a(strlen.o)
 .ARM.attributes
                0x00000495       0x33 c:/nxp/lpcxpresso_8.2.2_650/lpcxpresso/tools/bin/../lib/gcc/arm-none-eabi/5.4.1/../../../../arm-none-eabi/lib/armv7-m\libcr_c.a(__init_alloc.o)
 .ARM.attributes
                0x000004c8       0x33 c:/nxp/lpcxpresso_8.2.2_650/lpcxpresso/tools/bin/../lib/gcc/arm-none-eabi/5.4.1/../../../../arm-none-eabi/lib/armv7-m\libcr_c.a(_cr_sbrk.o)
 .ARM.attributes
                0x000004fb       0x33 c:/nxp/lpcxpresso_8.2.2_650/lpcxpresso/tools/bin/../lib/gcc/arm-none-eabi/5.4.1/../../../../arm-none-eabi/lib/armv7-m\libcr_c.a(_deferredlazyseek.o)
 .ARM.attributes
                0x0000052e       0x33 c:/nxp/lpcxpresso_8.2.2_650/lpcxpresso/tools/bin/../lib/gcc/arm-none-eabi/5.4.1/../../../../arm-none-eabi/lib/armv7-m\libcr_c.a(_fdopen.o)
 .ARM.attributes
                0x00000561       0x33 c:/nxp/lpcxpresso_8.2.2_650/lpcxpresso/tools/bin/../lib/gcc/arm-none-eabi/5.4.1/../../../../arm-none-eabi/lib/armv7-m\libcr_c.a(_fflush.o)
 .ARM.attributes
                0x00000594       0x33 c:/nxp/lpcxpresso_8.2.2_650/lpcxpresso/tools/bin/../lib/gcc/arm-none-eabi/5.4.1/../../../../arm-none-eabi/lib/armv7-m\libcr_c.a(_writebuf.o)
 .ARM.attributes
                0x000005c7       0x33 c:/nxp/lpcxpresso_8.2.2_650/lpcxpresso/tools/bin/../lib/gcc/arm-none-eabi/5.4.1/../../../../arm-none-eabi/lib/armv7-m\libcr_c.a(errno.o)
 .ARM.attributes
                0x000005fa       0x33 c:/nxp/lpcxpresso_8.2.2_650/lpcxpresso/tools/bin/../lib/gcc/arm-none-eabi/5.4.1/../../../../arm-none-eabi/lib/armv7-m\libcr_c.a(fclose.o)
 .ARM.attributes
                0x0000062d       0x33 c:/nxp/lpcxpresso_8.2.2_650/lpcxpresso/tools/bin/../lib/gcc/arm-none-eabi/5.4.1/../../../../arm-none-eabi/lib/armv7-m\libcr_c.a(fflush.o)
 .ARM.attributes
                0x00000660       0x33 c:/nxp/lpcxpresso_8.2.2_650/lpcxpresso/tools/bin/../lib/gcc/arm-none-eabi/5.4.1/../../../../arm-none-eabi/lib/armv7-m\libcr_c.a(fseek.o)
 .ARM.attributes
                0x00000693       0x33 c:/nxp/lpcxpresso_8.2.2_650/lpcxpresso/tools/bin/../lib/gcc/arm-none-eabi/5.4.1/../../../../arm-none-eabi/lib/armv7-m\libcr_c.a(ftell.o)
 .ARM.attributes
                0x000006c6       0x33 c:/nxp/lpcxpresso_8.2.2_650/lpcxpresso/tools/bin/../lib/gcc/arm-none-eabi/5.4.1/../../../../arm-none-eabi/lib/armv7-m\libcr_c.a(remove.o)
 .ARM.attributes
                0x000006f9       0x33 c:/nxp/lpcxpresso_8.2.2_650/lpcxpresso/tools/bin/../lib/gcc/arm-none-eabi/5.4.1/../../../../arm-none-eabi/lib/armv7-m\libcr_c.a(_cr_check_heap.o)
 .ARM.attributes
                0x0000072c       0x33 c:/nxp/lpcxpresso_8.2.2_650/lpcxpresso/tools/bin/../lib/gcc/arm-none-eabi/5.4.1/../../../../arm-none-eabi/lib/armv7-m\libcr_c.a(_do_fflush.o)
 .ARM.attributes
                0x0000075f       0x21 c:/nxp/lpcxpresso_8.2.2_650/lpcxpresso/tools/bin/../lib/gcc/arm-none-eabi/5.4.1/armv7-m\libcr_eabihelpers.a(memcpy.o)
 .ARM.attributes
                0x00000780       0x33 c:/nxp/lpcxpresso_8.2.2_650/lpcxpresso/tools/bin/../lib/gcc/arm-none-eabi/5.4.1/../../../../arm-none-eabi/lib/armv7-m\libcr_nohost.a(__sys_appexit.o)
 .ARM.attributes
                0x000007b3       0x33 c:/nxp/lpcxpresso_8.2.2_650/lpcxpresso/tools/bin/../lib/gcc/arm-none-eabi/5.4.1/../../../../arm-none-eabi/lib/armv7-m\libcr_nohost.a(__sys_close.o)
 .ARM.attributes
                0x000007e6       0x33 c:/nxp/lpcxpresso_8.2.2_650/lpcxpresso/tools/bin/../lib/gcc/arm-none-eabi/5.4.1/../../../../arm-none-eabi/lib/armv7-m\libcr_nohost.a(__sys_flen.o)
 .ARM.attributes
                0x00000819       0x33 c:/nxp/lpcxpresso_8.2.2_650/lpcxpresso/tools/bin/../lib/gcc/arm-none-eabi/5.4.1/../../../../arm-none-eabi/lib/armv7-m\libcr_nohost.a(__sys_istty.o)
 .ARM.attributes
                0x0000084c       0x33 c:/nxp/lpcxpresso_8.2.2_650/lpcxpresso/tools/bin/../lib/gcc/arm-none-eabi/5.4.1/../../../../arm-none-eabi/lib/armv7-m\libcr_nohost.a(__sys_remove.o)
 .ARM.attributes
                0x0000087f       0x33 c:/nxp/lpcxpresso_8.2.2_650/lpcxpresso/tools/bin/../lib/gcc/arm-none-eabi/5.4.1/../../../../arm-none-eabi/lib/armv7-m\libcr_nohost.a(__sys_seek.o)
 .ARM.attributes
                0x000008b2       0x33 c:/nxp/lpcxpresso_8.2.2_650/lpcxpresso/tools/bin/../lib/gcc/arm-none-eabi/5.4.1/../../../../arm-none-eabi/lib/armv7-m\libcr_nohost.a(__sys_tmpnam.o)

.debug_frame    0x00000000     0x2474
 .debug_frame   0x00000000       0xb0 ./freertos/src/FreeRTOSCommonHooks.o
 .debug_frame   0x000000b0       0x58 ./freertos/src/heap_3.o
 .debug_frame   0x00000108       0xd8 ./freertos/src/list.o
 .debug_frame   0x000001e0      0x198 ./freertos/src/port.o
 .debug_frame   0x00000378      0x6cc ./freertos/src/tasks.o
 .debug_frame   0x00000a44      0x170 ./example/src/cr_startup_lpc18xx.o
 .debug_frame   0x00000bb4       0x34 ./example/src/sysinit.o
 .debug_frame   0x00000be8      0x178 ./example/src/uart.o
 .debug_frame   0x00000d60      0x7e8 C:\Users\Thomas\Documents\LPCXpresso_8.2.2_650\workspace\lpc_board_keil_mcb_1857\Debug\liblpc_board_keil_mcb_1857.a(board.o)
 .debug_frame   0x00001548      0x130 C:\Users\Thomas\Documents\LPCXpresso_8.2.2_650\workspace\lpc_board_keil_mcb_1857\Debug\liblpc_board_keil_mcb_1857.a(board_sysinit.o)
 .debug_frame   0x00001678       0xa0 C:\Users\Thomas\Documents\LPCXpresso_8.2.2_650\workspace\lpc_chip_18xx\Debug\liblpc_chip_18xx.a(chip_18xx_43xx.o)
 .debug_frame   0x00001718      0x568 C:\Users\Thomas\Documents\LPCXpresso_8.2.2_650\workspace\lpc_chip_18xx\Debug\liblpc_chip_18xx.a(clock_18xx_43xx.o)
 .debug_frame   0x00001c80      0x1bc C:\Users\Thomas\Documents\LPCXpresso_8.2.2_650\workspace\lpc_chip_18xx\Debug\liblpc_chip_18xx.a(emc_18xx_43xx.o)
 .debug_frame   0x00001e3c       0x60 C:\Users\Thomas\Documents\LPCXpresso_8.2.2_650\workspace\lpc_chip_18xx\Debug\liblpc_chip_18xx.a(gpio_18xx_43xx.o)
 .debug_frame   0x00001e9c       0xf4 C:\Users\Thomas\Documents\LPCXpresso_8.2.2_650\workspace\lpc_chip_18xx\Debug\liblpc_chip_18xx.a(sysinit_18xx_43xx.o)
 .debug_frame   0x00001f90      0x4e4 C:\Users\Thomas\Documents\LPCXpresso_8.2.2_650\workspace\lpc_chip_18xx\Debug\liblpc_chip_18xx.a(uart_18xx_43xx.o)
